<?xml version="1.0" encoding="UTF-8"?>
<map:map xmlns:map="http://www.indy.com/v2/map" id="_3nZyQDXEEe2Sd_Hpmn5gBA" internalVersion="8" tech="resource.tech#_waYSMH8VEd2__Mzb_dB76A?fileId=_waYSMH8VEd2__Mzb_dB76A$type=tech$name=flow?">
  <datastore id="_3nZyQTXEEe2Sd_Hpmn5gBA" alias="t_customer" dataset="_3neqwDXEEe2Sd_Hpmn5gBA" ref="resource.md#_QDlxjzXBEe2goMzdputf-Q?fileId=_QDlKEDXBEe2goMzdputf-Q$type=md$name=t_customer?">
    <field id="_3nZyQjXEEe2Sd_Hpmn5gBA" fullAlias="tit_code" name="tit_code" ref="resource.md#_QDmYNTXBEe2goMzdputf-Q?fileId=_QDlKEDXBEe2goMzdputf-Q$type=md$name=tit_code?"/>
    <field id="_3nZyQzXEEe2Sd_Hpmn5gBA" fullAlias="cus_last_name" name="cus_last_name" ref="resource.md#_QDmYPTXBEe2goMzdputf-Q?fileId=_QDlKEDXBEe2goMzdputf-Q$type=md$name=cus_last_name?"/>
    <field id="_3nZyRDXEEe2Sd_Hpmn5gBA" fullAlias="cus_birth_date" name="cus_birth_date" ref="resource.md#_QDmYVTXBEe2goMzdputf-Q?fileId=_QDlKEDXBEe2goMzdputf-Q$type=md$name=cus_birth_date?"/>
    <field id="_3nZyRTXEEe2Sd_Hpmn5gBA" fullAlias="cus_id" name="cus_id" ref="resource.md#_QDlxkjXBEe2goMzdputf-Q?fileId=_QDlKEDXBEe2goMzdputf-Q$type=md$name=cus_id?" updateKey="true"/>
    <field id="_3nZyRjXEEe2Sd_Hpmn5gBA" fullAlias="cus_company" name="cus_company" ref="resource.md#_QDmYTTXBEe2goMzdputf-Q?fileId=_QDlKEDXBEe2goMzdputf-Q$type=md$name=cus_company?"/>
    <field id="_3nZyRzXEEe2Sd_Hpmn5gBA" fullAlias="cus_first_name" name="cus_first_name" ref="resource.md#_QDmYRTXBEe2goMzdputf-Q?fileId=_QDlKEDXBEe2goMzdputf-Q$type=md$name=cus_first_name?"/>
    <constraint id="_3naZUDXEEe2Sd_Hpmn5gBA" name="pk_t_customer" ref="resource.md#_QDmYXTXBEe2goMzdputf-Q?fileId=_QDlKEDXBEe2goMzdputf-Q$type=md$name=pk_t_customer?" reject="true"/>
    <constraint id="_3naZUTXEEe2Sd_Hpmn5gBA" name="fk_customer_title" ref="resource.md#_QDmYYDXBEe2goMzdputf-Q?fileId=_QDlKEDXBEe2goMzdputf-Q$type=md$name=fk_customer_title?" reject="true"/>
  </datastore>
  <datastore id="_3naZUjXEEe2Sd_Hpmn5gBA" alias="t_title" dataset="_3neqwDXEEe2Sd_Hpmn5gBA" ref="resource.md#_QDlxeTXBEe2goMzdputf-Q?fileId=_QDlKEDXBEe2goMzdputf-Q$type=md$name=t_title?">
    <field id="_3naZUzXEEe2Sd_Hpmn5gBA" fullAlias="tit_code" name="tit_code" ref="resource.md#_QDlxfDXBEe2goMzdputf-Q?fileId=_QDlKEDXBEe2goMzdputf-Q$type=md$name=tit_code?" updateKey="true"/>
    <field id="_3naZVDXEEe2Sd_Hpmn5gBA" fullAlias="tit_name" name="tit_name" ref="resource.md#_QDlxhDXBEe2goMzdputf-Q?fileId=_QDlKEDXBEe2goMzdputf-Q$type=md$name=tit_name?"/>
    <constraint id="_3naZVTXEEe2Sd_Hpmn5gBA" name="pk_t_title" ref="resource.md#_QDlxjDXBEe2goMzdputf-Q?fileId=_QDlKEDXBEe2goMzdputf-Q$type=md$name=pk_t_title?" reject="true"/>
  </datastore>
  <datastore id="_3nbAYDXEEe2Sd_Hpmn5gBA" alias="t_phone" dataset="_3neqwDXEEe2Sd_Hpmn5gBA" ref="resource.md#_QDrQvjXBEe2goMzdputf-Q?fileId=_QDlKEDXBEe2goMzdputf-Q$type=md$name=t_phone?">
    <field id="_3nbAYTXEEe2Sd_Hpmn5gBA" fullAlias="pho_phoning_allowed" name="pho_phoning_allowed" ref="resource.md#_QDrQ4TXBEe2goMzdputf-Q?fileId=_QDlKEDXBEe2goMzdputf-Q$type=md$name=pho_phoning_allowed?"/>
    <field id="_3nbncDXEEe2Sd_Hpmn5gBA" fullAlias="pho_id" name="pho_id" ref="resource.md#_QDrQwTXBEe2goMzdputf-Q?fileId=_QDlKEDXBEe2goMzdputf-Q$type=md$name=pho_id?" updateKey="true"/>
    <field id="_3nbncTXEEe2Sd_Hpmn5gBA" fullAlias="cus_id" name="cus_id" ref="resource.md#_QDrQyTXBEe2goMzdputf-Q?fileId=_QDlKEDXBEe2goMzdputf-Q$type=md$name=cus_id?"/>
    <field id="_3nbncjXEEe2Sd_Hpmn5gBA" fullAlias="pho_number" name="pho_number" ref="resource.md#_QDrQ2TXBEe2goMzdputf-Q?fileId=_QDlKEDXBEe2goMzdputf-Q$type=md$name=pho_number?"/>
    <field id="_3nbnczXEEe2Sd_Hpmn5gBA" fullAlias="pht_code" name="pht_code" ref="resource.md#_QDrQ0TXBEe2goMzdputf-Q?fileId=_QDlKEDXBEe2goMzdputf-Q$type=md$name=pht_code?"/>
    <constraint id="_3nbndDXEEe2Sd_Hpmn5gBA" name="fk_phone_phone_type" ref="resource.md#_QDrQ8DXBEe2goMzdputf-Q?fileId=_QDlKEDXBEe2goMzdputf-Q$type=md$name=fk_phone_phone_type?" reject="true"/>
    <constraint id="_3nbndTXEEe2Sd_Hpmn5gBA" name="fk_phone_customer" ref="resource.md#_QDrQ7DXBEe2goMzdputf-Q?fileId=_QDlKEDXBEe2goMzdputf-Q$type=md$name=fk_phone_customer?" reject="true"/>
    <constraint id="_3nbndjXEEe2Sd_Hpmn5gBA" name="pk_t_phone" ref="resource.md#_QDrQ6TXBEe2goMzdputf-Q?fileId=_QDlKEDXBEe2goMzdputf-Q$type=md$name=pk_t_phone?" reject="true"/>
  </datastore>
  <datastore id="_3nbndzXEEe2Sd_Hpmn5gBA" alias="t_phone_type" dataset="_3neqwDXEEe2Sd_Hpmn5gBA" ref="resource.md#_QDrRIDXBEe2goMzdputf-Q?fileId=_QDlKEDXBEe2goMzdputf-Q$type=md$name=t_phone_type?">
    <field id="_3nbneDXEEe2Sd_Hpmn5gBA" fullAlias="pht_code" name="pht_code" ref="resource.md#_QDrRIzXBEe2goMzdputf-Q?fileId=_QDlKEDXBEe2goMzdputf-Q$type=md$name=pht_code?" updateKey="true"/>
    <field id="_3nbneTXEEe2Sd_Hpmn5gBA" fullAlias="pht_name" name="pht_name" ref="resource.md#_QDrRKzXBEe2goMzdputf-Q?fileId=_QDlKEDXBEe2goMzdputf-Q$type=md$name=pht_name?"/>
    <constraint id="_3nbnejXEEe2Sd_Hpmn5gBA" name="pk_t_phone_type" ref="resource.md#_QDrRMzXBEe2goMzdputf-Q?fileId=_QDlKEDXBEe2goMzdputf-Q$type=md$name=pk_t_phone_type?" reject="true"/>
  </datastore>
  <datastore id="_3nbnezXEEe2Sd_Hpmn5gBA" alias="t_address" dataset="_3neqwDXEEe2Sd_Hpmn5gBA" ref="resource.md#_QDo0rzXBEe2goMzdputf-Q?fileId=_QDlKEDXBEe2goMzdputf-Q$type=md$name=t_address?">
    <field id="_3nbnfDXEEe2Sd_Hpmn5gBA" name="adr_lon" ref="resource.md#_QDo06jXBEe2goMzdputf-Q?fileId=_QDlKEDXBEe2goMzdputf-Q$type=md$name=adr_lon?"/>
    <field id="_3nbnfTXEEe2Sd_Hpmn5gBA" fullAlias="cus_id" name="cus_id" ref="resource.md#_QDo0ujXBEe2goMzdputf-Q?fileId=_QDlKEDXBEe2goMzdputf-Q$type=md$name=cus_id?"/>
    <field id="_3nbnfjXEEe2Sd_Hpmn5gBA" fullAlias="adr_city" name="adr_city" ref="resource.md#_QDo00jXBEe2goMzdputf-Q?fileId=_QDlKEDXBEe2goMzdputf-Q$type=md$name=adr_city?"/>
    <field id="_3ncOgDXEEe2Sd_Hpmn5gBA" name="adr_lat" ref="resource.md#_QDo04jXBEe2goMzdputf-Q?fileId=_QDlKEDXBEe2goMzdputf-Q$type=md$name=adr_lat?"/>
    <field id="_3ncOgTXEEe2Sd_Hpmn5gBA" fullAlias="adr_zip_code" name="adr_zip_code" ref="resource.md#_QDo0yjXBEe2goMzdputf-Q?fileId=_QDlKEDXBEe2goMzdputf-Q$type=md$name=adr_zip_code?"/>
    <field id="_3ncOgjXEEe2Sd_Hpmn5gBA" fullAlias="adr_id" name="adr_id" ref="resource.md#_QDo0sjXBEe2goMzdputf-Q?fileId=_QDlKEDXBEe2goMzdputf-Q$type=md$name=adr_id?" updateKey="true"/>
    <field id="_3ncOgzXEEe2Sd_Hpmn5gBA" fullAlias="adr_details" name="adr_details" ref="resource.md#_QDo0wjXBEe2goMzdputf-Q?fileId=_QDlKEDXBEe2goMzdputf-Q$type=md$name=adr_details?"/>
    <field id="_3ncOhDXEEe2Sd_Hpmn5gBA" fullAlias="adr_state_code" name="adr_state_code" ref="resource.md#_QDo02jXBEe2goMzdputf-Q?fileId=_QDlKEDXBEe2goMzdputf-Q$type=md$name=adr_state_code?"/>
    <constraint id="_3ncOhTXEEe2Sd_Hpmn5gBA" name="fk_address_customer" ref="resource.md#_QDo09TXBEe2goMzdputf-Q?fileId=_QDlKEDXBEe2goMzdputf-Q$type=md$name=fk_address_customer?" reject="true"/>
    <constraint id="_3ncOhjXEEe2Sd_Hpmn5gBA" name="pk_t_address" ref="resource.md#_QDo08jXBEe2goMzdputf-Q?fileId=_QDlKEDXBEe2goMzdputf-Q$type=md$name=pk_t_address?" reject="true"/>
  </datastore>
  <datastore id="_3ncOhzXEEe2Sd_Hpmn5gBA" alias="t_email" dataset="_3neqwDXEEe2Sd_Hpmn5gBA" ref="resource.md#_QDm_eTXBEe2goMzdputf-Q?fileId=_QDlKEDXBEe2goMzdputf-Q$type=md$name=t_email?">
    <field id="_3ncOiDXEEe2Sd_Hpmn5gBA" fullAlias="eml_mailing_allowed" name="eml_mailing_allowed" ref="resource.md#_QDnmXzXBEe2goMzdputf-Q?fileId=_QDlKEDXBEe2goMzdputf-Q$type=md$name=eml_mailing_allowed?"/>
    <field id="_3ncOiTXEEe2Sd_Hpmn5gBA" fullAlias="eml_id" name="eml_id" ref="resource.md#_QDm_fDXBEe2goMzdputf-Q?fileId=_QDlKEDXBEe2goMzdputf-Q$type=md$name=eml_id?" updateKey="true"/>
    <field id="_3ncOijXEEe2Sd_Hpmn5gBA" fullAlias="cus_id" name="cus_id" ref="resource.md#_QDm_hDXBEe2goMzdputf-Q?fileId=_QDlKEDXBEe2goMzdputf-Q$type=md$name=cus_id?"/>
    <field id="_3ncOizXEEe2Sd_Hpmn5gBA" fullAlias="eml_type" name="eml_type" ref="resource.md#_QDnmVzXBEe2goMzdputf-Q?fileId=_QDlKEDXBEe2goMzdputf-Q$type=md$name=eml_type?"/>
    <field id="_3ncOjDXEEe2Sd_Hpmn5gBA" fullAlias="eml_address" name="eml_address" ref="resource.md#_QDm_jDXBEe2goMzdputf-Q?fileId=_QDlKEDXBEe2goMzdputf-Q$type=md$name=eml_address?"/>
    <constraint id="_3ncOjTXEEe2Sd_Hpmn5gBA" name="fk_email_customer" ref="resource.md#_QDoNZzXBEe2goMzdputf-Q?fileId=_QDlKEDXBEe2goMzdputf-Q$type=md$name=fk_email_customer?" reject="true"/>
    <constraint id="_3ncOjjXEEe2Sd_Hpmn5gBA" name="pk_t_email" ref="resource.md#_QDoNZDXBEe2goMzdputf-Q?fileId=_QDlKEDXBEe2goMzdputf-Q$type=md$name=pk_t_email?" reject="true"/>
  </datastore>
  <datastore id="_3ncOjzXEEe2Sd_Hpmn5gBA" alias="customerDetails" dataset="_3neqwTXEEe2Sd_Hpmn5gBA" ref="resource.md#_Yjf8vTXBEe2goMzdputf-Q?fileId=_Yjf8sDXBEe2goMzdputf-Q$type=md$name=customerDetails?" subExpression="[A]">
    <field id="_3ncOkDXEEe2Sd_Hpmn5gBA" enable="true" expand="true" insert="true" name="address" parent="_3nc1rDXEEe2Sd_Hpmn5gBA" ref="resource.md#_YjgjwzXBEe2goMzdputf-Q?fileId=_Yjf8sDXBEe2goMzdputf-Q$type=md$name=address?" update="true" updateKey="true">
      <expression id="_3ncOkTXEEe2Sd_Hpmn5gBA" setDescriptorRef="_3nc1vjXEEe2Sd_Hpmn5gBA">
        <expression>T_address.adr_zip_code|| t_address.adr_id</expression>
      </expression>
    </field>
    <field id="_3ncOkjXEEe2Sd_Hpmn5gBA" enable="true" insert="true" name="customerId" parent="_3nc1rDXEEe2Sd_Hpmn5gBA" ref="resource.md#_Yjf8xTXBEe2goMzdputf-Q?fileId=_Yjf8sDXBEe2goMzdputf-Q$type=md$name=customerId?" update="true">
      <expression id="_3ncOkzXEEe2Sd_Hpmn5gBA" setDescriptorRef="_3nc1vjXEEe2Sd_Hpmn5gBA">
        <expression>t_customer.cus_id</expression>
      </expression>
    </field>
    <field id="_3ncOlDXEEe2Sd_Hpmn5gBA" enable="true" insert="true" name="company" parent="_3nc1rDXEEe2Sd_Hpmn5gBA" ref="resource.md#_Yjf82TXBEe2goMzdputf-Q?fileId=_Yjf8sDXBEe2goMzdputf-Q$type=md$name=company?" update="true">
      <expression id="_3ncOlTXEEe2Sd_Hpmn5gBA" setDescriptorRef="_3nc1vjXEEe2Sd_Hpmn5gBA">
        <expression>t_customer.cus_company</expression>
      </expression>
    </field>
    <field id="_3nc1kDXEEe2Sd_Hpmn5gBA" enable="true" insert="true" name="zipCode" parent="_3ncOkDXEEe2Sd_Hpmn5gBA" ref="resource.md#_YjgjzzXBEe2goMzdputf-Q?fileId=_Yjf8sDXBEe2goMzdputf-Q$type=md$name=zipCode?" update="true">
      <expression id="_3nc1kTXEEe2Sd_Hpmn5gBA" setDescriptorRef="_3nc1vjXEEe2Sd_Hpmn5gBA">
        <expression>t_address.adr_zip_code</expression>
      </expression>
    </field>
    <field id="_3nc1kjXEEe2Sd_Hpmn5gBA" enable="true" insert="true" name="stateCode" parent="_3ncOkDXEEe2Sd_Hpmn5gBA" ref="resource.md#_Yjgj1zXBEe2goMzdputf-Q?fileId=_Yjf8sDXBEe2goMzdputf-Q$type=md$name=stateCode?" update="true">
      <expression id="_3nc1kzXEEe2Sd_Hpmn5gBA" setDescriptorRef="_3nc1vjXEEe2Sd_Hpmn5gBA">
        <expression>t_address.adr_state_code</expression>
      </expression>
    </field>
    <field id="_3nc1lDXEEe2Sd_Hpmn5gBA" enable="true" insert="true" name="birthDate" parent="_3nc1rDXEEe2Sd_Hpmn5gBA" ref="resource.md#_Yjf83TXBEe2goMzdputf-Q?fileId=_Yjf8sDXBEe2goMzdputf-Q$type=md$name=birthDate?" update="true">
      <expression id="_3nc1lTXEEe2Sd_Hpmn5gBA" setDescriptorRef="_3nc1vjXEEe2Sd_Hpmn5gBA">
        <expression>t_customer.cus_birth_date</expression>
      </expression>
    </field>
    <field id="_3nc1ljXEEe2Sd_Hpmn5gBA" enable="true" insert="true" name="phoneType" parent="_3nc1ujXEEe2Sd_Hpmn5gBA" ref="resource.md#_YjhK1zXBEe2goMzdputf-Q?fileId=_Yjf8sDXBEe2goMzdputf-Q$type=md$name=phoneType?" update="true">
      <expression id="_3nc1lzXEEe2Sd_Hpmn5gBA" setDescriptorRef="_3nc1vjXEEe2Sd_Hpmn5gBA">
        <expression>t_phone_type.pht_name</expression>
      </expression>
    </field>
    <field id="_3nc1mDXEEe2Sd_Hpmn5gBA" enable="true" expand="true" insert="true" name="email" parent="_3nc1rDXEEe2Sd_Hpmn5gBA" ref="resource.md#_YjjABDXBEe2goMzdputf-Q?fileId=_Yjf8sDXBEe2goMzdputf-Q$type=md$name=email?" update="true" updateKey="true">
      <expression id="_3nc1mTXEEe2Sd_Hpmn5gBA" setDescriptorRef="_3nc1vjXEEe2Sd_Hpmn5gBA">
        <expression>T_email.eml_address|| t_email.eml_id</expression>
      </expression>
    </field>
    <field id="_3nc1mjXEEe2Sd_Hpmn5gBA" enable="true" insert="true" name="lastName" parent="_3nc1rDXEEe2Sd_Hpmn5gBA" ref="resource.md#_Yjf81TXBEe2goMzdputf-Q?fileId=_Yjf8sDXBEe2goMzdputf-Q$type=md$name=lastName?" update="true">
      <expression id="_3nc1mzXEEe2Sd_Hpmn5gBA" setDescriptorRef="_3nc1vjXEEe2Sd_Hpmn5gBA">
        <expression>t_customer.cus_last_name</expression>
      </expression>
    </field>
    <field id="_3nc1nDXEEe2Sd_Hpmn5gBA" enable="true" insert="true" name="emailType" parent="_3nc1mDXEEe2Sd_Hpmn5gBA" ref="resource.md#_YjjAEDXBEe2goMzdputf-Q?fileId=_Yjf8sDXBEe2goMzdputf-Q$type=md$name=emailType?" update="true">
      <expression id="_3nc1nTXEEe2Sd_Hpmn5gBA" setDescriptorRef="_3nc1vjXEEe2Sd_Hpmn5gBA">
        <expression>t_email.eml_type</expression>
      </expression>
    </field>
    <field id="_3nc1njXEEe2Sd_Hpmn5gBA" enable="true" insert="true" name="phoningAllowed" parent="_3nc1ujXEEe2Sd_Hpmn5gBA" ref="resource.md#_YjjAADXBEe2goMzdputf-Q?fileId=_Yjf8sDXBEe2goMzdputf-Q$type=md$name=phoningAllowed?" update="true">
      <expression id="_3nc1nzXEEe2Sd_Hpmn5gBA" setDescriptorRef="_3nc1vjXEEe2Sd_Hpmn5gBA">
        <expression>t_phone.pho_phoning_allowed</expression>
      </expression>
    </field>
    <field id="_3nc1oDXEEe2Sd_Hpmn5gBA" enable="true" insert="true" name="addressId" parent="_3ncOkDXEEe2Sd_Hpmn5gBA" ref="resource.md#_YjgjxzXBEe2goMzdputf-Q?fileId=_Yjf8sDXBEe2goMzdputf-Q$type=md$name=addressId?" update="true">
      <expression id="_3nc1oTXEEe2Sd_Hpmn5gBA" setDescriptorRef="_3nc1vjXEEe2Sd_Hpmn5gBA">
        <expression>t_address.adr_id</expression>
      </expression>
    </field>
    <field id="_3nc1ojXEEe2Sd_Hpmn5gBA" enable="true" insert="true" name="phoneNumber" parent="_3nc1ujXEEe2Sd_Hpmn5gBA" ref="resource.md#_YjhK0zXBEe2goMzdputf-Q?fileId=_Yjf8sDXBEe2goMzdputf-Q$type=md$name=phoneNumber?" update="true">
      <expression id="_3nc1ozXEEe2Sd_Hpmn5gBA" setDescriptorRef="_3nc1vjXEEe2Sd_Hpmn5gBA">
        <expression>t_phone.pho_number</expression>
      </expression>
    </field>
    <field id="_3nc1pDXEEe2Sd_Hpmn5gBA" enable="true" insert="true" name="firstName" parent="_3nc1rDXEEe2Sd_Hpmn5gBA" ref="resource.md#_Yjf80TXBEe2goMzdputf-Q?fileId=_Yjf8sDXBEe2goMzdputf-Q$type=md$name=firstName?" update="true">
      <expression id="_3nc1pTXEEe2Sd_Hpmn5gBA" setDescriptorRef="_3nc1vjXEEe2Sd_Hpmn5gBA">
        <expression>t_customer.cus_first_name</expression>
      </expression>
    </field>
    <field id="_3nc1pjXEEe2Sd_Hpmn5gBA" enable="true" insert="true" name="city" parent="_3ncOkDXEEe2Sd_Hpmn5gBA" ref="resource.md#_Yjgj0zXBEe2goMzdputf-Q?fileId=_Yjf8sDXBEe2goMzdputf-Q$type=md$name=city?" update="true">
      <expression id="_3nc1pzXEEe2Sd_Hpmn5gBA" setDescriptorRef="_3nc1vjXEEe2Sd_Hpmn5gBA">
        <expression>t_address.adr_city</expression>
      </expression>
    </field>
    <field id="_3nc1qDXEEe2Sd_Hpmn5gBA" enable="true" insert="true" name="mailingAllowed" parent="_3nc1mDXEEe2Sd_Hpmn5gBA" ref="resource.md#_YjjAFDXBEe2goMzdputf-Q?fileId=_Yjf8sDXBEe2goMzdputf-Q$type=md$name=mailingAllowed?" update="true">
      <expression id="_3nc1qTXEEe2Sd_Hpmn5gBA" setDescriptorRef="_3nc1vjXEEe2Sd_Hpmn5gBA">
        <expression>t_email.eml_mailing_allowed</expression>
      </expression>
    </field>
    <field id="_3nc1qjXEEe2Sd_Hpmn5gBA" expand="true" name="customerDetails" ref="resource.md#_Yjf8vTXBEe2goMzdputf-Q?fileId=_Yjf8sDXBEe2goMzdputf-Q$type=md$name=customerDetails?" updateKey="true">
      <expression id="_3nc1qzXEEe2Sd_Hpmn5gBA" setDescriptorRef="_3nc1vjXEEe2Sd_Hpmn5gBA"/>
    </field>
    <field id="_3nc1rDXEEe2Sd_Hpmn5gBA" enable="true" expand="true" insert="true" name="customer" parent="_3nc1qjXEEe2Sd_Hpmn5gBA" ref="resource.md#_Yjf8wTXBEe2goMzdputf-Q?fileId=_Yjf8sDXBEe2goMzdputf-Q$type=md$name=customer?" update="true" updateKey="true">
      <expression id="_3nc1rTXEEe2Sd_Hpmn5gBA" setDescriptorRef="_3nc1vjXEEe2Sd_Hpmn5gBA">
        <expression>T_customer.cus_last_name|| t_customer.cus_first_name|| t_customer.cus_id</expression>
      </expression>
    </field>
    <field id="_3nc1rjXEEe2Sd_Hpmn5gBA" enable="true" insert="true" name="phoneTypeCode" parent="_3nc1ujXEEe2Sd_Hpmn5gBA" ref="resource.md#_Yjgj4zXBEe2goMzdputf-Q?fileId=_Yjf8sDXBEe2goMzdputf-Q$type=md$name=phoneTypeCode?" update="true">
      <expression id="_3nc1rzXEEe2Sd_Hpmn5gBA" setDescriptorRef="_3nc1vjXEEe2Sd_Hpmn5gBA">
        <expression>t_phone.pht_code</expression>
      </expression>
    </field>
    <field id="_3nc1sDXEEe2Sd_Hpmn5gBA" enable="true" insert="true" name="emailId" parent="_3nc1mDXEEe2Sd_Hpmn5gBA" ref="resource.md#_YjjACDXBEe2goMzdputf-Q?fileId=_Yjf8sDXBEe2goMzdputf-Q$type=md$name=emailId?" update="true">
      <expression id="_3nc1sTXEEe2Sd_Hpmn5gBA" setDescriptorRef="_3nc1vjXEEe2Sd_Hpmn5gBA">
        <expression>t_email.eml_id</expression>
      </expression>
    </field>
    <field id="_3nc1sjXEEe2Sd_Hpmn5gBA" enable="true" insert="true" name="emailAddress" parent="_3nc1mDXEEe2Sd_Hpmn5gBA" ref="resource.md#_YjjADDXBEe2goMzdputf-Q?fileId=_Yjf8sDXBEe2goMzdputf-Q$type=md$name=emailAddress?" update="true">
      <expression id="_3nc1szXEEe2Sd_Hpmn5gBA" setDescriptorRef="_3nc1vjXEEe2Sd_Hpmn5gBA">
        <expression>t_email.eml_address</expression>
      </expression>
    </field>
    <field id="_3nc1tDXEEe2Sd_Hpmn5gBA" enable="true" insert="true" name="addressDetails" parent="_3ncOkDXEEe2Sd_Hpmn5gBA" ref="resource.md#_YjgjyzXBEe2goMzdputf-Q?fileId=_Yjf8sDXBEe2goMzdputf-Q$type=md$name=addressDetails?" update="true">
      <expression id="_3nc1tTXEEe2Sd_Hpmn5gBA" setDescriptorRef="_3nc1vjXEEe2Sd_Hpmn5gBA">
        <expression>t_address.adr_details</expression>
      </expression>
    </field>
    <field id="_3nc1tjXEEe2Sd_Hpmn5gBA" enable="true" insert="true" name="phoneId" parent="_3nc1ujXEEe2Sd_Hpmn5gBA" ref="resource.md#_Yjgj3zXBEe2goMzdputf-Q?fileId=_Yjf8sDXBEe2goMzdputf-Q$type=md$name=phoneId?" update="true">
      <expression id="_3nc1tzXEEe2Sd_Hpmn5gBA" setDescriptorRef="_3nc1vjXEEe2Sd_Hpmn5gBA">
        <expression>t_phone.pho_id</expression>
      </expression>
    </field>
    <field id="_3nc1uDXEEe2Sd_Hpmn5gBA" enable="true" insert="true" name="title" parent="_3nc1rDXEEe2Sd_Hpmn5gBA" ref="resource.md#_Yjf8zTXBEe2goMzdputf-Q?fileId=_Yjf8sDXBEe2goMzdputf-Q$type=md$name=title?" update="true">
      <expression id="_3nc1uTXEEe2Sd_Hpmn5gBA" setDescriptorRef="_3nc1vjXEEe2Sd_Hpmn5gBA">
        <expression>t_title.tit_name</expression>
      </expression>
    </field>
    <field id="_3nc1ujXEEe2Sd_Hpmn5gBA" enable="true" expand="true" insert="true" name="phone" parent="_3nc1rDXEEe2Sd_Hpmn5gBA" ref="resource.md#_Yjgj2zXBEe2goMzdputf-Q?fileId=_Yjf8sDXBEe2goMzdputf-Q$type=md$name=phone?" update="true" updateKey="true">
      <expression id="_3nc1uzXEEe2Sd_Hpmn5gBA" setDescriptorRef="_3nc1vjXEEe2Sd_Hpmn5gBA">
        <expression>T_phone.pho_number|| t_phone.pho_id</expression>
      </expression>
    </field>
    <field id="_3nc1vDXEEe2Sd_Hpmn5gBA" enable="true" insert="true" name="titleCode" parent="_3nc1rDXEEe2Sd_Hpmn5gBA" ref="resource.md#_Yjf8yTXBEe2goMzdputf-Q?fileId=_Yjf8sDXBEe2goMzdputf-Q$type=md$name=titleCode?" update="true">
      <expression id="_3nc1vTXEEe2Sd_Hpmn5gBA" setDescriptorRef="_3nc1vjXEEe2Sd_Hpmn5gBA">
        <expression>t_customer.tit_code</expression>
      </expression>
    </field>
    <setDescriptor id="_3nc1vjXEEe2Sd_Hpmn5gBA" label="A"/>
  </datastore>
  <join id="_3nc1vzXEEe2Sd_Hpmn5gBA" location="SRC" joinType="Left_Join" left="_3nZyQTXEEe2Sd_Hpmn5gBA" order="10" right="_3naZUjXEEe2Sd_Hpmn5gBA">
    <expression>t_customer.tit_code = t_title.tit_code</expression>
  </join>
  <join id="_3nc1wDXEEe2Sd_Hpmn5gBA" location="SRC" joinType="Left_Join" left="_3nZyQTXEEe2Sd_Hpmn5gBA" order="30" right="_3ncOhzXEEe2Sd_Hpmn5gBA">
    <expression>t_customer.cus_id = t_email.cus_id</expression>
  </join>
  <join id="_3nc1wTXEEe2Sd_Hpmn5gBA" location="SRC" joinType="Left_Join" left="_3nZyQTXEEe2Sd_Hpmn5gBA" order="50" right="_3nbnezXEEe2Sd_Hpmn5gBA">
    <expression>t_customer.cus_id = t_address.cus_id</expression>
  </join>
  <join id="_3nc1wjXEEe2Sd_Hpmn5gBA" location="SRC" joinType="Left_Join" left="_3nZyQTXEEe2Sd_Hpmn5gBA" order="70" right="_3nbAYDXEEe2Sd_Hpmn5gBA">
    <expression>t_customer.cus_id = t_phone.cus_id</expression>
  </join>
  <join id="_3nc1wzXEEe2Sd_Hpmn5gBA" location="SRC" joinType="Left_Join" left="_3nbAYDXEEe2Sd_Hpmn5gBA" order="90" right="_3nbndzXEEe2Sd_Hpmn5gBA">
    <expression>t_phone.pht_code = t_phone_type.pht_code</expression>
  </join>
  <filter id="_PH9SgDXFEe2Sd_Hpmn5gBA" location="SRC">
    <expression>t_customer.cus_id BETWEEN %{v_cus_id}% AND %{v_max_cus_id}%</expression>
  </filter>
  <template id="_3nc1xDXEEe2Sd_Hpmn5gBA" name="I_customerDetails" process="resource.proc#_brHmkaEoEd6xg_kipsVRYg?fileId=_brHmkaEoEd6xg_kipsVRYg$type=proc$name=INTEGRATION%20Rdbms%20to%20Xml?" targetId="_3ncOjzXEEe2Sd_Hpmn5gBA"/>
  <variable id="_U78qYDXFEe2Sd_Hpmn5gBA" alias="v_max_cus_id" ref="resource.md#_1WEloDXAEe2goMzdputf-Q?fileId=_RXCLcDXAEe2goMzdputf-Q$type=md$name=v_max_cus_id?"/>
  <variable id="_VxfLQDXFEe2Sd_Hpmn5gBA" alias="v_cus_id" ref="resource.md#_SBnZgDXAEe2goMzdputf-Q?fileId=_RXCLcDXAEe2goMzdputf-Q$type=md$name=v_cus_id?"/>
  <variable id="_W2o1cDXFEe2Sd_Hpmn5gBA" alias="v_current_date" ref="resource.md#_frvAIDXAEe2goMzdputf-Q?fileId=_RXCLcDXAEe2goMzdputf-Q$type=md$name=v_current_date?"/>
  <variable id="_X-BUQDXFEe2Sd_Hpmn5gBA" alias="v_schema_name" ref="resource.md#_YlFGgDXAEe2goMzdputf-Q?fileId=_RXCLcDXAEe2goMzdputf-Q$type=md$name=v_schema_name?"/>
  <dataSet id="_3neqwDXEEe2Sd_Hpmn5gBA">
    <container>_3naZUjXEEe2Sd_Hpmn5gBA</container>
    <container>_3nZyQTXEEe2Sd_Hpmn5gBA</container>
    <container>_3ncOhzXEEe2Sd_Hpmn5gBA</container>
    <container>_3nbnezXEEe2Sd_Hpmn5gBA</container>
    <container>_3nbAYDXEEe2Sd_Hpmn5gBA</container>
    <container>_3nbndzXEEe2Sd_Hpmn5gBA</container>
  </dataSet>
  <dataSet id="_3neqwTXEEe2Sd_Hpmn5gBA">
    <container>_3ncOjzXEEe2Sd_Hpmn5gBA</container>
  </dataSet>
  <hint>
    <usedField>#_3nZyQjXEEe2Sd_Hpmn5gBA</usedField>
    <usedField>#_3nZyQzXEEe2Sd_Hpmn5gBA</usedField>
    <usedField>#_3nZyRDXEEe2Sd_Hpmn5gBA</usedField>
    <usedField>#_3nZyRTXEEe2Sd_Hpmn5gBA</usedField>
    <usedField>#_3nZyRjXEEe2Sd_Hpmn5gBA</usedField>
    <usedField>#_3nZyRzXEEe2Sd_Hpmn5gBA</usedField>
    <usedField>#_3naZUzXEEe2Sd_Hpmn5gBA</usedField>
    <usedField>#_3naZVDXEEe2Sd_Hpmn5gBA</usedField>
    <usedField>#_3nbAYTXEEe2Sd_Hpmn5gBA</usedField>
    <usedField>#_3nbncDXEEe2Sd_Hpmn5gBA</usedField>
    <usedField>#_3nbncTXEEe2Sd_Hpmn5gBA</usedField>
    <usedField>#_3nbncjXEEe2Sd_Hpmn5gBA</usedField>
    <usedField>#_3nbnczXEEe2Sd_Hpmn5gBA</usedField>
    <usedField>#_3nbneDXEEe2Sd_Hpmn5gBA</usedField>
    <usedField>#_3nbneTXEEe2Sd_Hpmn5gBA</usedField>
    <usedField>#_3nbnfTXEEe2Sd_Hpmn5gBA</usedField>
    <usedField>#_3nbnfjXEEe2Sd_Hpmn5gBA</usedField>
    <usedField>#_3ncOgTXEEe2Sd_Hpmn5gBA</usedField>
    <usedField>#_3ncOgjXEEe2Sd_Hpmn5gBA</usedField>
    <usedField>#_3ncOgzXEEe2Sd_Hpmn5gBA</usedField>
    <usedField>#_3ncOhDXEEe2Sd_Hpmn5gBA</usedField>
    <usedField>#_3ncOiDXEEe2Sd_Hpmn5gBA</usedField>
    <usedField>#_3ncOiTXEEe2Sd_Hpmn5gBA</usedField>
    <usedField>#_3ncOijXEEe2Sd_Hpmn5gBA</usedField>
    <usedField>#_3ncOizXEEe2Sd_Hpmn5gBA</usedField>
    <usedField>#_3ncOjDXEEe2Sd_Hpmn5gBA</usedField>
  </hint>
  <diagram><![CDATA[<?xml version="1.0" encoding="UTF-8"?>
<notation:Diagram xmi:version="2.0" xmlns:xmi="http://www.omg.org/XMI" xmlns:xsi="http://www.w3.org/2001/XMLSchema-instance" xmlns:map="http://www.indy.com/v2/map" xmlns:notation="http://www.eclipse.org/gmf/runtime/1.0.1/notation" xsi:schemaLocation="http://www.eclipse.org/gmf/runtime/1.0.1/notation " xmi:id="6cf6e83f-319d-4d08-858a-cc12bddaefa2" type="Map" measurementUnit="Pixel">
  <children xmi:type="notation:Node" xmi:id="bbe3cfe1-124d-4700-bce7-a8fd5c6a2a31" type="2005">
    <styles xmi:type="notation:DescriptionStyle" xmi:id="db82eaf1-e4b3-4bf2-969b-89064dee11dd"/>
    <styles xmi:type="notation:FontStyle" xmi:id="ba68003f-5ad4-4bf1-a92a-4cce630d05c7" fontName="Segoe UI"/>
    <styles xmi:type="notation:FillStyle" xmi:id="6cceffaf-d7d5-4024-9891-5803d440d02d"/>
    <element xmi:type="map:Join" href="resource.map#_3nc1vzXEEe2Sd_Hpmn5gBA?fileId=_3nZyQDXEEe2Sd_Hpmn5gBA$type=map?"/>
    <layoutConstraint xmi:type="notation:Bounds" xmi:id="3fc580d9-e4bc-4a7c-91b4-9b184ed2110e" x="297" y="474"/>
  </children>
  <children xmi:type="notation:Node" xmi:id="2835103a-67fc-49db-9dbb-f2400ac23c58" type="2005">
    <styles xmi:type="notation:DescriptionStyle" xmi:id="f6e53028-87c2-4ab0-9867-88a8be6ec97a"/>
    <styles xmi:type="notation:FontStyle" xmi:id="f9706be6-31d1-45cb-a9f7-b95585a61dec" fontName="Segoe UI"/>
    <styles xmi:type="notation:FillStyle" xmi:id="4308f7df-db99-4711-af84-b243c7515e8a"/>
    <element xmi:type="map:Join" href="resource.map#_3nc1wDXEEe2Sd_Hpmn5gBA?fileId=_3nZyQDXEEe2Sd_Hpmn5gBA$type=map?"/>
    <layoutConstraint xmi:type="notation:Bounds" xmi:id="2eae6226-02bd-44ac-9153-523516c62717" x="297" y="273"/>
  </children>
  <children xmi:type="notation:Node" xmi:id="78e3f112-2334-45f7-a1ea-1863ffccc6c0" type="2005">
    <styles xmi:type="notation:DescriptionStyle" xmi:id="6c82fca6-1d6e-4211-8878-09b530e3fd64"/>
    <styles xmi:type="notation:FontStyle" xmi:id="08ad65b3-397d-480b-b225-dcb56c2edb0c" fontName="Segoe UI"/>
    <styles xmi:type="notation:FillStyle" xmi:id="000714df-e188-4393-9859-e6669f4a2bcb"/>
    <element xmi:type="map:Join" href="resource.map#_3nc1wTXEEe2Sd_Hpmn5gBA?fileId=_3nZyQDXEEe2Sd_Hpmn5gBA$type=map?"/>
    <layoutConstraint xmi:type="notation:Bounds" xmi:id="0f8e9251-74ce-4d72-bcfe-f9c4b3244e3d" x="297" y="389"/>
  </children>
  <children xmi:type="notation:Node" xmi:id="9646b031-27da-4f8b-ba7a-0a935966eff4" type="2005">
    <styles xmi:type="notation:DescriptionStyle" xmi:id="8ada04f7-de8d-40b7-af9a-38f23aa9afb4"/>
    <styles xmi:type="notation:FontStyle" xmi:id="7b349073-0eb5-4241-b4ff-c4c708f703aa" fontName="Segoe UI"/>
    <styles xmi:type="notation:FillStyle" xmi:id="f264d6a0-4271-4e5f-9f29-9a88c8d71ef7"/>
    <element xmi:type="map:Join" href="resource.map#_3nc1wjXEEe2Sd_Hpmn5gBA?fileId=_3nZyQDXEEe2Sd_Hpmn5gBA$type=map?"/>
    <layoutConstraint xmi:type="notation:Bounds" xmi:id="49851266-69be-49cf-85d3-28b64550d4ac" x="297" y="590"/>
  </children>
  <children xmi:type="notation:Node" xmi:id="f60322a6-9dda-440c-96a1-cbf33c05ccdf" type="2005">
    <styles xmi:type="notation:DescriptionStyle" xmi:id="ce509917-7ebb-4b1b-918b-bc7696748d5c"/>
    <styles xmi:type="notation:FontStyle" xmi:id="bedf301c-e084-40ba-83a4-9a9e4e0dcf76" fontName="Segoe UI"/>
    <styles xmi:type="notation:FillStyle" xmi:id="3d09d2a4-b566-4ee3-aad4-481aa271107d"/>
    <element xmi:type="map:Join" href="resource.map#_3nc1wzXEEe2Sd_Hpmn5gBA?fileId=_3nZyQDXEEe2Sd_Hpmn5gBA$type=map?"/>
    <layoutConstraint xmi:type="notation:Bounds" xmi:id="8c253352-d499-49e3-8528-733a6cf13462" x="297" y="737"/>
  </children>
  <children xmi:type="notation:Shape" xmi:id="74a06dfa-3e09-4545-b5c6-548123452b65" type="2004" fontName="Segoe UI">
    <children xmi:type="notation:DecorationNode" xmi:id="2c191fb1-4e03-45d9-91f2-ca2ff3977604" type="5005"/>
    <children xmi:type="notation:DecorationNode" xmi:id="eed5f587-3aef-4db7-8837-4552fbbc5b17" type="5007"/>
    <children xmi:type="notation:DecorationNode" xmi:id="d8acf657-43b2-4741-bfec-ef7b5854acb9" type="7003"/>
    <children xmi:type="notation:DecorationNode" xmi:id="8efc1777-ef43-4c7c-b9a4-5e25274bc864" type="7009"/>
    <children xmi:type="notation:BasicCompartment" xmi:id="0428a872-0fe3-4ae0-a87b-143b018ff28f" type="7004">
      <styles xmi:type="notation:SortingStyle" xmi:id="5d390786-d9b1-4314-9c65-412758b15a93"/>
      <styles xmi:type="notation:FilteringStyle" xmi:id="cdcea85f-5852-434a-986e-0909f7b862b5"/>
    </children>
    <children xmi:type="notation:DecorationNode" xmi:id="680201b3-4b11-4887-882d-9301c30473b8" type="5009">
      <styles xmi:type="notation:DrawerStyle" xmi:id="afd01a79-f0a1-44de-9e04-345f258b5d39"/>
    </children>
    <children xmi:type="notation:DecorationNode" xmi:id="072da389-359a-4b2b-892e-c279ab7a4c6d" type="7005">
      <styles xmi:type="notation:SortingStyle" xmi:id="205187fd-0586-4862-b669-973f0ac9e5d1"/>
      <styles xmi:type="notation:FilteringStyle" xmi:id="bd4c722f-2aa6-4996-8691-5948afc964f2"/>
    </children>
    <children xmi:type="notation:BasicCompartment" xmi:id="7ba225d3-5404-4ba4-af71-36efd95deb9e" type="7007"/>
    <element xmi:type="map:Datastore" href="resource.map#_3naZUjXEEe2Sd_Hpmn5gBA?fileId=_3nZyQDXEEe2Sd_Hpmn5gBA$type=map?"/>
    <layoutConstraint xmi:type="notation:Bounds" xmi:id="abb5ed04-ee2c-4bdf-a561-54c0f02af027" x="30" y="631"/>
  </children>
  <children xmi:type="notation:Shape" xmi:id="48baae75-0723-438e-b581-1dd802f0d59d" type="2004" fontName="Segoe UI">
    <children xmi:type="notation:DecorationNode" xmi:id="f17b5605-3962-40c8-b567-82e16d28cc55" type="5005"/>
    <children xmi:type="notation:DecorationNode" xmi:id="34d37e98-9a11-4c9a-b974-7b1a6df92544" type="5007"/>
    <children xmi:type="notation:DecorationNode" xmi:id="8c3cfed3-e3f0-4333-9f0c-1f7971c71464" type="7003"/>
    <children xmi:type="notation:DecorationNode" xmi:id="6b7489d7-9535-4422-96ce-2b47bad8cebb" type="7009"/>
    <children xmi:type="notation:BasicCompartment" xmi:id="68c7d470-6034-4f48-a075-c54ec8d386cd" type="7004">
      <styles xmi:type="notation:SortingStyle" xmi:id="0a06abfd-961e-4ac5-a27b-956a9230c6d6"/>
      <styles xmi:type="notation:FilteringStyle" xmi:id="f2e0296e-ffef-4fdb-9a21-d35eec709ffe"/>
    </children>
    <children xmi:type="notation:DecorationNode" xmi:id="8c1a68a3-6c1b-4373-9a6f-46b360c21571" type="5009">
      <styles xmi:type="notation:DrawerStyle" xmi:id="b269fc8f-b160-4101-a42a-926630d1704b"/>
    </children>
    <children xmi:type="notation:DecorationNode" xmi:id="80407222-381f-4445-845f-eb8e03610635" type="7005">
      <styles xmi:type="notation:SortingStyle" xmi:id="b25e6aa3-b799-437d-9be0-2b5fe1727c48"/>
      <styles xmi:type="notation:FilteringStyle" xmi:id="67c92e3d-26f2-4828-b49e-b35992b3744f"/>
    </children>
    <children xmi:type="notation:BasicCompartment" xmi:id="21dd6a8a-d5fd-41a5-b9c6-d424cd191ccf" type="7007"/>
    <element xmi:type="map:Datastore" href="resource.map#_3nbndzXEEe2Sd_Hpmn5gBA?fileId=_3nZyQDXEEe2Sd_Hpmn5gBA$type=map?"/>
    <layoutConstraint xmi:type="notation:Bounds" xmi:id="35890a65-3244-44f2-adff-e234cede563e" x="30" y="941"/>
  </children>
  <children xmi:type="notation:Shape" xmi:id="27155f90-968f-40e1-9c48-6445de0ccb8f" type="2004" fontName="Segoe UI">
    <children xmi:type="notation:DecorationNode" xmi:id="ec256fd4-7ce8-4d04-99c2-920d02226586" type="5005"/>
    <children xmi:type="notation:DecorationNode" xmi:id="470642dc-eae5-47c5-b356-f96dc02f0628" type="5007"/>
    <children xmi:type="notation:DecorationNode" xmi:id="40dc377e-a83b-4c71-9410-c432b976b755" type="7003"/>
    <children xmi:type="notation:DecorationNode" xmi:id="af5919ed-232e-4585-8325-6e2b1eaa546d" type="7009"/>
    <children xmi:type="notation:BasicCompartment" xmi:id="eb3219c1-9511-4448-b5de-5c20d8b9811f" type="7004">
      <styles xmi:type="notation:SortingStyle" xmi:id="b8462de9-b2cc-4348-a6de-f74f3ab608dd"/>
      <styles xmi:type="notation:FilteringStyle" xmi:id="935ec0ff-1657-4a21-a69a-859dee5bcb42"/>
    </children>
    <children xmi:type="notation:DecorationNode" xmi:id="15b4ac37-06ac-4aa8-ba37-a38855716c0c" type="5009">
      <styles xmi:type="notation:DrawerStyle" xmi:id="18abdfe2-cbd8-4164-aad4-d21c9c888bc5"/>
    </children>
    <children xmi:type="notation:DecorationNode" xmi:id="36cb4570-5858-4b7a-8bec-a5950a3a0566" type="7005">
      <styles xmi:type="notation:SortingStyle" xmi:id="f9d63a10-1663-43b3-8de0-2b6823dc3ade"/>
      <styles xmi:type="notation:FilteringStyle" xmi:id="0021b4cd-ecb3-4082-88cd-aaa6f192469f"/>
    </children>
    <children xmi:type="notation:BasicCompartment" xmi:id="ff8a5b17-4de1-4992-995d-9d3d5ac49861" type="7007"/>
    <element xmi:type="map:Datastore" href="resource.map#_3ncOhzXEEe2Sd_Hpmn5gBA?fileId=_3nZyQDXEEe2Sd_Hpmn5gBA$type=map?"/>
    <layoutConstraint xmi:type="notation:Bounds" xmi:id="5af81bea-6ab6-4a76-aa04-ce0e5f9dd406" x="30" y="30"/>
  </children>
  <children xmi:type="notation:Shape" xmi:id="49c4150a-b0e2-4246-b6e6-33c1ccd8fdfa" type="2004" fontName="Segoe UI">
    <children xmi:type="notation:DecorationNode" xmi:id="e36cebc5-9fda-49f1-a2fe-80f2493ce21d" type="5005"/>
    <children xmi:type="notation:DecorationNode" xmi:id="9345623d-1c32-4938-a633-d0eda38fa377" type="5007"/>
    <children xmi:type="notation:DecorationNode" xmi:id="0ef7d6ce-2c5f-4b63-9689-1cefb4559594" type="7003"/>
    <children xmi:type="notation:DecorationNode" xmi:id="4a8a993a-7323-4679-b5b2-dddebe2c4f77" type="7009"/>
    <children xmi:type="notation:BasicCompartment" xmi:id="e5d1f13f-599c-4bfa-af36-88d3e8161b8f" type="7004">
      <styles xmi:type="notation:SortingStyle" xmi:id="c9077d97-f2fd-42ea-82a6-a5146664d7a6"/>
      <styles xmi:type="notation:FilteringStyle" xmi:id="03a66269-576e-4f1e-b7e9-d9c3758506a2"/>
    </children>
    <children xmi:type="notation:DecorationNode" xmi:id="c8e00fe2-fd3f-48dc-8af3-bb48a4d4675f" type="5009">
      <styles xmi:type="notation:DrawerStyle" xmi:id="26793110-0b37-48c3-85e8-224535d913f0"/>
    </children>
    <children xmi:type="notation:DecorationNode" xmi:id="5d4e9406-f107-40b1-826a-4a504e1fef55" type="7005">
      <styles xmi:type="notation:SortingStyle" xmi:id="8b963ca2-3282-468d-a53d-6cad19f70480"/>
      <styles xmi:type="notation:FilteringStyle" xmi:id="f96cf19e-a11a-40e7-9937-c8963c7536df"/>
    </children>
    <children xmi:type="notation:BasicCompartment" xmi:id="0b57a464-fd70-4d98-9e4b-8b5bd30204d6" type="7007"/>
    <children xmi:type="notation:DecorationNode" xmi:id="68eaed1f-c420-42be-ab0a-1b104ef9a430" type="5009">
      <styles xmi:type="notation:DrawerStyle" xmi:id="845d18ed-cb8b-42e5-9b37-6068b95a0a8c"/>
    </children>
    <element xmi:type="map:Datastore" href="resource.map#_3nZyQTXEEe2Sd_Hpmn5gBA?fileId=_3nZyQDXEEe2Sd_Hpmn5gBA$type=map?"/>
    <layoutConstraint xmi:type="notation:Bounds" xmi:id="95f4560a-9ce7-47f7-8577-595c921a211a" x="30" y="209"/>
  </children>
  <children xmi:type="notation:Shape" xmi:id="779464d3-55e4-4d0f-8194-d5824abf5116" type="2004" fontName="Segoe UI">
    <children xmi:type="notation:DecorationNode" xmi:id="2f3c1dac-4244-450b-b067-f92b66ab2ab5" type="5005"/>
    <children xmi:type="notation:DecorationNode" xmi:id="5da26a26-d0bd-45ae-9260-9be34755ba61" type="5007"/>
    <children xmi:type="notation:DecorationNode" xmi:id="29c11d69-7e04-4c7b-a13b-d2d37834aee9" type="7003"/>
    <children xmi:type="notation:DecorationNode" xmi:id="4a76a776-0fae-49ff-a45d-a08aa4ff3783" type="7009"/>
    <children xmi:type="notation:BasicCompartment" xmi:id="bd5c7af1-eabc-4cd2-a32a-a0fd591b2aa0" type="7004">
      <styles xmi:type="notation:SortingStyle" xmi:id="82631654-e9b7-49b2-b14d-2872c3f1aced"/>
      <styles xmi:type="notation:FilteringStyle" xmi:id="8170e0d9-17e9-4a66-b91b-5fc48475c46f"/>
    </children>
    <children xmi:type="notation:DecorationNode" xmi:id="3b7dd18b-9fbe-4fdd-af1a-21d36b154f9e" type="5009">
      <styles xmi:type="notation:DrawerStyle" xmi:id="542f674b-05d4-48aa-9c94-a42fd5778a09"/>
    </children>
    <children xmi:type="notation:DecorationNode" xmi:id="fa6682a6-8e69-4bc8-b7e1-ef30b558d9f9" type="7005">
      <styles xmi:type="notation:SortingStyle" xmi:id="79b13d18-33d2-43fc-a370-7270cdd886af"/>
      <styles xmi:type="notation:FilteringStyle" xmi:id="4896068b-f957-4cb3-8f43-891476555957"/>
    </children>
    <children xmi:type="notation:BasicCompartment" xmi:id="c0ec1170-6eca-400f-a198-044c1c79444f" type="7007"/>
    <element xmi:type="map:Datastore" href="resource.map#_3nbnezXEEe2Sd_Hpmn5gBA?fileId=_3nZyQDXEEe2Sd_Hpmn5gBA$type=map?"/>
    <layoutConstraint xmi:type="notation:Bounds" xmi:id="66b9dc8b-4646-4ebc-847b-1f97269c8553" x="30" y="404"/>
  </children>
  <children xmi:type="notation:Shape" xmi:id="191667d6-f6b6-4677-befe-96ec3a914970" type="2004" fontName="Segoe UI">
    <children xmi:type="notation:DecorationNode" xmi:id="a78bb886-2124-4e96-a3b8-0262b3d8e5d4" type="5005"/>
    <children xmi:type="notation:DecorationNode" xmi:id="f98e060b-24c7-41db-aa55-b593587f861c" type="5007"/>
    <children xmi:type="notation:DecorationNode" xmi:id="e59c823a-f99e-46b0-8ac6-4ad6d7e80c0c" type="7003"/>
    <children xmi:type="notation:DecorationNode" xmi:id="4829dd55-9459-4425-94f3-739be9cbc5bb" type="7009"/>
    <children xmi:type="notation:BasicCompartment" xmi:id="3431ef2b-83b9-4c8b-865d-2010279637b1" type="7004">
      <styles xmi:type="notation:SortingStyle" xmi:id="3f1f9fe9-4a72-4d7f-a525-2343c1ec6594"/>
      <styles xmi:type="notation:FilteringStyle" xmi:id="38a45a6d-0cf7-40d0-9ba0-e007297be70e"/>
    </children>
    <children xmi:type="notation:DecorationNode" xmi:id="71456719-4732-4ae7-b13a-a646e7caefe8" type="5009">
      <styles xmi:type="notation:DrawerStyle" xmi:id="1211e45c-843e-46f9-9aa3-b151cb93a4f7"/>
    </children>
    <children xmi:type="notation:DecorationNode" xmi:id="7199f9fc-01e3-49fd-9d80-e287f8bc7b72" type="7005">
      <styles xmi:type="notation:SortingStyle" xmi:id="826be0b1-6200-4b11-96b7-30e9524d9637"/>
      <styles xmi:type="notation:FilteringStyle" xmi:id="be2d1d3a-6bd2-4570-bb16-5a0ddfcea5d6"/>
    </children>
    <children xmi:type="notation:BasicCompartment" xmi:id="4c7f375e-259e-4ecd-87a1-79844c44fdb8" type="7007"/>
    <element xmi:type="map:Datastore" href="resource.map#_3ncOjzXEEe2Sd_Hpmn5gBA?fileId=_3nZyQDXEEe2Sd_Hpmn5gBA$type=map?"/>
    <layoutConstraint xmi:type="notation:Bounds" xmi:id="8dab574c-af17-4347-b330-9783a3914f73" x="391" y="317"/>
  </children>
  <children xmi:type="notation:Shape" xmi:id="d7674ff1-2026-450d-9db0-e940eb1d412e" type="2004" fontName="Segoe UI">
    <children xmi:type="notation:DecorationNode" xmi:id="f58823a5-4607-442b-89a2-8bd3c1914bbf" type="5005"/>
    <children xmi:type="notation:DecorationNode" xmi:id="b4b002c6-a7d4-4edd-97b7-c70a984878e8" type="5007"/>
    <children xmi:type="notation:DecorationNode" xmi:id="5af919cc-bbdf-4764-a807-615e40eda887" type="7003"/>
    <children xmi:type="notation:DecorationNode" xmi:id="b36089de-d8a8-4e24-b60e-1d16d5b2aa71" type="7009"/>
    <children xmi:type="notation:BasicCompartment" xmi:id="a6eee0c9-4536-4b27-a1eb-c45a0c4cd59e" type="7004">
      <styles xmi:type="notation:SortingStyle" xmi:id="1b5379a8-7097-40f2-9164-d26a95d8ea36"/>
      <styles xmi:type="notation:FilteringStyle" xmi:id="c40f5444-5840-44b0-a495-d297b869d767"/>
    </children>
    <children xmi:type="notation:DecorationNode" xmi:id="cf747e2c-3afa-40c3-8991-eb458d80d59f" type="5009">
      <styles xmi:type="notation:DrawerStyle" xmi:id="867af778-9369-4e2a-9e67-122e011b8a1e"/>
    </children>
    <children xmi:type="notation:DecorationNode" xmi:id="29eaa91b-43b0-4bc4-8dbb-7148fa3c95fc" type="7005">
      <styles xmi:type="notation:SortingStyle" xmi:id="f4c7ef31-aaf1-405f-91ae-015e7ab7d11f"/>
      <styles xmi:type="notation:FilteringStyle" xmi:id="3d094157-4cc5-436d-a9dd-dd464f8a3a10"/>
    </children>
    <children xmi:type="notation:BasicCompartment" xmi:id="18dcb127-4e0d-4215-af90-725cd67f42c3" type="7007"/>
    <element xmi:type="map:Datastore" href="resource.map#_3nbAYDXEEe2Sd_Hpmn5gBA?fileId=_3nZyQDXEEe2Sd_Hpmn5gBA$type=map?"/>
    <layoutConstraint xmi:type="notation:Bounds" xmi:id="3ce41277-0e6a-44bb-8dcc-609adc5196a2" x="-31" y="737"/>
  </children>
  <children xmi:type="notation:Node" xmi:id="_POA3MDXFEe2Sd_Hpmn5gBA" type="2002">
    <styles xmi:type="notation:DescriptionStyle" xmi:id="_POA3MTXFEe2Sd_Hpmn5gBA"/>
    <styles xmi:type="notation:FontStyle" xmi:id="_POA3MjXFEe2Sd_Hpmn5gBA" fontName="Segoe UI"/>
    <styles xmi:type="notation:FillStyle" xmi:id="_POA3MzXFEe2Sd_Hpmn5gBA"/>
    <element xmi:type="map:Filter" href="resource.map#_PH9SgDXFEe2Sd_Hpmn5gBA?fileId=_3nZyQDXEEe2Sd_Hpmn5gBA$type=map?"/>
    <layoutConstraint xmi:type="notation:Bounds" xmi:id="_POA3NDXFEe2Sd_Hpmn5gBA" x="196" y="183"/>
  </children>
  <children xmi:type="notation:Shape" xmi:id="_U99ckDXFEe2Sd_Hpmn5gBA" type="2003" fontName="Segoe UI">
    <children xmi:type="notation:DecorationNode" xmi:id="_U9_RwDXFEe2Sd_Hpmn5gBA" type="5002"/>
    <element xmi:type="map:Variable" href="resource.map#_U78qYDXFEe2Sd_Hpmn5gBA?fileId=_3nZyQDXEEe2Sd_Hpmn5gBA$type=map?"/>
    <layoutConstraint xmi:type="notation:Bounds" xmi:id="_U99ckTXFEe2Sd_Hpmn5gBA" x="284" y="179"/>
  </children>
  <children xmi:type="notation:Shape" xmi:id="_VzTJIDXFEe2Sd_Hpmn5gBA" type="2003" fontName="Segoe UI">
    <children xmi:type="notation:DecorationNode" xmi:id="_VzTJIjXFEe2Sd_Hpmn5gBA" type="5002"/>
    <element xmi:type="map:Variable" href="resource.map#_VxfLQDXFEe2Sd_Hpmn5gBA?fileId=_3nZyQDXEEe2Sd_Hpmn5gBA$type=map?"/>
    <layoutConstraint xmi:type="notation:Bounds" xmi:id="_VzTJITXFEe2Sd_Hpmn5gBA" x="282" y="142"/>
  </children>
  <children xmi:type="notation:Shape" xmi:id="_W4i58DXFEe2Sd_Hpmn5gBA" type="2003" fontName="Segoe UI">
    <children xmi:type="notation:DecorationNode" xmi:id="_W4i58jXFEe2Sd_Hpmn5gBA" type="5002"/>
    <element xmi:type="map:Variable" href="resource.map#_W2o1cDXFEe2Sd_Hpmn5gBA?fileId=_3nZyQDXEEe2Sd_Hpmn5gBA$type=map?"/>
    <layoutConstraint xmi:type="notation:Bounds" xmi:id="_W4i58TXFEe2Sd_Hpmn5gBA" x="404" y="118"/>
  </children>
  <children xmi:type="notation:Shape" xmi:id="_X_svQDXFEe2Sd_Hpmn5gBA" type="2003" fontName="Segoe UI">
    <children xmi:type="notation:DecorationNode" xmi:id="_X_svQjXFEe2Sd_Hpmn5gBA" type="5002"/>
    <element xmi:type="map:Variable" href="resource.map#_X-BUQDXFEe2Sd_Hpmn5gBA?fileId=_3nZyQDXEEe2Sd_Hpmn5gBA$type=map?"/>
    <layoutConstraint xmi:type="notation:Bounds" xmi:id="_X_svQTXFEe2Sd_Hpmn5gBA" x="466" y="160"/>
  </children>
  <styles xmi:type="notation:DiagramStyle" xmi:id="b0c8eccb-9f47-428e-80aa-b4e4d7725a49"/>
  <element xmi:type="map:Map" href="resource.map#_3nZyQDXEEe2Sd_Hpmn5gBA?fileId=_3nZyQDXEEe2Sd_Hpmn5gBA$type=map$name=GenerateXMLCustomerDetails_var?"/>
  <edges xmi:type="notation:Edge" xmi:id="65129688-52b4-42cb-8ead-c542f7dc5ee8" type="targetLink" source="191667d6-f6b6-4677-befe-96ec3a914970" target="49c4150a-b0e2-4246-b6e6-33c1ccd8fdfa">
    <element xsi:nil="true"/>
    <bendpoints xmi:type="notation:RelativeBendpoints" xmi:id="cf432086-2392-49e5-aca0-5329f8201752" points="[0, 0, 193, 46]$[-94, 0, 99, 46]$[-193, -46, 0, 0]"/>
    <sourceAnchor xmi:type="notation:IdentityAnchor" xmi:id="0fdae2ec-cdad-4f27-b41f-108561f36e59" id="(0.0,0.054945054945054944)"/>
    <targetAnchor xmi:type="notation:IdentityAnchor" xmi:id="1d48569e-21de-4a73-a59c-737f07cfff27" id="(1.0,0.6444444444444445)"/>
  </edges>
  <edges xmi:type="notation:Edge" xmi:id="81763275-1ccc-4edb-90a0-80b128bda7ed" type="targetSetLink" source="191667d6-f6b6-4677-befe-96ec3a914970" target="191667d6-f6b6-4677-befe-96ec3a914970">
    <element xmi:type="map:SetDescriptor" href="resource.map#_3nc1vjXEEe2Sd_Hpmn5gBA?fileId=_3nZyQDXEEe2Sd_Hpmn5gBA$type=map?"/>
    <bendpoints xmi:type="notation:RelativeBendpoints" xmi:id="70bea397-bbc2-49e4-b638-7f060059460e" points="[0, 0, 0, 0]$[0, 0, 0, 0]"/>
  </edges>
  <edges xmi:type="notation:Edge" xmi:id="e274413d-2f53-403c-830c-d0838e16ad5f" type="targetLink" source="191667d6-f6b6-4677-befe-96ec3a914970" target="74a06dfa-3e09-4545-b5c6-548123452b65">
    <element xsi:nil="true"/>
    <bendpoints xmi:type="notation:RelativeBendpoints" xmi:id="f2b55fc6-fa41-44c0-a7b7-5c9961342ba1" points="[0, 0, 225, 0]$[-225, 0, 0, 0]"/>
    <sourceAnchor xmi:type="notation:IdentityAnchor" xmi:id="24d52d2b-680e-4cfe-adda-03343b0d8328" id="(0.0,0.7516483516483516)"/>
    <targetAnchor xmi:type="notation:IdentityAnchor" xmi:id="59732f6f-463a-4c52-9fd5-f58778cf1fc7" id="(1.0,0.39436619718309857)"/>
  </edges>
  <edges xmi:type="notation:Edge" xmi:id="9fd7bad2-7d03-44e8-9e72-2d81b719ea54" type="targetDataSetLink" source="191667d6-f6b6-4677-befe-96ec3a914970" target="191667d6-f6b6-4677-befe-96ec3a914970">
    <element xmi:type="map:DataSet" href="resource.map#_3neqwDXEEe2Sd_Hpmn5gBA?fileId=_3nZyQDXEEe2Sd_Hpmn5gBA$type=map?"/>
    <bendpoints xmi:type="notation:RelativeBendpoints" xmi:id="3e001e6c-efbb-4a98-9507-184bc7e351c2" points="[0, 0, 0, 0]$[0, 0, 0, 0]"/>
  </edges>
  <edges xmi:type="notation:Edge" xmi:id="33640773-981e-4a64-b4f2-bb10aeddda5a" type="targetLink" source="191667d6-f6b6-4677-befe-96ec3a914970" target="779464d3-55e4-4d0f-8194-d5824abf5116">
    <element xsi:nil="true"/>
    <bendpoints xmi:type="notation:RelativeBendpoints" xmi:id="168926ee-9eaf-40ad-8b77-de4d229e286c" points="[0, 0, 193, 0]$[-193, 0, 0, 0]"/>
    <sourceAnchor xmi:type="notation:IdentityAnchor" xmi:id="4271ee9f-1262-4561-beca-d11cbae826f8" id="(0.0,0.4989010989010989)"/>
    <targetAnchor xmi:type="notation:IdentityAnchor" xmi:id="11b7d63a-3ce9-4226-a204-52abd3ff8af9" id="(1.0,0.8383233532934131)"/>
  </edges>
  <edges xmi:type="notation:Edge" xmi:id="ee3f4bde-6d8f-4586-872d-7a33d8e28c45" type="targetLink" source="191667d6-f6b6-4677-befe-96ec3a914970" target="d7674ff1-2026-450d-9db0-e940eb1d412e">
    <element xsi:nil="true"/>
    <bendpoints xmi:type="notation:RelativeBendpoints" xmi:id="75e6df4e-5c09-49a9-8ef6-5d29ff2ffd6c" points="[0, 0, 154, -129]$[-94, 0, 60, -129]$[-154, 129, 0, 0]"/>
    <sourceAnchor xmi:type="notation:IdentityAnchor" xmi:id="16e6eb25-5a03-4c33-9542-1d085f707d97" id="(0.0,0.8241758241758241)"/>
    <targetAnchor xmi:type="notation:IdentityAnchor" xmi:id="3f66a523-3cab-44f1-94d8-6af0c91a3c11" id="(1.0,0.4957983193277311)"/>
  </edges>
  <edges xmi:type="notation:Edge" xmi:id="0ef2af70-fdbd-450e-bba4-a8c51ddebb1b" type="targetLink" source="191667d6-f6b6-4677-befe-96ec3a914970" target="48baae75-0723-438e-b581-1dd802f0d59d">
    <element xsi:nil="true"/>
    <bendpoints xmi:type="notation:RelativeBendpoints" xmi:id="4d472f62-a2fb-412a-80dc-5bfd90913ef7" points="[0, 0, 218, -228]$[-155, 180, 63, -48]$[-218, 228, 0, 0]"/>
    <sourceAnchor xmi:type="notation:IdentityAnchor" xmi:id="5657b557-4850-4eeb-83de-73c8f786d911" id="(0.0,0.9736263736263736)"/>
    <targetAnchor xmi:type="notation:IdentityAnchor" xmi:id="748b4e06-b710-4872-8a03-e80c26b06330" id="(1.0,0.6619718309859155)"/>
  </edges>
  <edges xmi:type="notation:Edge" xmi:id="c5361563-0e9b-490c-9e4b-265bf8dc0a63" type="targetLink" source="191667d6-f6b6-4677-befe-96ec3a914970" target="27155f90-968f-40e1-9c48-6445de0ccb8f">
    <element xsi:nil="true"/>
    <bendpoints xmi:type="notation:RelativeBendpoints" xmi:id="2618ff0b-d90c-44e4-a734-7606eabc4fcc" points="[0, 0, 160, 254]$[-160, -254, 0, 0]"/>
    <sourceAnchor xmi:type="notation:IdentityAnchor" xmi:id="4cc52b3d-c58d-4107-b519-f908cfe729df" id="(0.0,0.013186813186813187)"/>
    <targetAnchor xmi:type="notation:IdentityAnchor" xmi:id="c81f945b-ae02-47bd-b247-cb03eddfb51d" id="(1.0,0.3277310924369748)"/>
  </edges>
  <edges xmi:type="notation:Edge" xmi:id="d4d536b6-3c87-49de-914c-ec4814117026" type="joinLink" source="bbe3cfe1-124d-4700-bce7-a8fd5c6a2a31" target="74a06dfa-3e09-4545-b5c6-548123452b65">
    <element xsi:nil="true"/>
    <bendpoints xmi:type="notation:RelativeBendpoints" xmi:id="8eac44e0-c509-4f92-a3a5-e10dbb8fe5b1" points="[17, 0, 668, 225]$[77, 0, 728, 225]"/>
    <sourceAnchor xmi:type="notation:IdentityAnchor" xmi:id="4c30f860-f6f5-4fdc-9805-d5575fbf4bc5" id="(1.0,0.48)"/>
    <targetAnchor xmi:type="notation:IdentityAnchor" xmi:id="b818e93b-14a3-40bf-8dcc-42846fb093f8" id="(1.0,0.19718309859154928)"/>
  </edges>
  <edges xmi:type="notation:Edge" xmi:id="54d7176f-13ec-4214-94cc-3663f56b37ca" type="joinLink" source="bbe3cfe1-124d-4700-bce7-a8fd5c6a2a31" target="49c4150a-b0e2-4246-b6e6-33c1ccd8fdfa">
    <element xsi:nil="true"/>
    <bendpoints xmi:type="notation:RelativeBendpoints" xmi:id="95e1e181-e440-4c2a-b247-ce696e2c3990" points="[17, 0, 431, 238]$[77, 0, 491, 238]"/>
    <sourceAnchor xmi:type="notation:IdentityAnchor" xmi:id="c9669f21-3b6e-40b3-bf1f-7ec526e6faa9" id="(1.0,0.48)"/>
    <targetAnchor xmi:type="notation:IdentityAnchor" xmi:id="b0a49a5e-12bd-42a9-be76-2dda5a1534ad" id="(1.0,0.8222222222222222)"/>
  </edges>
  <edges xmi:type="notation:Edge" xmi:id="c4acd779-cf9d-4d19-9f19-32ba2d7bf9ee" type="joinLink" source="2835103a-67fc-49db-9dbb-f2400ac23c58" target="49c4150a-b0e2-4246-b6e6-33c1ccd8fdfa">
    <element xsi:nil="true"/>
    <bendpoints xmi:type="notation:RelativeBendpoints" xmi:id="034aa502-d723-4c9a-9240-988f08673bf7" points="[17, 4, 431, 41]$[77, 50, 491, 87]"/>
    <sourceAnchor xmi:type="notation:IdentityAnchor" xmi:id="f0affe15-03be-4a5a-a982-b82b087603f9" id="(1.0,0.64)"/>
    <targetAnchor xmi:type="notation:IdentityAnchor" xmi:id="77678385-bec1-46fb-8be4-a011c7bb92fe" id="(1.0,0.562962962962963)"/>
  </edges>
  <edges xmi:type="notation:Edge" xmi:id="12bbcea6-e8df-448f-bc43-dc299084efab" type="joinLink" source="2835103a-67fc-49db-9dbb-f2400ac23c58" target="27155f90-968f-40e1-9c48-6445de0ccb8f">
    <element xsi:nil="true"/>
    <bendpoints xmi:type="notation:RelativeBendpoints" xmi:id="474661c4-e75d-48f8-8e2e-6acdf8261420" points="[17, -4, 115, 18]$[77, 44, 175, 66]"/>
    <sourceAnchor xmi:type="notation:IdentityAnchor" xmi:id="783166b4-53ca-4c7f-982b-09cabf83a87a" id="(1.0,0.32)"/>
    <targetAnchor xmi:type="notation:IdentityAnchor" xmi:id="b32b7b6b-1dac-480f-b375-a8d56a04bb68" id="(1.0,0.6638655462184874)"/>
  </edges>
  <edges xmi:type="notation:Edge" xmi:id="d08db6f9-819e-48df-b432-08523dee3242" type="joinLink" source="78e3f112-2334-45f7-a1ea-1863ffccc6c0" target="779464d3-55e4-4d0f-8194-d5824abf5116">
    <element xsi:nil="true"/>
    <bendpoints xmi:type="notation:RelativeBendpoints" xmi:id="ce05881a-47c6-4252-9710-e919bba38e4b" points="[17, 0, 224, -56]$[77, 0, 284, -56]"/>
    <sourceAnchor xmi:type="notation:IdentityAnchor" xmi:id="229d4041-7936-4f0d-b5aa-e882c95c3b13" id="(1.0,0.48)"/>
    <targetAnchor xmi:type="notation:IdentityAnchor" xmi:id="e31b5924-5bb8-4ce9-9961-ac139f43454f" id="(1.0,0.41916167664670656)"/>
  </edges>
  <edges xmi:type="notation:Edge" xmi:id="c9290dd7-b79d-425c-a822-663589848402" type="joinLink" source="78e3f112-2334-45f7-a1ea-1863ffccc6c0" target="49c4150a-b0e2-4246-b6e6-33c1ccd8fdfa">
    <element xsi:nil="true"/>
    <bendpoints xmi:type="notation:RelativeBendpoints" xmi:id="5fac17dd-daa4-46f6-adc1-1b219beee701" points="[17, 0, 431, 153]$[77, 0, 491, 153]"/>
    <sourceAnchor xmi:type="notation:IdentityAnchor" xmi:id="9bdb0c73-61e4-48d0-88cb-f572bc312f81" id="(1.0,0.48)"/>
    <targetAnchor xmi:type="notation:IdentityAnchor" xmi:id="5b5b978f-6990-4548-a20f-cf035035f8ce" id="(1.0,0.7333333333333333)"/>
  </edges>
  <edges xmi:type="notation:Edge" xmi:id="13ef7942-bf18-450e-8452-bced2510fbf3" type="joinLink" source="9646b031-27da-4f8b-ba7a-0a935966eff4" target="49c4150a-b0e2-4246-b6e6-33c1ccd8fdfa">
    <element xsi:nil="true"/>
    <bendpoints xmi:type="notation:RelativeBendpoints" xmi:id="6b806a5d-0167-4623-ac08-32ad9a82f5ff" points="[17, 0, 431, 354]$[77, 0, 491, 354]"/>
    <sourceAnchor xmi:type="notation:IdentityAnchor" xmi:id="2fe2054f-9c1d-48e0-8237-786a0c5b99d2" id="(1.0,0.48)"/>
    <targetAnchor xmi:type="notation:IdentityAnchor" xmi:id="4f98e0ef-a3bf-46b9-9c4c-6aaacb485d72" id="(1.0,0.9111111111111111)"/>
  </edges>
  <edges xmi:type="notation:Edge" xmi:id="6603133a-f356-4df8-9671-ca8d98a216e0" type="joinLink" source="9646b031-27da-4f8b-ba7a-0a935966eff4" target="d7674ff1-2026-450d-9db0-e940eb1d412e">
    <element xsi:nil="true"/>
    <bendpoints xmi:type="notation:RelativeBendpoints" xmi:id="51464f8a-4022-4faf-921f-e5103aa897ae" points="[17, 0, 460, 72]$[77, 0, 520, 72]"/>
    <sourceAnchor xmi:type="notation:IdentityAnchor" xmi:id="861142bd-4a58-4fbb-bb33-3605d72771ec" id="(1.0,0.48)"/>
    <targetAnchor xmi:type="notation:IdentityAnchor" xmi:id="d8afdd79-aeeb-4258-94bc-1c755e79b0ba" id="(1.0,0.24369747899159663)"/>
  </edges>
  <edges xmi:type="notation:Edge" xmi:id="6a7ad386-4b6d-47ef-b5ed-988d03b26d72" type="joinLink" source="f60322a6-9dda-440c-96a1-cbf33c05ccdf" target="48baae75-0723-438e-b581-1dd802f0d59d">
    <element xsi:nil="true"/>
    <bendpoints xmi:type="notation:RelativeBendpoints" xmi:id="93d35ca5-9738-4405-941a-fbb8d1b1c1d4" points="[17, 0, 427, 76]$[77, 0, 487, 76]"/>
    <sourceAnchor xmi:type="notation:IdentityAnchor" xmi:id="64aa4839-0370-4a38-8449-d303036a026a" id="(1.0,0.48)"/>
    <targetAnchor xmi:type="notation:IdentityAnchor" xmi:id="d12b5b7e-d635-413b-a308-edf5701693ca" id="(1.0,0.323943661971831)"/>
  </edges>
  <edges xmi:type="notation:Edge" xmi:id="2334a046-0787-4c0a-a717-e64add592e84" type="joinLink" source="f60322a6-9dda-440c-96a1-cbf33c05ccdf" target="d7674ff1-2026-450d-9db0-e940eb1d412e">
    <element xsi:nil="true"/>
    <bendpoints xmi:type="notation:RelativeBendpoints" xmi:id="83db59b8-8e70-4a49-b63d-892ef92e43f4" points="[17, 0, 460, 219]$[77, 0, 520, 219]"/>
    <sourceAnchor xmi:type="notation:IdentityAnchor" xmi:id="58e2470c-fc07-4c36-98de-599af1aae7b9" id="(1.0,0.48)"/>
    <targetAnchor xmi:type="notation:IdentityAnchor" xmi:id="35fcf69c-092c-453e-b3af-25a457b5a68c" id="(1.0,0.7478991596638656)"/>
  </edges>
  <edges xmi:type="notation:Edge" xmi:id="_POYqoDXFEe2Sd_Hpmn5gBA" type="joinLink" source="_POA3MDXFEe2Sd_Hpmn5gBA" target="49c4150a-b0e2-4246-b6e6-33c1ccd8fdfa">
    <element xsi:nil="true"/>
    <bendpoints xmi:type="notation:RelativeBendpoints" xmi:id="_POYqoTXFEe2Sd_Hpmn5gBA" points="[0, 0, -114, -276]$[86, 209, -28, -67]"/>
  </edges>
  <edges xmi:type="notation:Edge" xmi:id="_U-SMsDXFEe2Sd_Hpmn5gBA" type="joinDeductedLink" source="_POA3MDXFEe2Sd_Hpmn5gBA" target="_U99ckDXFEe2Sd_Hpmn5gBA">
    <element xsi:nil="true"/>
    <bendpoints xmi:type="notation:RelativeBendpoints" xmi:id="_U-SMsTXFEe2Sd_Hpmn5gBA" points="[-15, -15, 196, 183]$[-211, -198, 0, 0]"/>
  </edges>
  <edges xmi:type="notation:Edge" xmi:id="_Vzjn0DXFEe2Sd_Hpmn5gBA" type="joinDeductedLink" source="_POA3MDXFEe2Sd_Hpmn5gBA" target="_VzTJIDXFEe2Sd_Hpmn5gBA">
    <element xsi:nil="true"/>
    <bendpoints xmi:type="notation:RelativeBendpoints" xmi:id="_Vzjn0TXFEe2Sd_Hpmn5gBA" points="[-15, -15, 196, 183]$[-211, -198, 0, 0]"/>
  </edges>
</notation:Diagram>
]]></diagram>
</map:map>