<?xml version="1.0" encoding="UTF-8"?>
<map:map xmlns:map="http://www.indy.com/v2/map" id="_r28Z8JcpEeyNk-8PTn1xFw" internalVersion="8" tech="resource.tech#_waYSMH8VEd2__Mzb_dB76A?fileId=_waYSMH8VEd2__Mzb_dB76A$type=tech$name=flow?">
  <datastore id="_r28Z8ZcpEeyNk-8PTn1xFw" alias="Time" dataset="_r28aF5cpEeyNk-8PTn1xFw" ref="resource.md#_VvvmMJcREeyNk-8PTn1xFw?fileId=_yUtrUDuOEeufR_jwQ73gkQ$type=md$name=time?">
    <field id="_r28Z8pcpEeyNk-8PTn1xFw" expand="true" name="time" ref="resource.md#_VvvmMJcREeyNk-8PTn1xFw?fileId=_yUtrUDuOEeufR_jwQ73gkQ$type=md$name=time?" updateKey="true"/>
    <field id="_r28Z85cpEeyNk-8PTn1xFw" fullAlias="day_date" name="day_date" parent="_r28Z8pcpEeyNk-8PTn1xFw" ref="resource.md#_XMXVMJcREeyNk-8PTn1xFw?fileId=_yUtrUDuOEeufR_jwQ73gkQ$type=md$name=day_date?"/>
  </datastore>
  <datastore id="_r28Z9JcpEeyNk-8PTn1xFw" alias="dim_time" dataset="_r28aGJcpEeyNk-8PTn1xFw" ref="resource.md#_b39HIJb8EeytipfABCJWjQ?fileId=_50xksJMhEeymq6fNOAxqGA$type=md$name=dim_time?" subExpression="[A]">
    <field id="_r28Z9ZcpEeyNk-8PTn1xFw" enable="true" insert="true" name="time_key_day" ref="resource.md#_b4Eb4Jb8EeytipfABCJWjQ?fileId=_50xksJMhEeymq6fNOAxqGA$type=md$name=time_key_day?" update="true" updateKey="true">
      <expression id="_r28Z9pcpEeyNk-8PTn1xFw" setDescriptorRef="_r28aAJcpEeyNk-8PTn1xFw">
        <expression>gen_date.time_year||gen_date.time_month||gen_date.time_month_day</expression>
      </expression>
    </field>
    <field id="_r28Z95cpEeyNk-8PTn1xFw" enable="true" insert="true" name="time_quarter" ref="resource.md#_b4U6kJb8EeytipfABCJWjQ?fileId=_50xksJMhEeymq6fNOAxqGA$type=md$name=time_quarter?" update="true">
      <expression id="_r28Z-JcpEeyNk-8PTn1xFw" setDescriptorRef="_r28aAJcpEeyNk-8PTn1xFw">
        <expression>EXTRACT(QUARTER FROM gen_date.day_date)</expression>
      </expression>
    </field>
    <field id="_r28Z-ZcpEeyNk-8PTn1xFw" enable="true" insert="true" name="time_year" ref="resource.md#_b4ZMAZb8EeytipfABCJWjQ?fileId=_50xksJMhEeymq6fNOAxqGA$type=md$name=time_year?" update="true">
      <expression id="_r28Z-pcpEeyNk-8PTn1xFw" setDescriptorRef="_r28aAJcpEeyNk-8PTn1xFw">
        <expression>CAST(gen_date.time_year AS INTEGER)</expression>
      </expression>
    </field>
    <field id="_r28Z-5cpEeyNk-8PTn1xFw" enable="true" insert="true" name="time_date" ref="resource.md#_b4KigJb8EeytipfABCJWjQ?fileId=_50xksJMhEeymq6fNOAxqGA$type=md$name=time_date?" update="true">
      <expression id="_r28Z_JcpEeyNk-8PTn1xFw" setDescriptorRef="_r28aAJcpEeyNk-8PTn1xFw">
        <expression>gen_date.day_date</expression>
      </expression>
    </field>
    <field id="_r28Z_ZcpEeyNk-8PTn1xFw" enable="true" insert="true" name="time_month" ref="resource.md#_b4PbAZb8EeytipfABCJWjQ?fileId=_50xksJMhEeymq6fNOAxqGA$type=md$name=time_month?" update="true">
      <expression id="_r28Z_pcpEeyNk-8PTn1xFw" setDescriptorRef="_r28aAJcpEeyNk-8PTn1xFw">
        <expression>CAST(gen_date.time_month AS INTEGER)</expression>
      </expression>
    </field>
    <constraint id="_r28Z_5cpEeyNk-8PTn1xFw" name="pk_dim_time" ref="resource.md#_b4ggwJb8EeytipfABCJWjQ?fileId=_50xksJMhEeymq6fNOAxqGA$type=md$name=pk_dim_time?" reject="true"/>
    <setDescriptor id="_r28aAJcpEeyNk-8PTn1xFw" label="A"/>
  </datastore>
  <datastore id="_r28aAZcpEeyNk-8PTn1xFw" alias="t_planning" dataset="_r28aGpcpEeyNk-8PTn1xFw" ref="resource.md#_NyCN8Jb_EeytipfABCJWjQ?fileId=_DS58oJb_EeytipfABCJWjQ$type=md$name=t_planning?">
    <field id="_r28aApcpEeyNk-8PTn1xFw" fullAlias="pln_day" name="pln_day" ref="resource.md#_NyF4UJb_EeytipfABCJWjQ?fileId=_DS58oJb_EeytipfABCJWjQ$type=md$name=pln_day?" updateKey="true"/>
    <constraint id="_r28aA5cpEeyNk-8PTn1xFw" name="pk_t_planning" ref="resource.md#_NyJisJb_EeytipfABCJWjQ?fileId=_DS58oJb_EeytipfABCJWjQ$type=md$name=pk_t_planning?" reject="true"/>
  </datastore>
  <datastore id="_xANZ0JcpEeyNk-8PTn1xFw" alias="q_date_gen" dataset="_xAQdIJcpEeyNk-8PTn1xFw" ref="resource.md#_2J9XUJcoEeyNk-8PTn1xFw?fileId=_DS58oJb_EeytipfABCJWjQ$type=md$name=q_date_gen?">
    <field id="_xAP2EZcpEeyNk-8PTn1xFw" fullAlias="date_gen" name="date_gen" ref="resource.md#_a9ctQJcpEeyNk-8PTn1xFw?fileId=_DS58oJb_EeytipfABCJWjQ$type=md$name=date_gen?"/>
  </datastore>
  <template id="_r28aBJcpEeyNk-8PTn1xFw" name="L1_gen_date" process="resource.proc#_8fa24535-b67f-4d00-aca7-ac642ec8ff0f?fileId=_8fa24535-b67f-4d00-aca7-ac642ec8ff0f$type=proc$name=LOAD%20File%20to%20PostGre%20SQL%20(with%20Copy)?" sourceId="_r28Z8ZcpEeyNk-8PTn1xFw" targetId="_r28aCJcpEeyNk-8PTn1xFw"/>
  <template id="_r28aBZcpEeyNk-8PTn1xFw" name="I_gen_date" process="resource.proc#_v8JEkTNEEeSH5LKy1U4ptg?fileId=_v8JEkTNEEeSH5LKy1U4ptg$type=proc$name=STAGING%20Rdbms%20As%20SubQuery?" targetId="_r28aCJcpEeyNk-8PTn1xFw"/>
  <template id="_r28aBpcpEeyNk-8PTn1xFw" name="I_dim_time" process="resource.proc#_dQ2dRp4SEd6bQIkgWyxFQQ?fileId=_dQ2dRp4SEd6bQIkgWyxFQQ$type=proc$name=INTEGRATION%20PostgreSql?" targetId="_r28Z9JcpEeyNk-8PTn1xFw"/>
  <template id="_r28aB5cpEeyNk-8PTn1xFw" name="L2_timestamp" process="resource.proc#_aafbe681-11ab-4ebc-ab56-de794128c580?fileId=_aafbe681-11ab-4ebc-ab56-de794128c580$type=proc$name=LOAD%20Rdbms%20to%20Rdbms?" sourceId="_r28aAZcpEeyNk-8PTn1xFw" targetId="_za2QQJcpEeyNk-8PTn1xFw"/>
  <template id="_zbUKUJcpEeyNk-8PTn1xFw" name="I_timestamp" process="resource.proc#_v8JEkTNEEeSH5LKy1U4ptg?fileId=_v8JEkTNEEeSH5LKy1U4ptg$type=proc$name=STAGING%20Rdbms%20As%20SubQuery?" targetId="_za2QQJcpEeyNk-8PTn1xFw"/>
  <template id="_1MXRMJcpEeyNk-8PTn1xFw" name="L1_timestamp" process="resource.proc#_aafbe681-11ab-4ebc-ab56-de794128c580?fileId=_aafbe681-11ab-4ebc-ab56-de794128c580$type=proc$name=LOAD%20Rdbms%20to%20Rdbms?" sourceId="_xANZ0JcpEeyNk-8PTn1xFw" targetId="_za2QQJcpEeyNk-8PTn1xFw"/>
  <query id="_r28aCJcpEeyNk-8PTn1xFw" alias="gen_date" dataset="_r28aGZcpEeyNk-8PTn1xFw" stagingArea="resource.md#_4JLQUJcYEeyNk-8PTn1xFw?fileId=_50xksJMhEeymq6fNOAxqGA$type=md$name=datamart.work_dm?" subExpression="[file] Union [timestamp]">
    <field id="_r28aCZcpEeyNk-8PTn1xFw" name="day_date">
      <expression id="_r28aCpcpEeyNk-8PTn1xFw" location="WRK" setDescriptorRef="_r28aFZcpEeyNk-8PTn1xFw">
        <expression>CAST(SUBSTR(Time.day_date, 7,4)||'-'||SUBSTR(Time.day_date, 4,2)||'-'||SUBSTR(Time.day_date, 1,2)||' 00:00:00' AS TIMESTAMP)</expression>
      </expression>
      <expression id="_r28aC5cpEeyNk-8PTn1xFw" location="WRK" setDescriptorRef="_r28aFpcpEeyNk-8PTn1xFw">
        <expression>timestamp.pln_day</expression>
      </expression>
    </field>
    <field id="_r28aDJcpEeyNk-8PTn1xFw" name="time_month_day">
      <expression id="_r28aDZcpEeyNk-8PTn1xFw" location="WRK" setDescriptorRef="_r28aFZcpEeyNk-8PTn1xFw">
        <expression>SUBSTR(Time.day_date,1,2)</expression>
      </expression>
      <expression id="_r28aDpcpEeyNk-8PTn1xFw" location="WRK" setDescriptorRef="_r28aFpcpEeyNk-8PTn1xFw">
        <expression>SUBSTR(CAST(timestamp.pln_day AS VARCHAR),9,2)</expression>
      </expression>
    </field>
    <field id="_r28aD5cpEeyNk-8PTn1xFw" name="time_month">
      <expression id="_r28aEJcpEeyNk-8PTn1xFw" location="WRK" setDescriptorRef="_r28aFZcpEeyNk-8PTn1xFw">
        <expression>SUBSTR(Time.day_date,4,2)</expression>
      </expression>
      <expression id="_r28aEZcpEeyNk-8PTn1xFw" location="WRK" setDescriptorRef="_r28aFpcpEeyNk-8PTn1xFw">
        <expression>SUBSTR(CAST(timestamp.pln_day AS VARCHAR),6,2)</expression>
      </expression>
    </field>
    <field id="_r28aEpcpEeyNk-8PTn1xFw" name="time_year">
      <expression id="_r28aE5cpEeyNk-8PTn1xFw" location="WRK" setDescriptorRef="_r28aFZcpEeyNk-8PTn1xFw">
        <expression>SUBSTR(Time.day_date,7,4)</expression>
      </expression>
      <expression id="_r28aFJcpEeyNk-8PTn1xFw" location="WRK" setDescriptorRef="_r28aFpcpEeyNk-8PTn1xFw">
        <expression>SUBSTR(CAST(timestamp.pln_day AS VARCHAR),1,4)</expression>
      </expression>
    </field>
    <setDescriptor id="_r28aFZcpEeyNk-8PTn1xFw" label="file"/>
    <setDescriptor id="_r28aFpcpEeyNk-8PTn1xFw" label="timestamp"/>
  </query>
  <query id="_za2QQJcpEeyNk-8PTn1xFw" alias="timestamp" dataset="_za23UJcpEeyNk-8PTn1xFw" stagingArea="resource.md#_4JLQUJcYEeyNk-8PTn1xFw?fileId=_50xksJMhEeymq6fNOAxqGA$type=md$name=datamart.work_dm?" subExpression="[table] Union [query]">
    <field id="_zbM1kJcpEeyNk-8PTn1xFw" name="pln_day">
      <expression id="_zbM1kpcpEeyNk-8PTn1xFw" location="WRK" setDescriptorRef="_zbM1kZcpEeyNk-8PTn1xFw">
        <expression>t_planning.pln_day</expression>
      </expression>
      <expression id="_0K2w4ZcpEeyNk-8PTn1xFw" location="WRK" setDescriptorRef="_0K2w4JcpEeyNk-8PTn1xFw">
        <expression>q_date_gen.date_gen</expression>
      </expression>
    </field>
    <setDescriptor id="_zbM1kZcpEeyNk-8PTn1xFw" label="table"/>
    <setDescriptor id="_0K2w4JcpEeyNk-8PTn1xFw" label="query"/>
  </query>
  <dataSet id="_r28aF5cpEeyNk-8PTn1xFw">
    <container>_r28Z8ZcpEeyNk-8PTn1xFw</container>
  </dataSet>
  <dataSet id="_r28aGJcpEeyNk-8PTn1xFw">
    <container>_r28Z9JcpEeyNk-8PTn1xFw</container>
  </dataSet>
  <dataSet id="_r28aGZcpEeyNk-8PTn1xFw">
    <container>_r28aCJcpEeyNk-8PTn1xFw</container>
  </dataSet>
  <dataSet id="_r28aGpcpEeyNk-8PTn1xFw">
    <container>_r28aAZcpEeyNk-8PTn1xFw</container>
  </dataSet>
  <dataSet id="_xAQdIJcpEeyNk-8PTn1xFw">
    <container>_xANZ0JcpEeyNk-8PTn1xFw</container>
  </dataSet>
  <dataSet id="_za23UJcpEeyNk-8PTn1xFw">
    <container>_za2QQJcpEeyNk-8PTn1xFw</container>
  </dataSet>
  <hint>
    <usedField>#_r28Z85cpEeyNk-8PTn1xFw</usedField>
    <usedField>#_r28aApcpEeyNk-8PTn1xFw</usedField>
    <usedField>#_xAP2EZcpEeyNk-8PTn1xFw</usedField>
  </hint>
  <diagram><![CDATA[<?xml version="1.0" encoding="UTF-8"?>
<notation:Diagram xmi:version="2.0" xmlns:xmi="http://www.omg.org/XMI" xmlns:xsi="http://www.w3.org/2001/XMLSchema-instance" xmlns:map="http://www.indy.com/v2/map" xmlns:notation="http://www.eclipse.org/gmf/runtime/1.0.1/notation" xsi:schemaLocation="http://www.eclipse.org/gmf/runtime/1.0.1/notation " xmi:id="16fc474d-9af4-4bb9-b0e4-11118001b5af" type="Map" measurementUnit="Pixel">
  <children xmi:type="notation:Shape" xmi:id="79bc6c39-2bbf-40d9-bba7-465b470259ab" type="2004" fontName="Segoe UI">
    <children xmi:type="notation:DecorationNode" xmi:id="436314e7-4b5f-42ff-8f2e-1bcd88645fb9" type="5005"/>
    <children xmi:type="notation:DecorationNode" xmi:id="cb5c34fa-5972-4376-a7cb-5550cc3910c2" type="5007"/>
    <children xmi:type="notation:DecorationNode" xmi:id="06d2c1a6-c0b1-48de-b7d9-8ba806a87745" type="7003"/>
    <children xmi:type="notation:DecorationNode" xmi:id="8ee648c8-f90c-446f-a3dd-26cb116c5685" type="7009"/>
    <children xmi:type="notation:BasicCompartment" xmi:id="8ad992e9-e268-4882-a949-8b31c2d7ff69" type="7004">
      <styles xmi:type="notation:SortingStyle" xmi:id="0d1f30f8-7524-4a92-91d4-ca3e8d1b4e83"/>
      <styles xmi:type="notation:FilteringStyle" xmi:id="ca5b5f49-fc27-4d0b-8ffd-5030c1279e7a"/>
    </children>
    <children xmi:type="notation:DecorationNode" xmi:id="5e139d0f-f949-459f-81b3-1284ed4eaae7" type="5009">
      <styles xmi:type="notation:DrawerStyle" xmi:id="4e45f9d9-de43-4288-afb5-c47c47341152"/>
    </children>
    <children xmi:type="notation:DecorationNode" xmi:id="1f0b2147-3b04-422b-a436-2a5c1b92de2c" type="7005">
      <styles xmi:type="notation:SortingStyle" xmi:id="bbaf42dd-fc6a-4b9b-8e9d-94294270fb0b"/>
      <styles xmi:type="notation:FilteringStyle" xmi:id="7fc7696e-2d1a-44bf-bff3-42357600ccca"/>
    </children>
    <children xmi:type="notation:BasicCompartment" xmi:id="0a5be541-2f62-42c2-bdce-be4bc30acb3f" type="7007"/>
    <element xmi:type="map:Datastore" href="resource.map#_r28aAZcpEeyNk-8PTn1xFw?fileId=_r28Z8JcpEeyNk-8PTn1xFw$type=map?"/>
    <layoutConstraint xmi:type="notation:Bounds" xmi:id="c9d138c0-4a89-4746-b47b-a1823061d0c1" x="30" y="120"/>
  </children>
  <children xmi:type="notation:Shape" xmi:id="_xAa1MJcpEeyNk-8PTn1xFw" type="2004" fontName="Segoe UI">
    <children xmi:type="notation:DecorationNode" xmi:id="_xAbcQJcpEeyNk-8PTn1xFw" type="5005"/>
    <children xmi:type="notation:DecorationNode" xmi:id="_xAbcQZcpEeyNk-8PTn1xFw" type="5007"/>
    <children xmi:type="notation:DecorationNode" xmi:id="_xAbcQpcpEeyNk-8PTn1xFw" type="7003"/>
    <children xmi:type="notation:DecorationNode" xmi:id="_xAbcQ5cpEeyNk-8PTn1xFw" type="7009"/>
    <children xmi:type="notation:BasicCompartment" xmi:id="_xAbcRJcpEeyNk-8PTn1xFw" type="7004">
      <styles xmi:type="notation:SortingStyle" xmi:id="_xAbcRZcpEeyNk-8PTn1xFw"/>
      <styles xmi:type="notation:FilteringStyle" xmi:id="_xAbcRpcpEeyNk-8PTn1xFw"/>
    </children>
    <children xmi:type="notation:DecorationNode" xmi:id="_xAbcR5cpEeyNk-8PTn1xFw" type="5009">
      <styles xmi:type="notation:DrawerStyle" xmi:id="_xAbcSJcpEeyNk-8PTn1xFw"/>
    </children>
    <children xmi:type="notation:DecorationNode" xmi:id="_xAbcSZcpEeyNk-8PTn1xFw" type="7005">
      <styles xmi:type="notation:SortingStyle" xmi:id="_xAbcSpcpEeyNk-8PTn1xFw"/>
      <styles xmi:type="notation:FilteringStyle" xmi:id="_xAbcS5cpEeyNk-8PTn1xFw"/>
    </children>
    <children xmi:type="notation:BasicCompartment" xmi:id="_xAbcTJcpEeyNk-8PTn1xFw" type="7007"/>
    <element xmi:type="map:Datastore" href="resource.map#_xANZ0JcpEeyNk-8PTn1xFw?fileId=_r28Z8JcpEeyNk-8PTn1xFw$type=map?"/>
    <layoutConstraint xmi:type="notation:Bounds" xmi:id="_xAa1MZcpEeyNk-8PTn1xFw" x="30" y="235"/>
  </children>
  <children xmi:type="notation:Shape" xmi:id="c92facf1-cf61-479a-a091-3373af5432be" type="2004" fontName="Segoe UI">
    <children xmi:type="notation:DecorationNode" xmi:id="4b68bc67-4e00-468c-afbb-08fc6220f19b" type="5005"/>
    <children xmi:type="notation:DecorationNode" xmi:id="d5cd82f7-7263-48a1-a37c-8942b09bed1d" type="5007"/>
    <children xmi:type="notation:DecorationNode" xmi:id="d23227cf-4eb5-41df-b3ca-deca990cd0ba" type="7003"/>
    <children xmi:type="notation:DecorationNode" xmi:id="16887b15-5810-46c5-a222-a79ad7e563d7" type="7009"/>
    <children xmi:type="notation:BasicCompartment" xmi:id="74e7a1a5-b66d-4bcc-b99c-70edc3d064cb" type="7004">
      <styles xmi:type="notation:SortingStyle" xmi:id="86925d13-f9bb-40c3-858e-0a4b90cda089"/>
      <styles xmi:type="notation:FilteringStyle" xmi:id="8d0307ff-11ca-4bfd-ac4e-079f7167effc"/>
    </children>
    <children xmi:type="notation:DecorationNode" xmi:id="c65755de-35cd-485b-8276-60a131c229c7" type="5009">
      <styles xmi:type="notation:DrawerStyle" xmi:id="274ca330-aee0-4683-b681-5bbec56920bd"/>
    </children>
    <children xmi:type="notation:DecorationNode" xmi:id="3ca32c9c-72ec-41a9-aa16-7bf7a04b0c13" type="7005">
      <styles xmi:type="notation:SortingStyle" xmi:id="ad7f4edf-4f8f-4160-8e46-7b9d7878ce2a"/>
      <styles xmi:type="notation:FilteringStyle" xmi:id="f8ed72cf-2090-4c63-bb54-8a7412b5b62c"/>
    </children>
    <children xmi:type="notation:BasicCompartment" xmi:id="207df352-832e-402f-9a35-b51d2a473ad9" type="7007"/>
    <element xmi:type="map:Datastore" href="resource.map#_r28Z8ZcpEeyNk-8PTn1xFw?fileId=_r28Z8JcpEeyNk-8PTn1xFw$type=map?"/>
    <layoutConstraint xmi:type="notation:Bounds" xmi:id="433ad17e-6b5d-4647-9141-b3a30be40cd4" x="227" y="30"/>
  </children>
  <children xmi:type="notation:Shape" xmi:id="_zbJyQJcpEeyNk-8PTn1xFw" type="2001" fontName="Segoe UI">
    <children xmi:type="notation:DecorationNode" xmi:id="_zbJyQpcpEeyNk-8PTn1xFw" type="5001"/>
    <children xmi:type="notation:DecorationNode" xmi:id="_zbJyQ5cpEeyNk-8PTn1xFw" type="5007"/>
    <children xmi:type="notation:DecorationNode" xmi:id="_zbJyRJcpEeyNk-8PTn1xFw" type="7001"/>
    <children xmi:type="notation:DecorationNode" xmi:id="_zbJyRZcpEeyNk-8PTn1xFw" type="7011"/>
    <children xmi:type="notation:BasicCompartment" xmi:id="_zbJyRpcpEeyNk-8PTn1xFw" type="7002">
      <styles xmi:type="notation:SortingStyle" xmi:id="_zbJyR5cpEeyNk-8PTn1xFw"/>
      <styles xmi:type="notation:FilteringStyle" xmi:id="_zbJySJcpEeyNk-8PTn1xFw"/>
    </children>
    <children xmi:type="notation:DecorationNode" xmi:id="_zbJySZcpEeyNk-8PTn1xFw" type="5008">
      <styles xmi:type="notation:DrawerStyle" xmi:id="_zbJySpcpEeyNk-8PTn1xFw"/>
    </children>
    <children xmi:type="notation:BasicCompartment" xmi:id="_zbJyS5cpEeyNk-8PTn1xFw" type="7007"/>
    <element xmi:type="map:Query" href="resource.map#_za2QQJcpEeyNk-8PTn1xFw?fileId=_r28Z8JcpEeyNk-8PTn1xFw$type=map?"/>
    <layoutConstraint xmi:type="notation:Bounds" xmi:id="_zbJyQZcpEeyNk-8PTn1xFw" x="227" y="161"/>
  </children>
  <children xmi:type="notation:Shape" xmi:id="249c0c78-c727-4e7a-bd83-d70c7ce2fb44" type="2004" fontName="Segoe UI">
    <children xmi:type="notation:DecorationNode" xmi:id="52c1dd04-2d58-4a68-b9b5-b47bab1163ee" type="5005"/>
    <children xmi:type="notation:DecorationNode" xmi:id="72b19d6d-24a7-4fb7-b8e9-5872daff93a3" type="5007"/>
    <children xmi:type="notation:DecorationNode" xmi:id="0ba5441a-b44d-4558-b984-c00ffdef84db" type="7003"/>
    <children xmi:type="notation:DecorationNode" xmi:id="55215775-6dac-446d-be47-7ab5424a1034" type="7009"/>
    <children xmi:type="notation:BasicCompartment" xmi:id="3730a496-09b3-4778-97a0-d46c2193eb87" type="7004">
      <styles xmi:type="notation:SortingStyle" xmi:id="5dc9bcf1-fbf4-47f0-8330-778495c2b237"/>
      <styles xmi:type="notation:FilteringStyle" xmi:id="aa7686ba-5513-4b9f-b725-5df30e19853d"/>
    </children>
    <children xmi:type="notation:DecorationNode" xmi:id="d3565666-3ab4-4deb-8dd1-397f0681f3f5" type="5009">
      <styles xmi:type="notation:DrawerStyle" xmi:id="0607311d-fac8-4b12-b037-6049b80686fe"/>
    </children>
    <children xmi:type="notation:DecorationNode" xmi:id="71cc1962-5b3a-4cf3-815a-49aff3066c50" type="7005">
      <styles xmi:type="notation:SortingStyle" xmi:id="a6cc1e7c-43d6-4497-a5d3-a12e2414d66e"/>
      <styles xmi:type="notation:FilteringStyle" xmi:id="3a5cf583-438c-42cd-8d59-f05e2921dc35"/>
    </children>
    <children xmi:type="notation:BasicCompartment" xmi:id="15d1b569-d6d8-4d6a-861b-a9d742043821" type="7007"/>
    <element xmi:type="map:Datastore" href="resource.map#_r28Z9JcpEeyNk-8PTn1xFw?fileId=_r28Z8JcpEeyNk-8PTn1xFw$type=map?"/>
    <layoutConstraint xmi:type="notation:Bounds" xmi:id="82a590d3-6822-4196-9a52-e0aec6a522ff" x="948" y="76" width="440"/>
  </children>
  <children xmi:type="notation:Shape" xmi:id="8c287ea1-e72e-4372-a3f4-3f71cf0067c8" type="2001" fontName="Segoe UI">
    <children xmi:type="notation:DecorationNode" xmi:id="6986bf83-7327-4fab-9fae-0b58e77585d1" type="5001"/>
    <children xmi:type="notation:DecorationNode" xmi:id="73fdbb2e-a7a0-4028-bbc6-407d45f65969" type="5007"/>
    <children xmi:type="notation:DecorationNode" xmi:id="9ab88b6c-bc65-4137-8b1f-ba9a89dc4a5a" type="7001"/>
    <children xmi:type="notation:DecorationNode" xmi:id="297cda4c-3401-4089-b246-348bf254a0f7" type="7011"/>
    <children xmi:type="notation:BasicCompartment" xmi:id="4dd79419-6102-4621-8262-de2fe4f97104" type="7002">
      <styles xmi:type="notation:SortingStyle" xmi:id="746c7da8-59c2-428a-9b32-cf806987c173"/>
      <styles xmi:type="notation:FilteringStyle" xmi:id="9f7bd26e-487d-4475-9088-4ce91e04b47b"/>
    </children>
    <children xmi:type="notation:DecorationNode" xmi:id="a08ea3a4-c139-4fcc-85ef-34ddbddc6030" type="5008">
      <styles xmi:type="notation:DrawerStyle" xmi:id="0ca48aac-9553-4909-8564-c82e12df518d"/>
    </children>
    <children xmi:type="notation:BasicCompartment" xmi:id="a1674c04-da03-49e3-b012-3e21374ab4f6" type="7007"/>
    <element xmi:type="map:Query" href="resource.map#_r28aCJcpEeyNk-8PTn1xFw?fileId=_r28Z8JcpEeyNk-8PTn1xFw$type=map?"/>
    <layoutConstraint xmi:type="notation:Bounds" xmi:id="e759ad93-dc7f-4e52-97ab-017017e777b8" x="547" y="67" width="341"/>
  </children>
  <styles xmi:type="notation:DiagramStyle" xmi:id="2805de84-a5bc-4504-93cd-5b647ad6fb9e"/>
  <element xmi:type="map:Map" href="resource.map#_r28Z8JcpEeyNk-8PTn1xFw?fileId=_r28Z8JcpEeyNk-8PTn1xFw$type=map$name=Integrate%20dim_time?"/>
  <edges xmi:type="notation:Edge" xmi:id="014cbc4d-2eff-4b43-9fa6-f41820a1e7f2" type="targetLink" source="8c287ea1-e72e-4372-a3f4-3f71cf0067c8" target="c92facf1-cf61-479a-a091-3373af5432be">
    <element xsi:nil="true"/>
    <bendpoints xmi:type="notation:RelativeBendpoints" xmi:id="8dd12dfd-ccbb-4940-9cfa-c6ec6c8f5f47" points="[0, 0, 171, 47]$[-171, -47, 0, 0]"/>
    <sourceAnchor xmi:type="notation:IdentityAnchor" xmi:id="_CoWVNpcqEeyNk-8PTn1xFw" id="(0.0,0.3284671532846715)"/>
    <targetAnchor xmi:type="notation:IdentityAnchor" xmi:id="_CoWVN5cqEeyNk-8PTn1xFw" id="(1.0,0.49295774647887325)"/>
  </edges>
  <edges xmi:type="notation:Edge" xmi:id="0d372c13-c224-447d-9585-7925bc1ce898" type="targetDataSetLink" source="8c287ea1-e72e-4372-a3f4-3f71cf0067c8" target="8c287ea1-e72e-4372-a3f4-3f71cf0067c8">
    <element xmi:type="map:DataSet" href="resource.map#_r28aF5cpEeyNk-8PTn1xFw?fileId=_r28Z8JcpEeyNk-8PTn1xFw$type=map?"/>
    <bendpoints xmi:type="notation:RelativeBendpoints" xmi:id="fdc30f31-8676-4339-92e8-68e01a7a8945" points="[0, 0, 0, 0]$[0, 0, 0, 0]"/>
  </edges>
  <edges xmi:type="notation:Edge" xmi:id="0066b7b9-f4ae-4012-a6b6-b1fe769d4e0c" type="targetSetLink" source="8c287ea1-e72e-4372-a3f4-3f71cf0067c8" target="8c287ea1-e72e-4372-a3f4-3f71cf0067c8">
    <element xmi:type="map:SetDescriptor" href="resource.map#_r28aFZcpEeyNk-8PTn1xFw?fileId=_r28Z8JcpEeyNk-8PTn1xFw$type=map?"/>
    <bendpoints xmi:type="notation:RelativeBendpoints" xmi:id="0755a193-264d-4728-8a93-d4bc54867fd9" points="[0, 0, 0, 0]$[0, 0, 0, 0]"/>
  </edges>
  <edges xmi:type="notation:Edge" xmi:id="f1eb914b-6ae0-4ecc-982e-77716a0a1cfb" type="targetLink" source="249c0c78-c727-4e7a-bd83-d70c7ce2fb44" target="8c287ea1-e72e-4372-a3f4-3f71cf0067c8">
    <element xsi:nil="true"/>
    <bendpoints xmi:type="notation:RelativeBendpoints" xmi:id="1ed0b10f-6683-4dc8-8c7a-e7b226921ed7" points="[0, 0, 60, 0]$[-60, 0, 0, 0]"/>
    <sourceAnchor xmi:type="notation:IdentityAnchor" xmi:id="_CoWVOJcqEeyNk-8PTn1xFw" id="(0.0,0.4957983193277311)"/>
    <targetAnchor xmi:type="notation:IdentityAnchor" xmi:id="_CoWVOZcqEeyNk-8PTn1xFw" id="(1.0,0.49635036496350365)"/>
  </edges>
  <edges xmi:type="notation:Edge" xmi:id="fb68d0fa-8f4a-462f-b370-9418b24788e7" type="targetDataSetLink" source="249c0c78-c727-4e7a-bd83-d70c7ce2fb44" target="249c0c78-c727-4e7a-bd83-d70c7ce2fb44">
    <element xmi:type="map:DataSet" href="resource.map#_r28aGZcpEeyNk-8PTn1xFw?fileId=_r28Z8JcpEeyNk-8PTn1xFw$type=map?"/>
    <bendpoints xmi:type="notation:RelativeBendpoints" xmi:id="ad0cb20f-2f73-4921-b9c3-6d73952d1f5d" points="[0, 0, 0, 0]$[0, 0, 0, 0]"/>
  </edges>
  <edges xmi:type="notation:Edge" xmi:id="cbb0c784-8b8f-43f6-a945-59553712182d" type="targetSetLink" source="249c0c78-c727-4e7a-bd83-d70c7ce2fb44" target="249c0c78-c727-4e7a-bd83-d70c7ce2fb44">
    <element xmi:type="map:SetDescriptor" href="resource.map#_r28aAJcpEeyNk-8PTn1xFw?fileId=_r28Z8JcpEeyNk-8PTn1xFw$type=map?"/>
    <bendpoints xmi:type="notation:RelativeBendpoints" xmi:id="5a50834d-9641-4258-aede-c50d5d901f48" points="[0, 0, 0, 0]$[0, 0, 0, 0]"/>
  </edges>
  <edges xmi:type="notation:Edge" xmi:id="d0e7b03e-f5c2-48b8-8082-744692756665" type="targetSetLink" source="8c287ea1-e72e-4372-a3f4-3f71cf0067c8" target="8c287ea1-e72e-4372-a3f4-3f71cf0067c8">
    <element xmi:type="map:SetDescriptor" href="resource.map#_r28aFpcpEeyNk-8PTn1xFw?fileId=_r28Z8JcpEeyNk-8PTn1xFw$type=map?"/>
    <bendpoints xmi:type="notation:RelativeBendpoints" xmi:id="532f80d7-a7a3-47cf-8390-d64cf600c542" points="[0, 0, 0, 0]$[0, 0, 0, 0]"/>
  </edges>
  <edges xmi:type="notation:Edge" xmi:id="_zbODsJcpEeyNk-8PTn1xFw" type="targetLink" source="_zbJyQJcpEeyNk-8PTn1xFw" target="79bc6c39-2bbf-40d9-bba7-465b470259ab">
    <element xsi:nil="true"/>
    <bendpoints xmi:type="notation:RelativeBendpoints" xmi:id="_zbODsZcpEeyNk-8PTn1xFw" points="[0, 0, 67, 43]$[-67, -43, 0, 0]"/>
    <sourceAnchor xmi:type="notation:IdentityAnchor" xmi:id="_CoWVMpcqEeyNk-8PTn1xFw" id="(0.0,0.3258426966292135)"/>
    <targetAnchor xmi:type="notation:IdentityAnchor" xmi:id="_CoWVM5cqEeyNk-8PTn1xFw" id="(1.0,0.4909090909090909)"/>
  </edges>
  <edges xmi:type="notation:Edge" xmi:id="_zbOqwJcpEeyNk-8PTn1xFw" type="targetDataSetLink" source="_zbJyQJcpEeyNk-8PTn1xFw" target="_zbJyQJcpEeyNk-8PTn1xFw">
    <element xmi:type="map:DataSet" href="resource.map#_r28aGpcpEeyNk-8PTn1xFw?fileId=_r28Z8JcpEeyNk-8PTn1xFw$type=map?"/>
    <bendpoints xmi:type="notation:RelativeBendpoints" xmi:id="_zbOqwZcpEeyNk-8PTn1xFw" points="[0, 0, 0, 0]$[0, 0, 0, 0]"/>
  </edges>
  <edges xmi:type="notation:Edge" xmi:id="_zbOqwpcpEeyNk-8PTn1xFw" type="targetSetLink" source="_zbJyQJcpEeyNk-8PTn1xFw" target="_zbJyQJcpEeyNk-8PTn1xFw">
    <element xmi:type="map:SetDescriptor" href="resource.map#_zbM1kZcpEeyNk-8PTn1xFw?fileId=_r28Z8JcpEeyNk-8PTn1xFw$type=map?"/>
    <bendpoints xmi:type="notation:RelativeBendpoints" xmi:id="_zbOqw5cpEeyNk-8PTn1xFw" points="[0, 0, 0, 0]$[0, 0, 0, 0]"/>
  </edges>
  <edges xmi:type="notation:Edge" xmi:id="_1MRxoJcpEeyNk-8PTn1xFw" type="targetLink" source="_zbJyQJcpEeyNk-8PTn1xFw" target="_xAa1MJcpEeyNk-8PTn1xFw">
    <element xsi:nil="true"/>
    <bendpoints xmi:type="notation:RelativeBendpoints" xmi:id="_1MRxoZcpEeyNk-8PTn1xFw" points="[0, 0, 60, -42]$[-60, 42, 0, 0]"/>
    <sourceAnchor xmi:type="notation:IdentityAnchor" xmi:id="_CoWVMJcqEeyNk-8PTn1xFw" id="(0.0,0.6629213483146067)"/>
    <targetAnchor xmi:type="notation:IdentityAnchor" xmi:id="_CoWVMZcqEeyNk-8PTn1xFw" id="(1.0,0.4909090909090909)"/>
  </edges>
  <edges xmi:type="notation:Edge" xmi:id="_1MSYsJcpEeyNk-8PTn1xFw" type="targetDataSetLink" source="_zbJyQJcpEeyNk-8PTn1xFw" target="_zbJyQJcpEeyNk-8PTn1xFw">
    <element xmi:type="map:DataSet" href="resource.map#_xAQdIJcpEeyNk-8PTn1xFw?fileId=_r28Z8JcpEeyNk-8PTn1xFw$type=map?"/>
    <bendpoints xmi:type="notation:RelativeBendpoints" xmi:id="_1MSYsZcpEeyNk-8PTn1xFw" points="[0, 0, 0, 0]$[0, 0, 0, 0]"/>
  </edges>
  <edges xmi:type="notation:Edge" xmi:id="_1MSYspcpEeyNk-8PTn1xFw" type="targetSetLink" source="_zbJyQJcpEeyNk-8PTn1xFw" target="_zbJyQJcpEeyNk-8PTn1xFw">
    <element xmi:type="map:SetDescriptor" href="resource.map#_0K2w4JcpEeyNk-8PTn1xFw?fileId=_r28Z8JcpEeyNk-8PTn1xFw$type=map?"/>
    <bendpoints xmi:type="notation:RelativeBendpoints" xmi:id="_1MSYs5cpEeyNk-8PTn1xFw" points="[0, 0, 0, 0]$[0, 0, 0, 0]"/>
  </edges>
  <edges xmi:type="notation:Edge" xmi:id="_9MODsJcpEeyNk-8PTn1xFw" type="targetLink" source="8c287ea1-e72e-4372-a3f4-3f71cf0067c8" target="_zbJyQJcpEeyNk-8PTn1xFw">
    <element xsi:nil="true"/>
    <bendpoints xmi:type="notation:RelativeBendpoints" xmi:id="_9MODsZcpEeyNk-8PTn1xFw" points="[0, 0, 60, -47]$[-60, 47, 0, 0]"/>
    <sourceAnchor xmi:type="notation:IdentityAnchor" xmi:id="_CoWVNJcqEeyNk-8PTn1xFw" id="(0.0,0.6642335766423357)"/>
    <targetAnchor xmi:type="notation:IdentityAnchor" xmi:id="_CoWVNZcqEeyNk-8PTn1xFw" id="(1.0,0.4943820224719101)"/>
  </edges>
  <edges xmi:type="notation:Edge" xmi:id="_9MODspcpEeyNk-8PTn1xFw" type="targetDataSetLink" source="8c287ea1-e72e-4372-a3f4-3f71cf0067c8" target="8c287ea1-e72e-4372-a3f4-3f71cf0067c8">
    <element xmi:type="map:DataSet" href="resource.map#_za23UJcpEeyNk-8PTn1xFw?fileId=_r28Z8JcpEeyNk-8PTn1xFw$type=map?"/>
    <bendpoints xmi:type="notation:RelativeBendpoints" xmi:id="_9MODs5cpEeyNk-8PTn1xFw" points="[0, 0, 0, 0]$[0, 0, 0, 0]"/>
  </edges>
</notation:Diagram>
]]></diagram>
</map:map>