<?xml version="1.0" encoding="UTF-8"?>
<map:map xmlns:map="http://www.indy.com/v2/map" id="_GqSPMP9EEeaMLMYmCRxD3Q" internalVersion="8" tech="resource.tech#_waYSMH8VEd2__Mzb_dB76A?fileId=_waYSMH8VEd2__Mzb_dB76A$type=tech$name=flow?">
  <datastore id="_GqSPMf9EEeaMLMYmCRxD3Q" alias="Q_Move3" dataset="_GqS2Vv9EEeaMLMYmCRxD3Q" ref="resource.md#_dPqWEP9DEeaMLMYmCRxD3Q?fileId=_NaIeQP83EeaMLMYmCRxD3Q$type=md$name=Q_Move3?">
    <field id="_GqSPMv9EEeaMLMYmCRxD3Q" fullAlias="statecode" name="statecode" ref="resource.md#_qkkhsP9DEeaMLMYmCRxD3Q?fileId=_NaIeQP83EeaMLMYmCRxD3Q$type=md$name=statecode?"/>
    <field id="_GqSPM_9EEeaMLMYmCRxD3Q" fullAlias="zipcode" name="zipcode" ref="resource.md#_qkd0AP9DEeaMLMYmCRxD3Q?fileId=_NaIeQP83EeaMLMYmCRxD3Q$type=md$name=zipcode?"/>
    <field id="_GqSPNP9EEeaMLMYmCRxD3Q" fullAlias="population" name="population" ref="resource.md#_qkmW4P9DEeaMLMYmCRxD3Q?fileId=_NaIeQP83EeaMLMYmCRxD3Q$type=md$name=population?"/>
    <field id="_GqSPNf9EEeaMLMYmCRxD3Q" fullAlias="town" name="town" ref="resource.md#_qkfpMP9DEeaMLMYmCRxD3Q?fileId=_NaIeQP83EeaMLMYmCRxD3Q$type=md$name=town?"/>
    <field id="_GqSPNv9EEeaMLMYmCRxD3Q" fullAlias="dim_comment" name="dim_comment" ref="resource.md#_qkiFcP9DEeaMLMYmCRxD3Q?fileId=_NaIeQP83EeaMLMYmCRxD3Q$type=md$name=dim_comment?"/>
  </datastore>
  <datastore id="_GqSPN_9EEeaMLMYmCRxD3Q" alias="dim_geo" dataset="_GqS2V_9EEeaMLMYmCRxD3Q" ref="resource.md#_dezbwf83EeaMLMYmCRxD3Q?fileId=_NaIeQP83EeaMLMYmCRxD3Q$type=md$name=dim_geo?" subExpression="[A]">
    <field id="_GqSPOP9EEeaMLMYmCRxD3Q" name="vc_end_date" ref="resource.md#_dnGcIP83EeaMLMYmCRxD3Q?fileId=_NaIeQP83EeaMLMYmCRxD3Q$type=md$name=vc_end_date?">
      <expression id="_GqSPOf9EEeaMLMYmCRxD3Q" setDescriptorRef="_GqS2VP9EEeaMLMYmCRxD3Q">
        <expression></expression>
      </expression>
    </field>
    <field id="_GqSPOv9EEeaMLMYmCRxD3Q" name="id_geo" ref="resource.md#_dm9SMP83EeaMLMYmCRxD3Q?fileId=_NaIeQP83EeaMLMYmCRxD3Q$type=md$name=id_geo?">
      <expression id="_GqSPO_9EEeaMLMYmCRxD3Q" setDescriptorRef="_GqS2VP9EEeaMLMYmCRxD3Q">
        <expression></expression>
      </expression>
    </field>
    <field id="_GqSPPP9EEeaMLMYmCRxD3Q" name="d_end_date" ref="resource.md#_dnCKsP83EeaMLMYmCRxD3Q?fileId=_NaIeQP83EeaMLMYmCRxD3Q$type=md$name=d_end_date?">
      <expression id="_GqSPPf9EEeaMLMYmCRxD3Q" setDescriptorRef="_GqS2VP9EEeaMLMYmCRxD3Q">
        <expression></expression>
      </expression>
    </field>
    <field id="_GqSPPv9EEeaMLMYmCRxD3Q" name="dt_start_date" ref="resource.md#_dnSCUP83EeaMLMYmCRxD3Q?fileId=_NaIeQP83EeaMLMYmCRxD3Q$type=md$name=dt_start_date?">
      <expression id="_GqSPP_9EEeaMLMYmCRxD3Q" setDescriptorRef="_GqS2VP9EEeaMLMYmCRxD3Q">
        <expression></expression>
      </expression>
    </field>
    <field id="_GqSPQP9EEeaMLMYmCRxD3Q" name="dt_end_date" ref="resource.md#_dm_ucP83EeaMLMYmCRxD3Q?fileId=_NaIeQP83EeaMLMYmCRxD3Q$type=md$name=dt_end_date?">
      <expression id="_GqSPQf9EEeaMLMYmCRxD3Q" setDescriptorRef="_GqS2VP9EEeaMLMYmCRxD3Q">
        <expression></expression>
      </expression>
    </field>
    <field id="_GqS2QP9EEeaMLMYmCRxD3Q" name="dim_version" ref="resource.md#_dnPmEP83EeaMLMYmCRxD3Q?fileId=_NaIeQP83EeaMLMYmCRxD3Q$type=md$name=dim_version?">
      <expression id="_GqS2Qf9EEeaMLMYmCRxD3Q" setDescriptorRef="_GqS2VP9EEeaMLMYmCRxD3Q">
        <expression></expression>
      </expression>
    </field>
    <field id="_GqS2Qv9EEeaMLMYmCRxD3Q" enable="true" insert="true" name="city" ref="resource.md#_dnJfcP83EeaMLMYmCRxD3Q?fileId=_NaIeQP83EeaMLMYmCRxD3Q$type=md$name=city?" update="true">
      <expression id="_GqS2Q_9EEeaMLMYmCRxD3Q" setDescriptorRef="_GqS2VP9EEeaMLMYmCRxD3Q">
        <expression>Q_Move3.town</expression>
      </expression>
    </field>
    <field id="_GqS2RP9EEeaMLMYmCRxD3Q" name="vc_start_date" ref="resource.md#_dnalMP83EeaMLMYmCRxD3Q?fileId=_NaIeQP83EeaMLMYmCRxD3Q$type=md$name=vc_start_date?">
      <expression id="_GqS2Rf9EEeaMLMYmCRxD3Q" setDescriptorRef="_GqS2VP9EEeaMLMYmCRxD3Q">
        <expression></expression>
      </expression>
    </field>
    <field id="_GqS2Rv9EEeaMLMYmCRxD3Q" enable="true" insert="true" name="zipcode" ref="resource.md#_dnL7sP83EeaMLMYmCRxD3Q?fileId=_NaIeQP83EeaMLMYmCRxD3Q$type=md$name=zipcode?" update="true">
      <expression id="_GqS2R_9EEeaMLMYmCRxD3Q" setDescriptorRef="_GqS2VP9EEeaMLMYmCRxD3Q">
        <expression>Q_Move3.zipcode</expression>
      </expression>
    </field>
    <field id="_GqS2SP9EEeaMLMYmCRxD3Q" name="d_start_date" ref="resource.md#_dnVFoP83EeaMLMYmCRxD3Q?fileId=_NaIeQP83EeaMLMYmCRxD3Q$type=md$name=d_start_date?">
      <expression id="_GqS2Sf9EEeaMLMYmCRxD3Q" setDescriptorRef="_GqS2VP9EEeaMLMYmCRxD3Q">
        <expression></expression>
      </expression>
    </field>
    <field id="_GqS2Sv9EEeaMLMYmCRxD3Q" enable="true" insert="true" name="population" ref="resource.md#_dne2oP83EeaMLMYmCRxD3Q?fileId=_NaIeQP83EeaMLMYmCRxD3Q$type=md$name=population?" update="true">
      <expression id="_GqS2S_9EEeaMLMYmCRxD3Q" setDescriptorRef="_GqS2VP9EEeaMLMYmCRxD3Q">
        <expression>Q_Move3.population</expression>
      </expression>
    </field>
    <field id="_GqS2TP9EEeaMLMYmCRxD3Q" enable="true" insert="true" name="dim_comment" ref="resource.md#_dndBcP83EeaMLMYmCRxD3Q?fileId=_NaIeQP83EeaMLMYmCRxD3Q$type=md$name=dim_comment?" update="true">
      <expression id="_GqS2Tf9EEeaMLMYmCRxD3Q" setDescriptorRef="_GqS2VP9EEeaMLMYmCRxD3Q">
        <expression>Q_Move3.dim_comment</expression>
      </expression>
    </field>
    <field id="_GqS2Tv9EEeaMLMYmCRxD3Q" name="c_end_date" ref="resource.md#_dnD_4P83EeaMLMYmCRxD3Q?fileId=_NaIeQP83EeaMLMYmCRxD3Q$type=md$name=c_end_date?">
      <expression id="_GqS2T_9EEeaMLMYmCRxD3Q" setDescriptorRef="_GqS2VP9EEeaMLMYmCRxD3Q">
        <expression></expression>
      </expression>
    </field>
    <field id="_GqS2UP9EEeaMLMYmCRxD3Q" name="c_start_date" ref="resource.md#_dnYI8P83EeaMLMYmCRxD3Q?fileId=_NaIeQP83EeaMLMYmCRxD3Q$type=md$name=c_start_date?">
      <expression id="_GqS2Uf9EEeaMLMYmCRxD3Q" setDescriptorRef="_GqS2VP9EEeaMLMYmCRxD3Q">
        <expression></expression>
      </expression>
    </field>
    <field id="_GqS2Uv9EEeaMLMYmCRxD3Q" enable="true" insert="true" name="statecode" ref="resource.md#_dnNw4P83EeaMLMYmCRxD3Q?fileId=_NaIeQP83EeaMLMYmCRxD3Q$type=md$name=statecode?" update="true">
      <expression id="_GqS2U_9EEeaMLMYmCRxD3Q" setDescriptorRef="_GqS2VP9EEeaMLMYmCRxD3Q">
        <expression>Q_Move3.statecode</expression>
      </expression>
    </field>
    <setDescriptor id="_GqS2VP9EEeaMLMYmCRxD3Q" label="A"/>
  </datastore>
  <template id="_GqS2Vf9EEeaMLMYmCRxD3Q" name="I_dim_geo" process="resource.proc#_a2719aba-507e-4079-8a63-91104b13ede2?fileId=_a2719aba-507e-4079-8a63-91104b13ede2$type=proc$name=INTEGRATION%20Mssql?" targetId="_GqSPN_9EEeaMLMYmCRxD3Q"/>
  <dataSet id="_GqS2Vv9EEeaMLMYmCRxD3Q">
    <container>_GqSPMf9EEeaMLMYmCRxD3Q</container>
  </dataSet>
  <dataSet id="_GqS2V_9EEeaMLMYmCRxD3Q">
    <container>_GqSPN_9EEeaMLMYmCRxD3Q</container>
  </dataSet>
  <hint>
    <usedField>#_GqSPMv9EEeaMLMYmCRxD3Q</usedField>
    <usedField>#_GqSPM_9EEeaMLMYmCRxD3Q</usedField>
    <usedField>#_GqSPNP9EEeaMLMYmCRxD3Q</usedField>
    <usedField>#_GqSPNf9EEeaMLMYmCRxD3Q</usedField>
    <usedField>#_GqSPNv9EEeaMLMYmCRxD3Q</usedField>
  </hint>
</map:map>