<?xml version="1.0" encoding="UTF-8"?>
<map:map xmlns:map="http://www.indy.com/v2/map" id="_G_0_wDT_Ee2b_KGwvQpohQ" internalVersion="8" tech="resource.tech#_waYSMH8VEd2__Mzb_dB76A?fileId=_waYSMH8VEd2__Mzb_dB76A$type=tech$name=flow?">
  <datastore id="_G_0_wTT_Ee2b_KGwvQpohQ" alias="t_customer" dataset="_G_1m2TT_Ee2b_KGwvQpohQ" ref="resource.md#_hvEKETA_Ee2gO4RlfKX5uw?fileId=_Wu0vwDA_Ee2gO4RlfKX5uw$type=md$name=t_customer?">
    <field id="_G_0_wjT_Ee2b_KGwvQpohQ" name="tit_code" ref="resource.md#_hvVP0TA_Ee2gO4RlfKX5uw?fileId=_Wu0vwDA_Ee2gO4RlfKX5uw$type=md$name=tit_code?"/>
    <field id="_G_0_wzT_Ee2b_KGwvQpohQ" fullAlias="cus_last_name" name="cus_last_name" ref="resource.md#_hvgO8TA_Ee2gO4RlfKX5uw?fileId=_Wu0vwDA_Ee2gO4RlfKX5uw$type=md$name=cus_last_name?"/>
    <field id="_G_0_xDT_Ee2b_KGwvQpohQ" name="cus_birth_date" ref="resource.md#_hvzw8TA_Ee2gO4RlfKX5uw?fileId=_Wu0vwDA_Ee2gO4RlfKX5uw$type=md$name=cus_birth_date?"/>
    <field id="_G_0_xTT_Ee2b_KGwvQpohQ" fullAlias="cus_id" name="cus_id" ref="resource.md#_hvPwQDA_Ee2gO4RlfKX5uw?fileId=_Wu0vwDA_Ee2gO4RlfKX5uw$type=md$name=cus_id?" updateKey="true"/>
    <field id="_G_0_xjT_Ee2b_KGwvQpohQ" name="cus_company" ref="resource.md#_hvr1ITA_Ee2gO4RlfKX5uw?fileId=_Wu0vwDA_Ee2gO4RlfKX5uw$type=md$name=cus_company?"/>
    <field id="_G_0_xzT_Ee2b_KGwvQpohQ" fullAlias="cus_first_name" name="cus_first_name" ref="resource.md#_hvm8oTA_Ee2gO4RlfKX5uw?fileId=_Wu0vwDA_Ee2gO4RlfKX5uw$type=md$name=cus_first_name?"/>
    <constraint id="_G_0_yDT_Ee2b_KGwvQpohQ" name="pk_t_customer" ref="resource.md#_hv-wEDA_Ee2gO4RlfKX5uw?fileId=_Wu0vwDA_Ee2gO4RlfKX5uw$type=md$name=pk_t_customer?" reject="true"/>
    <constraint id="_G_0_yTT_Ee2b_KGwvQpohQ" name="fk_customer_title" ref="resource.md#_h3yBMDA_Ee2gO4RlfKX5uw?fileId=_Wu0vwDA_Ee2gO4RlfKX5uw$type=md$name=fk_customer_title?" reject="true"/>
  </datastore>
  <datastore id="_G_0_yjT_Ee2b_KGwvQpohQ" alias="t_phone" dataset="_G_1m2TT_Ee2b_KGwvQpohQ" ref="resource.md#_hwIhEDA_Ee2gO4RlfKX5uw?fileId=_Wu0vwDA_Ee2gO4RlfKX5uw$type=md$name=t_phone?">
    <field id="_G_0_yzT_Ee2b_KGwvQpohQ" name="pho_phoning_allowed" ref="resource.md#_hw8ZYTA_Ee2gO4RlfKX5uw?fileId=_Wu0vwDA_Ee2gO4RlfKX5uw$type=md$name=pho_phoning_allowed?"/>
    <field id="_G_0_zDT_Ee2b_KGwvQpohQ" fullAlias="pho_id" name="pho_id" ref="resource.md#_hwP10DA_Ee2gO4RlfKX5uw?fileId=_Wu0vwDA_Ee2gO4RlfKX5uw$type=md$name=pho_id?" updateKey="true"/>
    <field id="_G_0_zTT_Ee2b_KGwvQpohQ" fullAlias="cus_id" name="cus_id" ref="resource.md#_hwUHQTA_Ee2gO4RlfKX5uw?fileId=_Wu0vwDA_Ee2gO4RlfKX5uw$type=md$name=cus_id?"/>
    <field id="_G_0_zjT_Ee2b_KGwvQpohQ" fullAlias="pho_number" name="pho_number" ref="resource.md#_hwbcATA_Ee2gO4RlfKX5uw?fileId=_Wu0vwDA_Ee2gO4RlfKX5uw$type=md$name=pho_number?"/>
    <field id="_G_0_zzT_Ee2b_KGwvQpohQ" fullAlias="pht_code" name="pht_code" ref="resource.md#_hwYYsTA_Ee2gO4RlfKX5uw?fileId=_Wu0vwDA_Ee2gO4RlfKX5uw$type=md$name=pht_code?"/>
    <constraint id="_G_0_0DT_Ee2b_KGwvQpohQ" name="fk_phone_phone_type" ref="resource.md#_h3-1gDA_Ee2gO4RlfKX5uw?fileId=_Wu0vwDA_Ee2gO4RlfKX5uw$type=md$name=fk_phone_phone_type?" reject="true"/>
    <constraint id="_G_0_0TT_Ee2b_KGwvQpohQ" name="fk_phone_customer" ref="resource.md#_h3-OcDA_Ee2gO4RlfKX5uw?fileId=_Wu0vwDA_Ee2gO4RlfKX5uw$type=md$name=fk_phone_customer?" reject="true"/>
    <constraint id="_G_0_0jT_Ee2b_KGwvQpohQ" name="pk_t_phone" ref="resource.md#_hxl5oDA_Ee2gO4RlfKX5uw?fileId=_Wu0vwDA_Ee2gO4RlfKX5uw$type=md$name=pk_t_phone?" reject="true"/>
  </datastore>
  <datastore id="_G_0_0zT_Ee2b_KGwvQpohQ" alias="t_phone_type" dataset="_G_1m2TT_Ee2b_KGwvQpohQ" ref="resource.md#_hyppkTA_Ee2gO4RlfKX5uw?fileId=_Wu0vwDA_Ee2gO4RlfKX5uw$type=md$name=t_phone_type?">
    <field id="_G_0_1DT_Ee2b_KGwvQpohQ" fullAlias="pht_code" name="pht_code" ref="resource.md#_hy0BoDA_Ee2gO4RlfKX5uw?fileId=_Wu0vwDA_Ee2gO4RlfKX5uw$type=md$name=pht_code?" updateKey="true"/>
    <field id="_G_0_1TT_Ee2b_KGwvQpohQ" fullAlias="pht_name" name="pht_name" ref="resource.md#_hy3sATA_Ee2gO4RlfKX5uw?fileId=_Wu0vwDA_Ee2gO4RlfKX5uw$type=md$name=pht_name?"/>
    <constraint id="_G_0_1jT_Ee2b_KGwvQpohQ" name="pk_t_phone_type" ref="resource.md#_hy9yoDA_Ee2gO4RlfKX5uw?fileId=_Wu0vwDA_Ee2gO4RlfKX5uw$type=md$name=pk_t_phone_type?" reject="true"/>
  </datastore>
  <datastore id="_G_0_1zT_Ee2b_KGwvQpohQ" alias="t_address" dataset="_G_1m2TT_Ee2b_KGwvQpohQ" ref="resource.md#_hqFjcTA_Ee2gO4RlfKX5uw?fileId=_Wu0vwDA_Ee2gO4RlfKX5uw$type=md$name=t_address?">
    <field id="_G_0_2DT_Ee2b_KGwvQpohQ" name="adr_lon" ref="resource.md#_hq2YcTA_Ee2gO4RlfKX5uw?fileId=_Wu0vwDA_Ee2gO4RlfKX5uw$type=md$name=adr_lon?"/>
    <field id="_G_0_2TT_Ee2b_KGwvQpohQ" fullAlias="cus_id" name="cus_id" ref="resource.md#_hqhoUDA_Ee2gO4RlfKX5uw?fileId=_Wu0vwDA_Ee2gO4RlfKX5uw$type=md$name=cus_id?"/>
    <field id="_G_0_2jT_Ee2b_KGwvQpohQ" fullAlias="adr_city" name="adr_city" ref="resource.md#_hqsncTA_Ee2gO4RlfKX5uw?fileId=_Wu0vwDA_Ee2gO4RlfKX5uw$type=md$name=adr_city?"/>
    <field id="_G_0_2zT_Ee2b_KGwvQpohQ" name="adr_lat" ref="resource.md#_hqyuETA_Ee2gO4RlfKX5uw?fileId=_Wu0vwDA_Ee2gO4RlfKX5uw$type=md$name=adr_lat?"/>
    <field id="_G_0_3DT_Ee2b_KGwvQpohQ" fullAlias="adr_zip_code" name="adr_zip_code" ref="resource.md#_hqo9ETA_Ee2gO4RlfKX5uw?fileId=_Wu0vwDA_Ee2gO4RlfKX5uw$type=md$name=adr_zip_code?"/>
    <field id="_G_0_3TT_Ee2b_KGwvQpohQ" fullAlias="adr_id" name="adr_id" ref="resource.md#_hqcv0DA_Ee2gO4RlfKX5uw?fileId=_Wu0vwDA_Ee2gO4RlfKX5uw$type=md$name=adr_id?" updateKey="true"/>
    <field id="_G_0_3jT_Ee2b_KGwvQpohQ" fullAlias="adr_details" name="adr_details" ref="resource.md#_hqkroTA_Ee2gO4RlfKX5uw?fileId=_Wu0vwDA_Ee2gO4RlfKX5uw$type=md$name=adr_details?"/>
    <field id="_G_0_3zT_Ee2b_KGwvQpohQ" fullAlias="adr_state_code" name="adr_state_code" ref="resource.md#_hqvqwTA_Ee2gO4RlfKX5uw?fileId=_Wu0vwDA_Ee2gO4RlfKX5uw$type=md$name=adr_state_code?"/>
    <constraint id="_G_0_4DT_Ee2b_KGwvQpohQ" name="fk_address_customer" ref="resource.md#_h3H54DA_Ee2gO4RlfKX5uw?fileId=_Wu0vwDA_Ee2gO4RlfKX5uw$type=md$name=fk_address_customer?" reject="true"/>
    <constraint id="_G_0_4TT_Ee2b_KGwvQpohQ" name="pk_t_address" ref="resource.md#_hrClsDA_Ee2gO4RlfKX5uw?fileId=_Wu0vwDA_Ee2gO4RlfKX5uw$type=md$name=pk_t_address?" reject="true"/>
  </datastore>
  <datastore id="_G_0_4jT_Ee2b_KGwvQpohQ" alias="CustomerDetails" dataset="_G_1m2jT_Ee2b_KGwvQpohQ" ref="resource.md#_EjJiBzT_Ee2b_KGwvQpohQ?fileId=_EjJiBjT_Ee2b_KGwvQpohQ$type=md$name=CustomerDetails?" subExpression="[A]">
    <field id="_G_0_4zT_Ee2b_KGwvQpohQ" expand="true" name="address" parent="_G_0_9zT_Ee2b_KGwvQpohQ" ref="resource.md#_EjJiEDT_Ee2b_KGwvQpohQ?fileId=_EjJiBjT_Ee2b_KGwvQpohQ$type=md$name=address?">
      <expression id="_G_0_5DT_Ee2b_KGwvQpohQ" setDescriptorRef="_G_1m1DT_Ee2b_KGwvQpohQ"/>
    </field>
    <field id="_G_0_5TT_Ee2b_KGwvQpohQ" enable="true" insert="true" name="number" parent="_G_0_6TT_Ee2b_KGwvQpohQ" ref="resource.md#_EjJiHjT_Ee2b_KGwvQpohQ?fileId=_EjJiBjT_Ee2b_KGwvQpohQ$type=md$name=number?" update="true">
      <expression id="_G_0_5jT_Ee2b_KGwvQpohQ" setDescriptorRef="_G_1m1DT_Ee2b_KGwvQpohQ">
        <expression>t_phone.pho_number</expression>
      </expression>
    </field>
    <field id="_G_0_5zT_Ee2b_KGwvQpohQ" enable="true" insert="true" name="city" parent="_G_0_8zT_Ee2b_KGwvQpohQ" ref="resource.md#_EjJiFDT_Ee2b_KGwvQpohQ?fileId=_EjJiBjT_Ee2b_KGwvQpohQ$type=md$name=city?" update="true">
      <expression id="_G_0_6DT_Ee2b_KGwvQpohQ" setDescriptorRef="_G_1m1DT_Ee2b_KGwvQpohQ">
        <expression>t_address.adr_city</expression>
      </expression>
    </field>
    <field id="_G_0_6TT_Ee2b_KGwvQpohQ" enable="true" expand="true" insert="true" name="PhoneNumber" parent="_G_0_9TT_Ee2b_KGwvQpohQ" ref="resource.md#_EjJiGzT_Ee2b_KGwvQpohQ?fileId=_EjJiBjT_Ee2b_KGwvQpohQ$type=md$name=PhoneNumber?" update="true" updateKey="true">
      <expression id="_G_0_6jT_Ee2b_KGwvQpohQ" setDescriptorRef="_G_1m1DT_Ee2b_KGwvQpohQ">
        <expression>T_phone.pho_number|| t_phone.pho_id</expression>
      </expression>
    </field>
    <field id="_G_0_6zT_Ee2b_KGwvQpohQ" enable="true" insert="true" name="type" parent="_G_0_6TT_Ee2b_KGwvQpohQ" ref="resource.md#_EjJiHDT_Ee2b_KGwvQpohQ?fileId=_EjJiBjT_Ee2b_KGwvQpohQ$type=md$name=type?" update="true">
      <expression id="_G_0_7DT_Ee2b_KGwvQpohQ" setDescriptorRef="_G_1m1DT_Ee2b_KGwvQpohQ">
        <expression>t_phone_type.pht_name</expression>
      </expression>
    </field>
    <field id="_G_0_7TT_Ee2b_KGwvQpohQ" enable="true" insert="true" name="postalCode" parent="_G_0_8zT_Ee2b_KGwvQpohQ" ref="resource.md#_EjJiGDT_Ee2b_KGwvQpohQ?fileId=_EjJiBjT_Ee2b_KGwvQpohQ$type=md$name=postalCode?" update="true">
      <expression id="_G_0_7jT_Ee2b_KGwvQpohQ" setDescriptorRef="_G_1m1DT_Ee2b_KGwvQpohQ">
        <expression>t_address.adr_zip_code</expression>
      </expression>
    </field>
    <field id="_G_0_7zT_Ee2b_KGwvQpohQ" expand="true" name="customer_list" parent="_G_0_8TT_Ee2b_KGwvQpohQ" ref="resource.md#_EjJiCjT_Ee2b_KGwvQpohQ?fileId=_EjJiBjT_Ee2b_KGwvQpohQ$type=md$name=customer_list?">
      <expression id="_G_0_8DT_Ee2b_KGwvQpohQ" setDescriptorRef="_G_1m1DT_Ee2b_KGwvQpohQ"/>
    </field>
    <field id="_G_0_8TT_Ee2b_KGwvQpohQ" expand="true" name="CustomerDetails" ref="resource.md#_EjJiBzT_Ee2b_KGwvQpohQ?fileId=_EjJiBjT_Ee2b_KGwvQpohQ$type=md$name=CustomerDetails?" updateKey="true">
      <expression id="_G_0_8jT_Ee2b_KGwvQpohQ" setDescriptorRef="_G_1m1DT_Ee2b_KGwvQpohQ"/>
    </field>
    <field id="_G_0_8zT_Ee2b_KGwvQpohQ" enable="true" expand="true" insert="true" name="Address" parent="_G_0_4zT_Ee2b_KGwvQpohQ" ref="resource.md#_EjJiETT_Ee2b_KGwvQpohQ?fileId=_EjJiBjT_Ee2b_KGwvQpohQ$type=md$name=Address?" update="true" updateKey="true">
      <expression id="_G_0_9DT_Ee2b_KGwvQpohQ" setDescriptorRef="_G_1m1DT_Ee2b_KGwvQpohQ">
        <expression>T_address.adr_zip_code|| t_address.adr_id</expression>
      </expression>
    </field>
    <field id="_G_0_9TT_Ee2b_KGwvQpohQ" expand="true" name="phoneNumber" parent="_G_0_9zT_Ee2b_KGwvQpohQ" ref="resource.md#_EjJiGjT_Ee2b_KGwvQpohQ?fileId=_EjJiBjT_Ee2b_KGwvQpohQ$type=md$name=phoneNumber?">
      <expression id="_G_0_9jT_Ee2b_KGwvQpohQ" setDescriptorRef="_G_1m1DT_Ee2b_KGwvQpohQ"/>
    </field>
    <field id="_G_0_9zT_Ee2b_KGwvQpohQ" enable="true" expand="true" insert="true" name="CustomerList" parent="_G_0_7zT_Ee2b_KGwvQpohQ" ref="resource.md#_EjJiCzT_Ee2b_KGwvQpohQ?fileId=_EjJiBjT_Ee2b_KGwvQpohQ$type=md$name=CustomerList?" update="true" updateKey="true">
      <expression id="_G_0_-DT_Ee2b_KGwvQpohQ" setDescriptorRef="_G_1m1DT_Ee2b_KGwvQpohQ">
        <expression>T_customer.cus_last_name|| t_customer.cus_first_name|| t_customer.cus_id</expression>
      </expression>
    </field>
    <field id="_G_0_-TT_Ee2b_KGwvQpohQ" enable="true" insert="true" name="lastName" parent="_G_0_9zT_Ee2b_KGwvQpohQ" ref="resource.md#_EjJiDjT_Ee2b_KGwvQpohQ?fileId=_EjJiBjT_Ee2b_KGwvQpohQ$type=md$name=lastName?" update="true">
      <expression id="_G_0_-jT_Ee2b_KGwvQpohQ" setDescriptorRef="_G_1m1DT_Ee2b_KGwvQpohQ">
        <expression>t_customer.cus_last_name</expression>
      </expression>
    </field>
    <field id="_G_0_-zT_Ee2b_KGwvQpohQ" enable="true" insert="true" name="streetAddress" parent="_G_0_8zT_Ee2b_KGwvQpohQ" ref="resource.md#_EjJiEjT_Ee2b_KGwvQpohQ?fileId=_EjJiBjT_Ee2b_KGwvQpohQ$type=md$name=streetAddress?" update="true">
      <expression id="_G_0__DT_Ee2b_KGwvQpohQ" setDescriptorRef="_G_1m1DT_Ee2b_KGwvQpohQ">
        <expression>t_address.adr_details</expression>
      </expression>
    </field>
    <field id="_G_1m0DT_Ee2b_KGwvQpohQ" enable="true" insert="true" name="state" parent="_G_0_8zT_Ee2b_KGwvQpohQ" ref="resource.md#_EjJiFjT_Ee2b_KGwvQpohQ?fileId=_EjJiBjT_Ee2b_KGwvQpohQ$type=md$name=state?" update="true">
      <expression id="_G_1m0TT_Ee2b_KGwvQpohQ" setDescriptorRef="_G_1m1DT_Ee2b_KGwvQpohQ">
        <expression>t_address.adr_state_code</expression>
      </expression>
    </field>
    <field id="_G_1m0jT_Ee2b_KGwvQpohQ" enable="true" insert="true" name="firstName" parent="_G_0_9zT_Ee2b_KGwvQpohQ" ref="resource.md#_EjJiDDT_Ee2b_KGwvQpohQ?fileId=_EjJiBjT_Ee2b_KGwvQpohQ$type=md$name=firstName?" update="true">
      <expression id="_G_1m0zT_Ee2b_KGwvQpohQ" setDescriptorRef="_G_1m1DT_Ee2b_KGwvQpohQ">
        <expression>t_customer.cus_first_name</expression>
      </expression>
    </field>
    <setDescriptor id="_G_1m1DT_Ee2b_KGwvQpohQ" label="A"/>
  </datastore>
  <join id="_G_1m1TT_Ee2b_KGwvQpohQ" location="SRC" left="_G_0_1zT_Ee2b_KGwvQpohQ" order="10" right="_G_0_wTT_Ee2b_KGwvQpohQ">
    <expression>t_address.cus_id = t_customer.cus_id</expression>
  </join>
  <join id="_G_1m1jT_Ee2b_KGwvQpohQ" location="SRC" left="_G_0_wTT_Ee2b_KGwvQpohQ" order="30" right="_G_0_yjT_Ee2b_KGwvQpohQ">
    <expression>t_customer.cus_id = t_phone.cus_id</expression>
  </join>
  <join id="_G_1m1zT_Ee2b_KGwvQpohQ" location="SRC" left="_G_0_0zT_Ee2b_KGwvQpohQ" order="50" right="_G_0_yjT_Ee2b_KGwvQpohQ">
    <expression>t_phone_type.pht_code = t_phone.pht_code</expression>
  </join>
  <filter id="_fj39UDT_Ee2b_KGwvQpohQ" location="SRC">
    <expression>t_customer.cus_id = ${~/cus_id}$</expression>
  </filter>
  <template id="_G_1m2DT_Ee2b_KGwvQpohQ" name="I_CustomerDetails" process="resource.proc#_brHmkaEoEd6xg_kipsVRYg?fileId=_brHmkaEoEd6xg_kipsVRYg$type=proc$name=INTEGRATION%20Rdbms%20to%20Xml?" targetId="_G_0_4jT_Ee2b_KGwvQpohQ"/>
  <dataSet id="_G_1m2TT_Ee2b_KGwvQpohQ">
    <container>_G_0_wTT_Ee2b_KGwvQpohQ</container>
    <container>_G_0_1zT_Ee2b_KGwvQpohQ</container>
    <container>_G_0_yjT_Ee2b_KGwvQpohQ</container>
    <container>_G_0_0zT_Ee2b_KGwvQpohQ</container>
  </dataSet>
  <dataSet id="_G_1m2jT_Ee2b_KGwvQpohQ">
    <container>_G_0_4jT_Ee2b_KGwvQpohQ</container>
  </dataSet>
  <hint>
    <usedField>#_G_0_wzT_Ee2b_KGwvQpohQ</usedField>
    <usedField>#_G_0_xTT_Ee2b_KGwvQpohQ</usedField>
    <usedField>#_G_0_xzT_Ee2b_KGwvQpohQ</usedField>
    <usedField>#_G_0_zDT_Ee2b_KGwvQpohQ</usedField>
    <usedField>#_G_0_zTT_Ee2b_KGwvQpohQ</usedField>
    <usedField>#_G_0_zjT_Ee2b_KGwvQpohQ</usedField>
    <usedField>#_G_0_zzT_Ee2b_KGwvQpohQ</usedField>
    <usedField>#_G_0_1DT_Ee2b_KGwvQpohQ</usedField>
    <usedField>#_G_0_1TT_Ee2b_KGwvQpohQ</usedField>
    <usedField>#_G_0_2TT_Ee2b_KGwvQpohQ</usedField>
    <usedField>#_G_0_2jT_Ee2b_KGwvQpohQ</usedField>
    <usedField>#_G_0_3DT_Ee2b_KGwvQpohQ</usedField>
    <usedField>#_G_0_3TT_Ee2b_KGwvQpohQ</usedField>
    <usedField>#_G_0_3jT_Ee2b_KGwvQpohQ</usedField>
    <usedField>#_G_0_3zT_Ee2b_KGwvQpohQ</usedField>
  </hint>
  <diagram><![CDATA[<?xml version="1.0" encoding="UTF-8"?>
<notation:Diagram xmi:version="2.0" xmlns:xmi="http://www.omg.org/XMI" xmlns:xsi="http://www.w3.org/2001/XMLSchema-instance" xmlns:map="http://www.indy.com/v2/map" xmlns:notation="http://www.eclipse.org/gmf/runtime/1.0.1/notation" xsi:schemaLocation="http://www.eclipse.org/gmf/runtime/1.0.1/notation " xmi:id="f76b31c0-6033-4a65-95ec-a82930d0661d" type="Map" measurementUnit="Pixel">
  <children xmi:type="notation:Shape" xmi:id="9c78b409-e2f2-40f6-84cd-14b6d6ee974e" type="2004" fontName="Segoe UI">
    <children xmi:type="notation:DecorationNode" xmi:id="42ca4478-c6b5-40e1-97c5-885cd31a3ff2" type="5005"/>
    <children xmi:type="notation:DecorationNode" xmi:id="1004c0ee-2176-4ded-a3a6-91e406f0fe8a" type="5007"/>
    <children xmi:type="notation:DecorationNode" xmi:id="7449cd14-2b50-450e-8317-6c23b4ad72fc" type="7003"/>
    <children xmi:type="notation:DecorationNode" xmi:id="39a337ca-af77-4eb7-991c-1daedff7ca1d" type="7009"/>
    <children xmi:type="notation:BasicCompartment" xmi:id="e8b6b26c-f5a7-4496-908b-6466e7d7739f" type="7004">
      <styles xmi:type="notation:SortingStyle" xmi:id="ccdc4914-5980-46fe-b263-5b1c0b60fa14"/>
      <styles xmi:type="notation:FilteringStyle" xmi:id="c85f3525-9002-490a-8a4a-9da53e0ab381"/>
    </children>
    <children xmi:type="notation:DecorationNode" xmi:id="af3b300c-6af6-4252-9cea-06658775be21" type="5009">
      <styles xmi:type="notation:DrawerStyle" xmi:id="8fcfbd5f-c195-4ff6-8151-462bf59ec059"/>
    </children>
    <children xmi:type="notation:DecorationNode" xmi:id="185eda7d-1e1c-46eb-a075-cecda61c3551" type="7005">
      <styles xmi:type="notation:SortingStyle" xmi:id="096b6824-b5b7-4157-a8b0-cec429afbfdd"/>
      <styles xmi:type="notation:FilteringStyle" xmi:id="678ef5a6-106e-4c46-9a85-d6e0843213a6"/>
    </children>
    <children xmi:type="notation:BasicCompartment" xmi:id="1685a8c2-8aba-41d2-bf87-f5c374dceadc" type="7007"/>
    <element xmi:type="map:Datastore" href="resource.map#_G_0_4jT_Ee2b_KGwvQpohQ?fileId=_G_0_wDT_Ee2b_KGwvQpohQ$type=map?"/>
    <layoutConstraint xmi:type="notation:Bounds" xmi:id="d0148015-7457-425e-805a-fb3fd205b3d8" x="747" y="220"/>
  </children>
  <children xmi:type="notation:Shape" xmi:id="12af6d93-abb3-437e-b9ce-9e3963b9add7" type="2004" fontName="Segoe UI">
    <children xmi:type="notation:DecorationNode" xmi:id="e5b85722-3a74-4ebb-932e-fb437e40f4c4" type="5005"/>
    <children xmi:type="notation:DecorationNode" xmi:id="04f61bd4-ffe7-497c-ab5a-2c741320d640" type="5007"/>
    <children xmi:type="notation:DecorationNode" xmi:id="60fd33e8-44df-4ca0-8849-e836f95b23a0" type="7003"/>
    <children xmi:type="notation:DecorationNode" xmi:id="6ca301da-5c43-4ba6-b8dd-6328c46c5948" type="7009"/>
    <children xmi:type="notation:BasicCompartment" xmi:id="9f024412-afc7-4088-b416-9b9b5bc54064" type="7004">
      <styles xmi:type="notation:SortingStyle" xmi:id="6106b82f-a7cd-43e8-99f7-48472810a5bc"/>
      <styles xmi:type="notation:FilteringStyle" xmi:id="0f3f1c97-e858-4369-b9ff-ceb1ec44aee9"/>
    </children>
    <children xmi:type="notation:DecorationNode" xmi:id="fec79488-2060-4591-af42-db8477f8b45f" type="5009">
      <styles xmi:type="notation:DrawerStyle" xmi:id="593ab638-f11a-4d85-b63e-804498b300b1"/>
    </children>
    <children xmi:type="notation:DecorationNode" xmi:id="adfc00ab-52de-47b0-9fce-84c2e251276b" type="7005">
      <styles xmi:type="notation:SortingStyle" xmi:id="d615ef1d-9357-4c90-bf04-83b436b157d5"/>
      <styles xmi:type="notation:FilteringStyle" xmi:id="9660c466-5e9c-43e7-ae8b-5ec24fe3be59"/>
    </children>
    <children xmi:type="notation:BasicCompartment" xmi:id="08be46c8-ce29-4352-9939-8e73b5ec6e19" type="7007"/>
    <element xmi:type="map:Datastore" href="resource.map#_G_0_1zT_Ee2b_KGwvQpohQ?fileId=_G_0_wDT_Ee2b_KGwvQpohQ$type=map?"/>
    <layoutConstraint xmi:type="notation:Bounds" xmi:id="63cf2afc-70b2-47a6-b84b-3a0e5716ab8b" x="43" y="27"/>
  </children>
  <children xmi:type="notation:Shape" xmi:id="e37d65aa-bd6b-47b8-a32a-44fa47f7263f" type="2004" fontName="Segoe UI">
    <children xmi:type="notation:DecorationNode" xmi:id="93cadb62-8707-4916-bfe3-08dc0bd68917" type="5005"/>
    <children xmi:type="notation:DecorationNode" xmi:id="cd27a116-7900-46ba-898a-8a0b2d37cdf8" type="5007"/>
    <children xmi:type="notation:DecorationNode" xmi:id="2181a3b0-bfd7-47d1-933d-dde053937d17" type="7003"/>
    <children xmi:type="notation:DecorationNode" xmi:id="98a0e4f6-63d2-43c7-befb-a4f31abe8ba2" type="7009"/>
    <children xmi:type="notation:BasicCompartment" xmi:id="1c3bbea0-ec0e-4ac7-a7ad-71abd22a66c9" type="7004">
      <styles xmi:type="notation:SortingStyle" xmi:id="ad00dffa-7c3b-436d-aef8-c6aeca571553"/>
      <styles xmi:type="notation:FilteringStyle" xmi:id="0bde91e5-a11d-4c48-b45d-a293bcd14d36"/>
    </children>
    <children xmi:type="notation:DecorationNode" xmi:id="483cce13-f9de-4f6d-9169-061726aa3583" type="5009">
      <styles xmi:type="notation:DrawerStyle" xmi:id="47461427-7690-4b47-b3e8-c4d7a8e169f0"/>
    </children>
    <children xmi:type="notation:DecorationNode" xmi:id="74147ef0-6db1-4bcd-9afd-609d7c68f436" type="7005">
      <styles xmi:type="notation:SortingStyle" xmi:id="100f18bd-7b05-412e-961c-5e334b92eeee"/>
      <styles xmi:type="notation:FilteringStyle" xmi:id="1868a7f0-4ae9-457a-a36a-dbf9f8d46935"/>
    </children>
    <children xmi:type="notation:BasicCompartment" xmi:id="714bc4b4-829b-45fc-91dd-ff528c90bd5e" type="7007"/>
    <element xmi:type="map:Datastore" href="resource.map#_G_0_wTT_Ee2b_KGwvQpohQ?fileId=_G_0_wDT_Ee2b_KGwvQpohQ$type=map?"/>
    <layoutConstraint xmi:type="notation:Bounds" xmi:id="9576a2ec-578e-45d2-b59a-934a4c01c2fd" x="329" y="50"/>
  </children>
  <children xmi:type="notation:Node" xmi:id="04657740-b345-483c-b182-6492f9e6cee6" type="2005">
    <styles xmi:type="notation:DescriptionStyle" xmi:id="d8bc5a80-c3d1-424b-8c95-4303099d8770"/>
    <styles xmi:type="notation:FontStyle" xmi:id="8073d43e-404c-4155-aa1c-fae8d80f215f" fontName="Segoe UI"/>
    <styles xmi:type="notation:FillStyle" xmi:id="74f7e217-3e7f-45ac-bf71-92cfcfa5e974"/>
    <element xmi:type="map:Join" href="resource.map#_G_1m1TT_Ee2b_KGwvQpohQ?fileId=_G_0_wDT_Ee2b_KGwvQpohQ$type=map?"/>
    <layoutConstraint xmi:type="notation:Bounds" xmi:id="baee99a1-7955-41c5-a509-ddd8b9348074" x="270" y="77"/>
  </children>
  <children xmi:type="notation:Shape" xmi:id="70adb033-8ea1-4f7a-914b-c1df0b442145" type="2004" fontName="Segoe UI">
    <children xmi:type="notation:DecorationNode" xmi:id="125b0ff8-8d7b-4407-a6c5-ffd9173983aa" type="5005"/>
    <children xmi:type="notation:DecorationNode" xmi:id="580443e4-c9f4-4875-afd6-7f240df382c2" type="5007"/>
    <children xmi:type="notation:DecorationNode" xmi:id="212dc5e3-d256-45e3-b8ba-c7f702f86d93" type="7003"/>
    <children xmi:type="notation:DecorationNode" xmi:id="7992f7f0-e5fe-4b93-a67b-821f78ff38af" type="7009"/>
    <children xmi:type="notation:BasicCompartment" xmi:id="8acd741a-24c7-4b1e-ba08-07f428156db5" type="7004">
      <styles xmi:type="notation:SortingStyle" xmi:id="ba8768a2-78eb-42e3-b6f6-5be150dd593d"/>
      <styles xmi:type="notation:FilteringStyle" xmi:id="b0175063-efc8-43eb-98a9-294735d89fb7"/>
    </children>
    <children xmi:type="notation:DecorationNode" xmi:id="1ce561d1-c05c-4b45-ae77-2bf81b0f769b" type="5009">
      <styles xmi:type="notation:DrawerStyle" xmi:id="1220a56c-2c91-4bd2-b632-bc409f1be51a"/>
    </children>
    <children xmi:type="notation:DecorationNode" xmi:id="f99ebbe0-7f07-498a-9e9d-6ea4fa7e7532" type="7005">
      <styles xmi:type="notation:SortingStyle" xmi:id="f127583c-ac89-4223-87e4-714be1c1dcac"/>
      <styles xmi:type="notation:FilteringStyle" xmi:id="c36d3bfc-8d21-4e45-9145-ff5ae28d7464"/>
    </children>
    <children xmi:type="notation:BasicCompartment" xmi:id="2ad081d6-b450-4352-9f87-f2486baefda9" type="7007"/>
    <element xmi:type="map:Datastore" href="resource.map#_G_0_yjT_Ee2b_KGwvQpohQ?fileId=_G_0_wDT_Ee2b_KGwvQpohQ$type=map?"/>
    <layoutConstraint xmi:type="notation:Bounds" xmi:id="ccef0d85-ee11-454c-b4bf-ad83536d07db" x="359" y="236"/>
  </children>
  <children xmi:type="notation:Shape" xmi:id="25d9b6a6-d931-4a0a-a1db-0f3eef6114a8" type="2004" fontName="Segoe UI">
    <children xmi:type="notation:DecorationNode" xmi:id="82dda011-0fc7-4b95-85a1-15ac68702982" type="5005"/>
    <children xmi:type="notation:DecorationNode" xmi:id="f772bf8b-f967-4861-8f99-b63bc662ad02" type="5007"/>
    <children xmi:type="notation:DecorationNode" xmi:id="a479946e-f2c6-4a9f-9b62-1f50b9165064" type="7003"/>
    <children xmi:type="notation:DecorationNode" xmi:id="f2aa6302-0cd9-4ade-a073-a55a32afe638" type="7009"/>
    <children xmi:type="notation:BasicCompartment" xmi:id="b4fdbbae-eb72-420e-bb1f-fa5f4e0dcc92" type="7004">
      <styles xmi:type="notation:SortingStyle" xmi:id="78b16a32-ca64-41f2-8720-da99c868d1ef"/>
      <styles xmi:type="notation:FilteringStyle" xmi:id="93fcb67b-22c3-4073-bbeb-9d9e88a214b7"/>
    </children>
    <children xmi:type="notation:DecorationNode" xmi:id="4bc0207b-5f9d-4616-94ca-1f07721fcf5d" type="5009">
      <styles xmi:type="notation:DrawerStyle" xmi:id="24c168af-fe4f-4b0e-94ac-39e84a0c1fc0"/>
    </children>
    <children xmi:type="notation:DecorationNode" xmi:id="b1a81a55-83d5-4406-810a-7d480514b2ec" type="7005">
      <styles xmi:type="notation:SortingStyle" xmi:id="27147c16-f0eb-491e-b234-88852806e50f"/>
      <styles xmi:type="notation:FilteringStyle" xmi:id="04ec26b2-8d10-4705-94d6-a2f2137d33d9"/>
    </children>
    <children xmi:type="notation:BasicCompartment" xmi:id="c9eda70d-d144-4adc-8827-7f46302bc850" type="7007"/>
    <element xmi:type="map:Datastore" href="resource.map#_G_0_0zT_Ee2b_KGwvQpohQ?fileId=_G_0_wDT_Ee2b_KGwvQpohQ$type=map?"/>
    <layoutConstraint xmi:type="notation:Bounds" xmi:id="4cb2b063-641f-44eb-b363-e5052514bfea" x="44" y="270"/>
  </children>
  <children xmi:type="notation:Node" xmi:id="038bd18e-404b-4b4a-aa33-fabd603441d3" type="2005">
    <styles xmi:type="notation:DescriptionStyle" xmi:id="92f793c4-a7ec-4b7d-92fb-1c9504841ebf"/>
    <styles xmi:type="notation:FontStyle" xmi:id="389123d3-c20c-4f2e-af18-6fd07c1849a3" fontName="Segoe UI"/>
    <styles xmi:type="notation:FillStyle" xmi:id="ed8722fb-10b1-44aa-815e-957158c11a8b"/>
    <element xmi:type="map:Join" href="resource.map#_G_1m1zT_Ee2b_KGwvQpohQ?fileId=_G_0_wDT_Ee2b_KGwvQpohQ$type=map?"/>
    <layoutConstraint xmi:type="notation:Bounds" xmi:id="cbc5e05d-a298-4297-930d-449b96c745fe" x="273" y="289"/>
  </children>
  <children xmi:type="notation:Node" xmi:id="005aab8e-aa3a-4df3-89d9-65388b37e45b" type="2005">
    <styles xmi:type="notation:DescriptionStyle" xmi:id="e97c3358-c0b2-4cc2-8fe7-58e69114c538"/>
    <styles xmi:type="notation:FontStyle" xmi:id="178d643b-1e57-4a53-a3cc-989a65488d90" fontName="Segoe UI"/>
    <styles xmi:type="notation:FillStyle" xmi:id="8db740ec-3ae7-4cdc-a58c-8cced22e08af"/>
    <element xmi:type="map:Join" href="resource.map#_G_1m1jT_Ee2b_KGwvQpohQ?fileId=_G_0_wDT_Ee2b_KGwvQpohQ$type=map?"/>
    <layoutConstraint xmi:type="notation:Bounds" xmi:id="fa43efbf-9cdb-4901-b7e3-8f96a3bab722" x="399" y="194"/>
  </children>
  <children xmi:type="notation:Node" xmi:id="_fkvgADT_Ee2b_KGwvQpohQ" type="2002">
    <styles xmi:type="notation:DescriptionStyle" xmi:id="_fkvgATT_Ee2b_KGwvQpohQ"/>
    <styles xmi:type="notation:FontStyle" xmi:id="_fkvgAjT_Ee2b_KGwvQpohQ" fontName="Segoe UI"/>
    <styles xmi:type="notation:FillStyle" xmi:id="_fkvgAzT_Ee2b_KGwvQpohQ"/>
    <element xmi:type="map:Filter" href="resource.map#_fj39UDT_Ee2b_KGwvQpohQ?fileId=_G_0_wDT_Ee2b_KGwvQpohQ$type=map?"/>
    <layoutConstraint xmi:type="notation:Bounds" xmi:id="_fkvgBDT_Ee2b_KGwvQpohQ" x="528" y="103"/>
  </children>
  <styles xmi:type="notation:DiagramStyle" xmi:id="6a530905-184f-4b21-8fae-9e13591a5ff7"/>
  <element xmi:type="map:Map" href="resource.map#_G_0_wDT_Ee2b_KGwvQpohQ?fileId=_G_0_wDT_Ee2b_KGwvQpohQ$type=map$name=GenerateJsonCustomerDetails_WS?"/>
  <edges xmi:type="notation:Edge" xmi:id="9bdadea5-fc83-4a3f-99e1-47511ac1eada" type="targetLink" source="9c78b409-e2f2-40f6-84cd-14b6d6ee974e" target="e37d65aa-bd6b-47b8-a32a-44fa47f7263f">
    <element xsi:nil="true"/>
    <bendpoints xmi:type="notation:RelativeBendpoints" xmi:id="855c1421-0b3a-42f5-8116-089f8357ead6" points="[-110, -28, 578, 144]$[-604, -151, 84, 21]"/>
  </edges>
  <edges xmi:type="notation:Edge" xmi:id="080489b6-90a1-41b7-8474-a5f85dfb75ac" type="targetDataSetLink" source="9c78b409-e2f2-40f6-84cd-14b6d6ee974e" target="9c78b409-e2f2-40f6-84cd-14b6d6ee974e">
    <element xmi:type="map:DataSet" href="resource.map#_G_1m2TT_Ee2b_KGwvQpohQ?fileId=_G_0_wDT_Ee2b_KGwvQpohQ$type=map?"/>
    <bendpoints xmi:type="notation:RelativeBendpoints" xmi:id="a9ce58c8-459b-467f-8e5b-2b5569540d83" points="[0, 0, 0, 0]$[0, 0, 0, 0]"/>
  </edges>
  <edges xmi:type="notation:Edge" xmi:id="f0e01c21-bace-43a7-9c26-a2e299744255" type="targetSetLink" source="9c78b409-e2f2-40f6-84cd-14b6d6ee974e" target="9c78b409-e2f2-40f6-84cd-14b6d6ee974e">
    <element xmi:type="map:SetDescriptor" href="resource.map#_G_1m1DT_Ee2b_KGwvQpohQ?fileId=_G_0_wDT_Ee2b_KGwvQpohQ$type=map?"/>
    <bendpoints xmi:type="notation:RelativeBendpoints" xmi:id="29ba4e75-54de-4ec2-a6a1-0a6145a4dbc5" points="[0, 0, 0, 0]$[0, 0, 0, 0]"/>
  </edges>
  <edges xmi:type="notation:Edge" xmi:id="dca657fa-90da-4a1a-b0eb-d2b67e0fb7fe" type="targetLink" source="9c78b409-e2f2-40f6-84cd-14b6d6ee974e" target="12af6d93-abb3-437e-b9ce-9e3963b9add7">
    <element xsi:nil="true"/>
    <bendpoints xmi:type="notation:RelativeBendpoints" xmi:id="72b360c3-6628-45d2-8a71-a377a24c58d0" points="[-300, -70, 307, 71]$[-523, -121, 84, 20]"/>
  </edges>
  <edges xmi:type="notation:Edge" xmi:id="e16450d1-3d34-49ba-aca4-dffa2c53c6d4" type="targetLink" source="9c78b409-e2f2-40f6-84cd-14b6d6ee974e" target="70adb033-8ea1-4f7a-914b-c1df0b442145">
    <element xsi:nil="true"/>
    <bendpoints xmi:type="notation:RelativeBendpoints" xmi:id="76c3a947-c846-4320-bbca-bb3281152900" points="[-300, 5, 686, -13]$[-882, 16, 104, -2]"/>
  </edges>
  <edges xmi:type="notation:Edge" xmi:id="49d83711-6eb1-48fd-a868-23481e080ddc" type="targetLink" source="9c78b409-e2f2-40f6-84cd-14b6d6ee974e" target="25d9b6a6-d931-4a0a-a1db-0f3eef6114a8">
    <element xsi:nil="true"/>
    <bendpoints xmi:type="notation:RelativeBendpoints" xmi:id="9f13307a-7fff-4cd1-acd8-d6794836446e" points="[-300, 44, 503, -75]$[-731, 108, 72, -11]"/>
  </edges>
  <edges xmi:type="notation:Edge" xmi:id="7482082e-9be7-43d7-a3d5-46eb05d076b4" type="joinLink" source="04657740-b345-483c-b182-6492f9e6cee6" target="e37d65aa-bd6b-47b8-a32a-44fa47f7263f">
    <element xsi:nil="true"/>
    <bendpoints xmi:type="notation:RelativeBendpoints" xmi:id="cc1672c5-cbd8-47fc-a348-eddf6872bf6f" points="[-1, -1, -414, -118]$[329, 93, -84, -24]"/>
  </edges>
  <edges xmi:type="notation:Edge" xmi:id="36ceec41-2e9b-4f71-8cf5-c3b3fbe1daef" type="joinLink" source="04657740-b345-483c-b182-6492f9e6cee6" target="12af6d93-abb3-437e-b9ce-9e3963b9add7">
    <element xsi:nil="true"/>
    <bendpoints xmi:type="notation:RelativeBendpoints" xmi:id="abda7378-ee2d-4897-8dd9-ca152c5a28e5" points="[-1, -1, -128, -111]$[43, 37, -84, -73]"/>
  </edges>
  <edges xmi:type="notation:Edge" xmi:id="00a175cc-4ab5-4e77-9e5b-e62c9a8248dc" type="joinLink" source="005aab8e-aa3a-4df3-89d9-65388b37e45b" target="e37d65aa-bd6b-47b8-a32a-44fa47f7263f">
    <element xsi:nil="true"/>
    <bendpoints xmi:type="notation:RelativeBendpoints" xmi:id="704c2e9c-0391-4d81-b82c-96ee29512cd6" points="[-1, -1, -414, -118]$[329, 93, -84, -24]"/>
  </edges>
  <edges xmi:type="notation:Edge" xmi:id="5f978d64-72dd-40ea-8cc9-4d86336d491e" type="joinLink" source="005aab8e-aa3a-4df3-89d9-65388b37e45b" target="70adb033-8ea1-4f7a-914b-c1df0b442145">
    <element xsi:nil="true"/>
    <bendpoints xmi:type="notation:RelativeBendpoints" xmi:id="2ee1f830-a7c4-4f83-a324-e71dfa9276b0" points="[-1, -1, -406, -301]$[325, 241, -80, -59]"/>
  </edges>
  <edges xmi:type="notation:Edge" xmi:id="772eb76b-3858-4482-8aa3-f2942c48fcf8" type="joinLink" source="038bd18e-404b-4b4a-aa33-fabd603441d3" target="70adb033-8ea1-4f7a-914b-c1df0b442145">
    <element xsi:nil="true"/>
    <bendpoints xmi:type="notation:RelativeBendpoints" xmi:id="7c22fe90-90cc-42c5-8ed1-15b9556bfcc5" points="[-1, -1, -463, -296]$[369, 236, -93, -59]"/>
  </edges>
  <edges xmi:type="notation:Edge" xmi:id="ab531edc-055d-46a1-a508-94506b04cd03" type="joinLink" source="038bd18e-404b-4b4a-aa33-fabd603441d3" target="25d9b6a6-d931-4a0a-a1db-0f3eef6114a8">
    <element xsi:nil="true"/>
    <bendpoints xmi:type="notation:RelativeBendpoints" xmi:id="6288d137-d625-478e-97da-896e663a4988" points="[-1, -1, -116, -306]$[102, 270, -13, -35]"/>
  </edges>
  <edges xmi:type="notation:Edge" xmi:id="_fk1moDT_Ee2b_KGwvQpohQ" type="joinLink" source="_fkvgADT_Ee2b_KGwvQpohQ" target="e37d65aa-bd6b-47b8-a32a-44fa47f7263f">
    <element xsi:nil="true"/>
    <bendpoints xmi:type="notation:RelativeBendpoints" xmi:id="_fk1moTT_Ee2b_KGwvQpohQ" points="[0, 0, -413, -117]$[329, 93, -84, -24]"/>
  </edges>
</notation:Diagram>
]]></diagram>
</map:map>