<?xml version="1.0" encoding="UTF-8"?>
<map:map xmlns:map="http://www.indy.com/v2/map" id="_ovdGIBtlEeaSVI_PvVjHMg" internalVersion="8" tech="resource.tech#_waYSMH8VEd2__Mzb_dB76A?fileId=_waYSMH8VEd2__Mzb_dB76A$type=tech$name=flow?">
  <datastore id="_ovdGIRtlEeaSVI_PvVjHMg" alias="DEMANDE" dataset="_oveUURtlEeaSVI_PvVjHMg" ref="resource.md#_Iud_kRd4Eeag17CW0UpctQ?fileId=_JZOm4BdDEeasp6ebq_qPSQ$type=md$name=DEMANDE?">
    <field id="_ovdGIhtlEeaSVI_PvVjHMg" fullAlias="ID_DEMANDE" name="ID_DEMANDE" ref="resource.md#_IuueQBd4Eeag17CW0UpctQ?fileId=_JZOm4BdDEeasp6ebq_qPSQ$type=md$name=ID_DEMANDE?"/>
    <field id="_ovdGIxtlEeaSVI_PvVjHMg" fullAlias="DATE_CONFIRMATION_INSCRIPTION_GLYON" name="DATE_CONFIRMATION_INSCRIPTION_GLYON" ref="resource.md#_Iuz90Bd4Eeag17CW0UpctQ?fileId=_JZOm4BdDEeasp6ebq_qPSQ$type=md$name=DATE_CONFIRMATION_INSCRIPTION_GLYON?"/>
    <field id="_ovdGJBtlEeaSVI_PvVjHMg" name="PRIORITE1_DEMANDE" ref="resource.md#_IuyIpRd4Eeag17CW0UpctQ?fileId=_JZOm4BdDEeasp6ebq_qPSQ$type=md$name=PRIORITE1_DEMANDE?"/>
    <field id="_ovdGJRtlEeaSVI_PvVjHMg" fullAlias="NIVEAU_CONFIRMATION" name="NIVEAU_CONFIRMATION" ref="resource.md#_Iu1zARd4Eeag17CW0UpctQ?fileId=_JZOm4BdDEeasp6ebq_qPSQ$type=md$name=NIVEAU_CONFIRMATION?"/>
    <field id="_ovdGJhtlEeaSVI_PvVjHMg" fullAlias="VILLE_CONFIRMATION" name="VILLE_CONFIRMATION" ref="resource.md#_Iu1L8Bd4Eeag17CW0UpctQ?fileId=_JZOm4BdDEeasp6ebq_qPSQ$type=md$name=VILLE_CONFIRMATION?"/>
    <field id="_ovdGJxtlEeaSVI_PvVjHMg" fullAlias="DATE_NAISSANCE_ENFANT" name="DATE_NAISSANCE_ENFANT" ref="resource.md#_Iuxhlhd4Eeag17CW0UpctQ?fileId=_JZOm4BdDEeasp6ebq_qPSQ$type=md$name=DATE_NAISSANCE_ENFANT?"/>
    <field id="_ovdGKBtlEeaSVI_PvVjHMg" name="PRIORITE2_DEMANDE" ref="resource.md#_Iuyvsxd4Eeag17CW0UpctQ?fileId=_JZOm4BdDEeasp6ebq_qPSQ$type=md$name=PRIORITE2_DEMANDE?"/>
    <field id="_ovdGKRtlEeaSVI_PvVjHMg" fullAlias="NOM_DEMANDEUR" name="NOM_DEMANDEUR" ref="resource.md#_IuvsYhd4Eeag17CW0UpctQ?fileId=_JZOm4BdDEeasp6ebq_qPSQ$type=md$name=NOM_DEMANDEUR?"/>
    <field id="_ovdGKhtlEeaSVI_PvVjHMg" fullAlias="PRENOM_ENFANT" name="PRENOM_ENFANT" ref="resource.md#_Iuw6hxd4Eeag17CW0UpctQ?fileId=_JZOm4BdDEeasp6ebq_qPSQ$type=md$name=PRENOM_ENFANT?"/>
    <field id="_ovdGKxtlEeaSVI_PvVjHMg" fullAlias="PRENOM_DEMANDEUR" name="PRENOM_DEMANDEUR" ref="resource.md#_Iuw6gBd4Eeag17CW0UpctQ?fileId=_JZOm4BdDEeasp6ebq_qPSQ$type=md$name=PRENOM_DEMANDEUR?"/>
    <field id="_ovdGLBtlEeaSVI_PvVjHMg" fullAlias="DATE_CONFIRMATION_INSCRIPTION_DEMANDEUR" name="DATE_CONFIRMATION_INSCRIPTION_DEMANDEUR" ref="resource.md#_Iu0k4Bd4Eeag17CW0UpctQ?fileId=_JZOm4BdDEeasp6ebq_qPSQ$type=md$name=DATE_CONFIRMATION_INSCRIPTION_DEMANDEUR?"/>
    <field id="_ovdGLRtlEeaSVI_PvVjHMg" fullAlias="DATE_DEMANDE" name="DATE_DEMANDE" ref="resource.md#_IuvFUBd4Eeag17CW0UpctQ?fileId=_JZOm4BdDEeasp6ebq_qPSQ$type=md$name=DATE_DEMANDE?"/>
    <field id="_ovdGLhtlEeaSVI_PvVjHMg" fullAlias="ID_INSCRIPTION_CRECHE" name="ID_INSCRIPTION_CRECHE" ref="resource.md#_Iu2aExd4Eeag17CW0UpctQ?fileId=_JZOm4BdDEeasp6ebq_qPSQ$type=md$name=ID_INSCRIPTION_CRECHE?"/>
    <field id="_ovdtMBtlEeaSVI_PvVjHMg" fullAlias="EMAIL_DEMANDEUR" name="EMAIL_DEMANDEUR" ref="resource.md#_IuzWwBd4Eeag17CW0UpctQ?fileId=_JZOm4BdDEeasp6ebq_qPSQ$type=md$name=EMAIL_DEMANDEUR?"/>
    <field id="_ovdtMRtlEeaSVI_PvVjHMg" fullAlias="CONFIRMATION_INSCRIPTION" name="CONFIRMATION_INSCRIPTION" ref="resource.md#_WS_SERp5EeaSVI_PvVjHMg?fileId=_JZOm4BdDEeasp6ebq_qPSQ$type=md$name=CONFIRMATION_INSCRIPTION?"/>
    <field id="_ovdtMhtlEeaSVI_PvVjHMg" name="SUPPRESSION_INSCRIPTION" ref="resource.md#_jC9U0BtOEeaSVI_PvVjHMg?fileId=_JZOm4BdDEeasp6ebq_qPSQ$type=md$name=SUPPRESSION_INSCRIPTION?"/>
  </datastore>
  <datastore id="_ovdtMxtlEeaSVI_PvVjHMg" alias="REQUETE_ETAT_DEMANDE" dataset="_oveUUhtlEeaSVI_PvVjHMg" ref="resource.md#_z9UMUBhdEeaU4oKOU7HH-A?fileId=_JZOm4BdDEeasp6ebq_qPSQ$type=md$name=REQUETE_ETAT_DEMANDE?" subExpression="[A]">
    <field id="_ovdtNBtlEeaSVI_PvVjHMg" enable="true" insert="true" name="ID_INSCRIPTION_CRECHE" ref="resource.md#_z9qKkBhdEeaU4oKOU7HH-A?fileId=_JZOm4BdDEeasp6ebq_qPSQ$type=md$name=ID_INSCRIPTION_CRECHE?" update="true">
      <expression id="_ovdtNRtlEeaSVI_PvVjHMg" setDescriptorRef="_ovdtRhtlEeaSVI_PvVjHMg">
        <expression>DEMANDE.ID_INSCRIPTION_CRECHE</expression>
      </expression>
    </field>
    <field id="_ovdtNhtlEeaSVI_PvVjHMg" enable="true" insert="true" name="VILLE_CONFIRMATION" ref="resource.md#_z9oVYBhdEeaU4oKOU7HH-A?fileId=_JZOm4BdDEeasp6ebq_qPSQ$type=md$name=VILLE_CONFIRMATION?" update="true">
      <expression id="_ovdtNxtlEeaSVI_PvVjHMg" setDescriptorRef="_ovdtRhtlEeaSVI_PvVjHMg">
        <expression>DEMANDE.VILLE_CONFIRMATION</expression>
      </expression>
    </field>
    <field id="_ovdtOBtlEeaSVI_PvVjHMg" name="ID_REQUETE_ETAT_DEMANDE" ref="resource.md#_z9jc4BhdEeaU4oKOU7HH-A?fileId=_JZOm4BdDEeasp6ebq_qPSQ$type=md$name=ID_REQUETE_ETAT_DEMANDE?">
      <expression id="_ovdtORtlEeaSVI_PvVjHMg" setDescriptorRef="_ovdtRhtlEeaSVI_PvVjHMg">
        <expression></expression>
      </expression>
    </field>
    <field id="_ovdtOhtlEeaSVI_PvVjHMg" enable="true" insert="true" name="DATE_REQUETE_ETAT_DEMANDE" ref="resource.md#_z9krABhdEeaU4oKOU7HH-A?fileId=_JZOm4BdDEeasp6ebq_qPSQ$type=md$name=DATE_REQUETE_ETAT_DEMANDE?" update="true" updateKey="true">
      <expression id="_ovdtOxtlEeaSVI_PvVjHMg" location="WRK" setDescriptorRef="_ovdtRhtlEeaSVI_PvVjHMg">
        <expression>current_timestamp</expression>
      </expression>
    </field>
    <field id="_ovdtPBtlEeaSVI_PvVjHMg" enable="true" insert="true" name="INTITULE_REPONSE" ref="resource.md#_z9qxoBhdEeaU4oKOU7HH-A?fileId=_JZOm4BdDEeasp6ebq_qPSQ$type=md$name=INTITULE_REPONSE?" update="true">
      <expression id="_ovdtPRtlEeaSVI_PvVjHMg" setDescriptorRef="_ovdtRhtlEeaSVI_PvVjHMg">
        <expression><![CDATA['VOUS AVEZ EFFECTUE UNE DEMANDE LE ' + TO_CHAR(DEMANDE.DATE_DEMANDE,'DD/MM/YYYY')+'.'+
CASE WHEN DEMANDE.DATE_CONFIRMATION_INSCRIPTION_GLYON IS NULL THEN 'FAUTE DE PLACE, VOTRE DEMANDE N''A PAS PU ABOUTIR POUR LE MOMENT'
     WHEN DEMANDE.DATE_CONFIRMATION_INSCRIPTION_GLYON IS NOT NULL AND DEMANDE.DATE_CONFIRMATION_INSCRIPTION_DEMANDEUR IS NULL AND DEMANDE.CONFIRMATION_INSCRIPTION ='false' 
          THEN 'VOUS AVEZ ETE INSCRIT A LA CRECHE DE '+DEMANDE.VILLE_CONFIRMATION+' AU NIVEAU ' + DEMANDE.NIVEAU_CONFIRMATION +
               'ET VOUS AVEZ DECLINE VOTRE INSCRIPTION'
     WHEN DEMANDE.DATE_CONFIRMATION_INSCRIPTION_GLYON IS NOT NULL AND DEMANDE.DATE_CONFIRMATION_INSCRIPTION_DEMANDEUR IS NULL 
          THEN 'VOUS AVEZ ETE INSCRIT A LA CRECHE DE '+DEMANDE.VILLE_CONFIRMATION+' AU NIVEAU ' + DEMANDE.NIVEAU_CONFIRMATION +
               ', SANS AVOIR POUR LE MOMENT CONFIRME VOTRE INSCRIPTION'
          ELSE 'VOUS AVEZ ETE INSCRIT A LA CRECHE DE '+DEMANDE.VILLE_CONFIRMATION+' AU NIVEAU ' + DEMANDE.NIVEAU_CONFIRMATION + ' ET VOUS AVEZ CONFIRME VOTRE INSCRIPTION'
END  ]]></expression>
      </expression>
    </field>
    <field id="_ovdtPhtlEeaSVI_PvVjHMg" enable="true" insert="true" name="DATE_CONFIRMATION_INSCRIPTION_DEMANDEUR" ref="resource.md#_z9nuUBhdEeaU4oKOU7HH-A?fileId=_JZOm4BdDEeasp6ebq_qPSQ$type=md$name=DATE_CONFIRMATION_INSCRIPTION_DEMANDEUR?" update="true">
      <expression id="_ovdtPxtlEeaSVI_PvVjHMg" setDescriptorRef="_ovdtRhtlEeaSVI_PvVjHMg">
        <expression>DEMANDE.DATE_CONFIRMATION_INSCRIPTION_DEMANDEUR</expression>
      </expression>
    </field>
    <field id="_ovdtQBtlEeaSVI_PvVjHMg" enable="true" insert="true" name="NIVEAU_CONFIRMATION" ref="resource.md#_z9o8cRhdEeaU4oKOU7HH-A?fileId=_JZOm4BdDEeasp6ebq_qPSQ$type=md$name=NIVEAU_CONFIRMATION?" update="true">
      <expression id="_ovdtQRtlEeaSVI_PvVjHMg" setDescriptorRef="_ovdtRhtlEeaSVI_PvVjHMg">
        <expression>DEMANDE.NIVEAU_CONFIRMATION</expression>
      </expression>
    </field>
    <field id="_ovdtQhtlEeaSVI_PvVjHMg" enable="true" insert="true" name="ID_DEMANDE" ref="resource.md#_z9lSEBhdEeaU4oKOU7HH-A?fileId=_JZOm4BdDEeasp6ebq_qPSQ$type=md$name=ID_DEMANDE?" update="true" updateKey="true">
      <expression id="_ovdtQxtlEeaSVI_PvVjHMg" setDescriptorRef="_ovdtRhtlEeaSVI_PvVjHMg">
        <expression>DEMANDE.ID_DEMANDE</expression>
      </expression>
    </field>
    <field id="_ovdtRBtlEeaSVI_PvVjHMg" enable="true" insert="true" name="DATE_CONFIRMATION_INSCRIPTION_GLYON" ref="resource.md#_z9nHQBhdEeaU4oKOU7HH-A?fileId=_JZOm4BdDEeasp6ebq_qPSQ$type=md$name=DATE_CONFIRMATION_INSCRIPTION_GLYON?" update="true">
      <expression id="_ovdtRRtlEeaSVI_PvVjHMg" setDescriptorRef="_ovdtRhtlEeaSVI_PvVjHMg">
        <expression>DEMANDE.DATE_CONFIRMATION_INSCRIPTION_GLYON</expression>
      </expression>
    </field>
    <setDescriptor id="_ovdtRhtlEeaSVI_PvVjHMg" label="A"/>
  </datastore>
  <datastore id="_tXzKQBtlEeaSVI_PvVjHMg" alias="inscription_creche" dataset="_tX_XgBtlEeaSVI_PvVjHMg" ref="resource.md#_VPOLQBtmEeaSVI_PvVjHMg?fileId=_1PvoABkiEeaSVI_PvVjHMg$type=md$name=inscription_creche?" subExpression="[A]">
    <field id="_tX8UNBtlEeaSVI_PvVjHMg" enable="true" insert="true" name="id_demande" parent="_tX8UMxtlEeaSVI_PvVjHMg" ref="resource.md#_XaIjoxtmEeaSVI_PvVjHMg?fileId=_1PvoABkiEeaSVI_PvVjHMg$type=md$name=id_demande?" update="true">
      <expression id="_vJnGIBtlEeaSVI_PvVjHMg" setDescriptorRef="_vJl4ABtlEeaSVI_PvVjHMg">
        <expression>DEMANDE.ID_DEMANDE</expression>
      </expression>
    </field>
    <field id="_tX8UMhtlEeaSVI_PvVjHMg" expand="true" name="etat_demande_inscription" parent="_tX8UMRtlEeaSVI_PvVjHMg" ref="resource.md#_XaIjoRtmEeaSVI_PvVjHMg?fileId=_1PvoABkiEeaSVI_PvVjHMg$type=md$name=etat_demande_inscription?">
      <expression id="_vJnGIRtlEeaSVI_PvVjHMg" setDescriptorRef="_vJl4ABtlEeaSVI_PvVjHMg">
        <expression></expression>
      </expression>
    </field>
    <field id="_tX87RBtlEeaSVI_PvVjHMg" enable="true" insert="true" name="prenom_enfant" parent="_tX8UMxtlEeaSVI_PvVjHMg" ref="resource.md#_XaJxxBtmEeaSVI_PvVjHMg?fileId=_1PvoABkiEeaSVI_PvVjHMg$type=md$name=prenom_enfant?" update="true">
      <expression id="_vJqJcBtlEeaSVI_PvVjHMg" setDescriptorRef="_vJl4ABtlEeaSVI_PvVjHMg">
        <expression>DEMANDE.PRENOM_ENFANT</expression>
      </expression>
    </field>
    <field id="_tX87TRtlEeaSVI_PvVjHMg" enable="true" insert="true" name="commentaire_demande" parent="_tX8UMxtlEeaSVI_PvVjHMg" ref="resource.md#_XaKY1htmEeaSVI_PvVjHMg?fileId=_1PvoABkiEeaSVI_PvVjHMg$type=md$name=commentaire_demande?" update="true">
      <expression id="_vJqwgBtlEeaSVI_PvVjHMg" setDescriptorRef="_vJl4ABtlEeaSVI_PvVjHMg">
        <expression><![CDATA['VOUS AVEZ EFFECTUE UNE DEMANDE LE ' + TO_CHAR(DEMANDE.DATE_DEMANDE,'DD-MM-YYYY')+'.'+
CASE WHEN DEMANDE.DATE_CONFIRMATION_INSCRIPTION_GLYON IS NULL THEN 'FAUTE DE PLACE, VOTRE DEMANDE N''A PAS PU ABOUTIR POUR LE MOMENT'
     WHEN DEMANDE.DATE_CONFIRMATION_INSCRIPTION_GLYON IS NOT NULL AND DEMANDE.DATE_CONFIRMATION_INSCRIPTION_DEMANDEUR IS NULL 
          THEN 'VOUS AVEZ ETE INSCRIT A LA CRECHE DE '+DEMANDE.VILLE_CONFIRMATION+' AU NIVEAU ' + DEMANDE.NIVEAU_CONFIRMATION +
               ', SANS AVOIR POUR LE MOMENT CONFIRME VOTRE INSCRIPTION'
          ELSE 'VOUS AVEZ ETE INSCRIT A LA CRECHE DE '+DEMANDE.VILLE_CONFIRMATION+' AU NIVEAU ' + DEMANDE.NIVEAU_CONFIRMATION + ' ET VOUS AVEZ CONFIRME VOTRE INSCRIPTION'
END ]]></expression>
      </expression>
    </field>
    <field id="_tX87RhtlEeaSVI_PvVjHMg" enable="true" insert="true" name="confirme_inscription" parent="_tX8UMxtlEeaSVI_PvVjHMg" ref="resource.md#_XaKY0BtmEeaSVI_PvVjHMg?fileId=_1PvoABkiEeaSVI_PvVjHMg$type=md$name=confirme_inscription?" update="true">
      <expression id="_vJqwgRtlEeaSVI_PvVjHMg" setDescriptorRef="_vJl4ABtlEeaSVI_PvVjHMg">
        <expression><![CDATA[CASE WHEN DEMANDE.CONFIRMATION_INSCRIPTION IS NULL THEN ''
     WHEN DEMANDE.CONFIRMATION_INSCRIPTION='true' THEN 'Oui'
     ELSE 'Non'
     END]]></expression>
      </expression>
    </field>
    <field id="_tX87TBtlEeaSVI_PvVjHMg" enable="true" insert="true" name="niveau_confirmation_demande" parent="_tX8UMxtlEeaSVI_PvVjHMg" ref="resource.md#_XaKY1BtmEeaSVI_PvVjHMg?fileId=_1PvoABkiEeaSVI_PvVjHMg$type=md$name=niveau_confirmation_demande?" update="true">
      <expression id="_vJrXkBtlEeaSVI_PvVjHMg" setDescriptorRef="_vJl4ABtlEeaSVI_PvVjHMg">
        <expression>DEMANDE.NIVEAU_CONFIRMATION</expression>
      </expression>
    </field>
    <field id="_tX8UMxtlEeaSVI_PvVjHMg" enable="true" expand="true" insert="true" name="item" parent="_tX8UMhtlEeaSVI_PvVjHMg" ref="resource.md#_XaIjohtmEeaSVI_PvVjHMg?fileId=_1PvoABkiEeaSVI_PvVjHMg$type=md$name=item?" update="true" updateKey="true">
      <expression id="_vJrXkRtlEeaSVI_PvVjHMg" setDescriptorRef="_vJl4ABtlEeaSVI_PvVjHMg">
        <expression>DEMANDE.ID_DEMANDE</expression>
      </expression>
    </field>
    <field id="_tX87RRtlEeaSVI_PvVjHMg" enable="true" insert="true" name="date_naissance_enfant" parent="_tX8UMxtlEeaSVI_PvVjHMg" ref="resource.md#_XaJxxhtmEeaSVI_PvVjHMg?fileId=_1PvoABkiEeaSVI_PvVjHMg$type=md$name=date_naissance_enfant?" update="true">
      <expression id="_vJrXkhtlEeaSVI_PvVjHMg" setDescriptorRef="_vJl4ABtlEeaSVI_PvVjHMg">
        <expression>DEMANDE.DATE_NAISSANCE_ENFANT</expression>
      </expression>
    </field>
    <field id="_tX87SxtlEeaSVI_PvVjHMg" enable="true" insert="true" name="ville_confirmation_demande" parent="_tX8UMxtlEeaSVI_PvVjHMg" ref="resource.md#_XaKY0htmEeaSVI_PvVjHMg?fileId=_1PvoABkiEeaSVI_PvVjHMg$type=md$name=ville_confirmation_demande?" update="true">
      <expression id="_vJr-oBtlEeaSVI_PvVjHMg" setDescriptorRef="_vJl4ABtlEeaSVI_PvVjHMg">
        <expression>DEMANDE.VILLE_CONFIRMATION</expression>
      </expression>
    </field>
    <field id="_tX8UNRtlEeaSVI_PvVjHMg" enable="true" insert="true" name="id_inscription" parent="_tX8UMxtlEeaSVI_PvVjHMg" ref="resource.md#_XaIjpRtmEeaSVI_PvVjHMg?fileId=_1PvoABkiEeaSVI_PvVjHMg$type=md$name=id_inscription?" update="true">
      <expression id="_vJr-ohtlEeaSVI_PvVjHMg" setDescriptorRef="_vJl4ABtlEeaSVI_PvVjHMg">
        <expression>DEMANDE.ID_INSCRIPTION_CRECHE</expression>
      </expression>
    </field>
    <field id="_tX87QRtlEeaSVI_PvVjHMg" enable="true" insert="true" name="nom_demandeur" parent="_tX8UMxtlEeaSVI_PvVjHMg" ref="resource.md#_XaJKtRtmEeaSVI_PvVjHMg?fileId=_1PvoABkiEeaSVI_PvVjHMg$type=md$name=nom_demandeur?" update="true">
      <expression id="_vJr-oxtlEeaSVI_PvVjHMg" setDescriptorRef="_vJl4ABtlEeaSVI_PvVjHMg">
        <expression>DEMANDE.NOM_DEMANDEUR</expression>
      </expression>
    </field>
    <field id="_tX87QBtlEeaSVI_PvVjHMg" enable="true" insert="true" name="date_confirmation_inscription_demandeur" parent="_tX8UMxtlEeaSVI_PvVjHMg" ref="resource.md#_XaJKsxtmEeaSVI_PvVjHMg?fileId=_1PvoABkiEeaSVI_PvVjHMg$type=md$name=date_confirmation_inscription_demandeur?" update="true">
      <expression id="_vJslsBtlEeaSVI_PvVjHMg" setDescriptorRef="_vJl4ABtlEeaSVI_PvVjHMg">
        <expression><![CDATA[CASE WHEN DEMANDE.DATE_CONFIRMATION_INSCRIPTION_DEMANDEUR IS NULL THEN ''
     ELSE TO_CHAR(DEMANDE.DATE_CONFIRMATION_INSCRIPTION_DEMANDEUR,'DD-MM-YYYY HH:MI:SS')
     END]]></expression>
      </expression>
    </field>
    <field id="_tX8UMRtlEeaSVI_PvVjHMg" enable="true" expand="true" insert="true" name="inscription_creche" ref="resource.md#_VPOLQBtmEeaSVI_PvVjHMg?fileId=_1PvoABkiEeaSVI_PvVjHMg$type=md$name=inscription_creche?" update="true" updateKey="true">
      <expression id="_vJslshtlEeaSVI_PvVjHMg" setDescriptorRef="_vJl4ABtlEeaSVI_PvVjHMg">
        <expression>DEMANDE.ID_DEMANDE</expression>
      </expression>
    </field>
    <field id="_tX87QxtlEeaSVI_PvVjHMg" enable="true" insert="true" name="email_demandeur" parent="_tX8UMxtlEeaSVI_PvVjHMg" ref="resource.md#_XaJxwhtmEeaSVI_PvVjHMg?fileId=_1PvoABkiEeaSVI_PvVjHMg$type=md$name=email_demandeur?" update="true">
      <expression id="_vJtMwBtlEeaSVI_PvVjHMg" setDescriptorRef="_vJl4ABtlEeaSVI_PvVjHMg">
        <expression>DEMANDE.EMAIL_DEMANDEUR</expression>
      </expression>
    </field>
    <field id="_tX87QhtlEeaSVI_PvVjHMg" enable="true" insert="true" name="prenom_demandeur" parent="_tX8UMxtlEeaSVI_PvVjHMg" ref="resource.md#_XaJxwBtmEeaSVI_PvVjHMg?fileId=_1PvoABkiEeaSVI_PvVjHMg$type=md$name=prenom_demandeur?" update="true">
      <expression id="_vJtMwRtlEeaSVI_PvVjHMg" setDescriptorRef="_vJl4ABtlEeaSVI_PvVjHMg">
        <expression>DEMANDE.PRENOM_DEMANDEUR</expression>
      </expression>
    </field>
    <field id="_tX8UNhtlEeaSVI_PvVjHMg" enable="true" insert="true" name="date_confirmation_inscription_glyon" parent="_tX8UMxtlEeaSVI_PvVjHMg" ref="resource.md#_XaJKsRtmEeaSVI_PvVjHMg?fileId=_1PvoABkiEeaSVI_PvVjHMg$type=md$name=date_confirmation_inscription_glyon?" update="true">
      <expression id="_vJtMwhtlEeaSVI_PvVjHMg" setDescriptorRef="_vJl4ABtlEeaSVI_PvVjHMg">
        <expression>TO_CHAR(DEMANDE.DATE_CONFIRMATION_INSCRIPTION_GLYON,'DD-MM-YYYY HH:MI:SS')</expression>
      </expression>
    </field>
    <setDescriptor id="_vJl4ABtlEeaSVI_PvVjHMg" label="A"/>
  </datastore>
  <filter id="_oveUThtlEeaSVI_PvVjHMg" location="SRC">
    <expression><![CDATA[    DEMANDE.ID_DEMANDE = ${~/id_demande}$ 
AND DEMANDE.EMAIL_DEMANDEUR = '${~/email_demandeur}$']]></expression>
  </filter>
  <template id="_oveUTxtlEeaSVI_PvVjHMg" name="I_REQUETE_ETAT_DEMANDE" process="resource.proc#_HFOfdjEZEd-WZe6cNi2k2w?fileId=_HFOfdjEZEd-WZe6cNi2k2w$type=proc$name=INTEGRATION%20Hsql?" targetId="_ovdtMxtlEeaSVI_PvVjHMg"/>
  <template id="_vJvpABtlEeaSVI_PvVjHMg" name="I_inscription_creche" process="resource.proc#_brHmkaEoEd6xg_kipsVRYg?fileId=_brHmkaEoEd6xg_kipsVRYg$type=proc$name=INTEGRATION%20Rdbms%20to%20Xml?" targetId="_tXzKQBtlEeaSVI_PvVjHMg"/>
  <dataSet id="_oveUURtlEeaSVI_PvVjHMg">
    <container>_ovdGIRtlEeaSVI_PvVjHMg</container>
  </dataSet>
  <dataSet id="_oveUUhtlEeaSVI_PvVjHMg">
    <container>_ovdtMxtlEeaSVI_PvVjHMg</container>
  </dataSet>
  <dataSet id="_tX_XgBtlEeaSVI_PvVjHMg">
    <container>_tXzKQBtlEeaSVI_PvVjHMg</container>
  </dataSet>
  <hint>
    <usedField>#_ovdGIhtlEeaSVI_PvVjHMg</usedField>
    <usedField>#_ovdGIxtlEeaSVI_PvVjHMg</usedField>
    <usedField>#_ovdGJRtlEeaSVI_PvVjHMg</usedField>
    <usedField>#_ovdGJhtlEeaSVI_PvVjHMg</usedField>
    <usedField>#_ovdGJxtlEeaSVI_PvVjHMg</usedField>
    <usedField>#_ovdGKRtlEeaSVI_PvVjHMg</usedField>
    <usedField>#_ovdGKhtlEeaSVI_PvVjHMg</usedField>
    <usedField>#_ovdGKxtlEeaSVI_PvVjHMg</usedField>
    <usedField>#_ovdGLBtlEeaSVI_PvVjHMg</usedField>
    <usedField>#_ovdGLRtlEeaSVI_PvVjHMg</usedField>
    <usedField>#_ovdGLhtlEeaSVI_PvVjHMg</usedField>
    <usedField>#_ovdtMBtlEeaSVI_PvVjHMg</usedField>
    <usedField>#_ovdtMRtlEeaSVI_PvVjHMg</usedField>
  </hint>
  <diagram><![CDATA[<?xml version="1.0" encoding="UTF-8"?>
<notation:Diagram xmi:version="2.0" xmlns:xmi="http://www.omg.org/XMI" xmlns:xsi="http://www.w3.org/2001/XMLSchema-instance" xmlns:map="http://www.indy.com/v2/map" xmlns:notation="http://www.eclipse.org/gmf/runtime/1.0.1/notation" xsi:schemaLocation="http://www.eclipse.org/gmf/runtime/1.0.1/notation http://www.eclipse.org/gmf/runtime/1.0.2/notation" xmi:id="_XEZ5gBkcEeaSVI_PvVjHMg" type="Map" measurementUnit="Pixel">
  <children xmi:type="notation:Shape" xmi:id="_0dgDABkzEeaSVI_PvVjHMg" type="2004" fontName="Segoe UI">
    <children xmi:type="notation:DecorationNode" xmi:id="_0dgDAhkzEeaSVI_PvVjHMg" type="5005"/>
    <children xmi:type="notation:DecorationNode" xmi:id="_0dgDAxkzEeaSVI_PvVjHMg" type="7003"/>
    <children xmi:type="notation:DecorationNode" xmi:id="_0dgqEBkzEeaSVI_PvVjHMg" type="7009"/>
    <children xmi:type="notation:BasicCompartment" xmi:id="_0dgqERkzEeaSVI_PvVjHMg" type="7004">
      <styles xmi:type="notation:SortingStyle" xmi:id="_0dgqEhkzEeaSVI_PvVjHMg"/>
      <styles xmi:type="notation:FilteringStyle" xmi:id="_0dgqExkzEeaSVI_PvVjHMg"/>
    </children>
    <children xmi:type="notation:DecorationNode" xmi:id="_0dgqFBkzEeaSVI_PvVjHMg" type="5009">
      <styles xmi:type="notation:DrawerStyle" xmi:id="_0dgqFRkzEeaSVI_PvVjHMg"/>
    </children>
    <children xmi:type="notation:DecorationNode" xmi:id="_0dgqFhkzEeaSVI_PvVjHMg" type="7005">
      <styles xmi:type="notation:SortingStyle" xmi:id="_0dgqFxkzEeaSVI_PvVjHMg"/>
      <styles xmi:type="notation:FilteringStyle" xmi:id="_0dgqGBkzEeaSVI_PvVjHMg"/>
    </children>
    <children xmi:type="notation:BasicCompartment" xmi:id="_0dgqGRkzEeaSVI_PvVjHMg" type="7007"/>
    <children xmi:type="notation:DecorationNode" xmi:id="_XsPOICpGEeu_lPwYY8HABw" type="5007"/>
    <element xmi:type="map:Datastore" href="../../getJSONDemande.map#_ovdGIRtlEeaSVI_PvVjHMg?fileId=_ovdGIBtlEeaSVI_PvVjHMg$type=map?"/>
    <layoutConstraint xmi:type="notation:Bounds" xmi:id="_0dgDARkzEeaSVI_PvVjHMg" x="31" y="88"/>
  </children>
  <children xmi:type="notation:Shape" xmi:id="_tYV80RtlEeaSVI_PvVjHMg" type="2004" fontName="Segoe UI">
    <children xmi:type="notation:DecorationNode" xmi:id="_tYWj4BtlEeaSVI_PvVjHMg" type="5005"/>
    <children xmi:type="notation:DecorationNode" xmi:id="_tYWj4RtlEeaSVI_PvVjHMg" type="7003"/>
    <children xmi:type="notation:DecorationNode" xmi:id="_tYWj4htlEeaSVI_PvVjHMg" type="7009"/>
    <children xmi:type="notation:BasicCompartment" xmi:id="_tYWj4xtlEeaSVI_PvVjHMg" type="7004">
      <styles xmi:type="notation:SortingStyle" xmi:id="_tYWj5BtlEeaSVI_PvVjHMg"/>
      <styles xmi:type="notation:FilteringStyle" xmi:id="_tYWj5RtlEeaSVI_PvVjHMg"/>
    </children>
    <children xmi:type="notation:DecorationNode" xmi:id="_tYWj5htlEeaSVI_PvVjHMg" type="5009">
      <styles xmi:type="notation:DrawerStyle" xmi:id="_tYWj5xtlEeaSVI_PvVjHMg"/>
    </children>
    <children xmi:type="notation:DecorationNode" xmi:id="_tYWj6BtlEeaSVI_PvVjHMg" type="7005">
      <styles xmi:type="notation:SortingStyle" xmi:id="_tYWj6RtlEeaSVI_PvVjHMg"/>
      <styles xmi:type="notation:FilteringStyle" xmi:id="_tYWj6htlEeaSVI_PvVjHMg"/>
    </children>
    <children xmi:type="notation:BasicCompartment" xmi:id="_tYWj6xtlEeaSVI_PvVjHMg" type="7007"/>
    <children xmi:type="notation:DecorationNode" xmi:id="_XvOQsCpGEeu_lPwYY8HABw" type="5007"/>
    <element xmi:type="map:Datastore" href="../../getJSONDemande.map#_tXzKQBtlEeaSVI_PvVjHMg?fileId=_ovdGIBtlEeaSVI_PvVjHMg$type=map?"/>
    <layoutConstraint xmi:type="notation:Bounds" xmi:id="_tYV80htlEeaSVI_PvVjHMg" x="567" y="16" height="296"/>
  </children>
  <children xmi:type="notation:Shape" xmi:id="_08QbkBkzEeaSVI_PvVjHMg" type="2004" fontName="Segoe UI">
    <children xmi:type="notation:DecorationNode" xmi:id="_08QbkhkzEeaSVI_PvVjHMg" type="5005"/>
    <children xmi:type="notation:DecorationNode" xmi:id="_08QbkxkzEeaSVI_PvVjHMg" type="7003"/>
    <children xmi:type="notation:DecorationNode" xmi:id="_08QblBkzEeaSVI_PvVjHMg" type="7009"/>
    <children xmi:type="notation:BasicCompartment" xmi:id="_08QblRkzEeaSVI_PvVjHMg" type="7004">
      <styles xmi:type="notation:SortingStyle" xmi:id="_08QblhkzEeaSVI_PvVjHMg"/>
      <styles xmi:type="notation:FilteringStyle" xmi:id="_08QblxkzEeaSVI_PvVjHMg"/>
    </children>
    <children xmi:type="notation:DecorationNode" xmi:id="_08RCoBkzEeaSVI_PvVjHMg" type="5009">
      <styles xmi:type="notation:DrawerStyle" xmi:id="_08RCoRkzEeaSVI_PvVjHMg"/>
    </children>
    <children xmi:type="notation:DecorationNode" xmi:id="_08RCohkzEeaSVI_PvVjHMg" type="7005">
      <styles xmi:type="notation:SortingStyle" xmi:id="_08RCoxkzEeaSVI_PvVjHMg"/>
      <styles xmi:type="notation:FilteringStyle" xmi:id="_08RCpBkzEeaSVI_PvVjHMg"/>
    </children>
    <children xmi:type="notation:BasicCompartment" xmi:id="_08RCpRkzEeaSVI_PvVjHMg" type="7007"/>
    <children xmi:type="notation:DecorationNode" xmi:id="_Xwdm0CpGEeu_lPwYY8HABw" type="5007"/>
    <element xmi:type="map:Datastore" href="../../getJSONDemande.map#_ovdtMxtlEeaSVI_PvVjHMg?fileId=_ovdGIBtlEeaSVI_PvVjHMg$type=map?"/>
    <layoutConstraint xmi:type="notation:Bounds" xmi:id="_08QbkRkzEeaSVI_PvVjHMg" x="573" y="331"/>
  </children>
  <children xmi:type="notation:Node" xmi:id="_2aQDkBkzEeaSVI_PvVjHMg" type="2002">
    <styles xmi:type="notation:DescriptionStyle" xmi:id="_2aQDkRkzEeaSVI_PvVjHMg"/>
    <styles xmi:type="notation:FontStyle" xmi:id="_2aQDkhkzEeaSVI_PvVjHMg" fontName="Segoe UI"/>
    <styles xmi:type="notation:FillStyle" xmi:id="_2aQDkxkzEeaSVI_PvVjHMg"/>
    <element xmi:type="map:Filter" href="../../getJSONDemande.map#_oveUThtlEeaSVI_PvVjHMg?fileId=_ovdGIBtlEeaSVI_PvVjHMg$type=map?"/>
    <layoutConstraint xmi:type="notation:Bounds" xmi:id="_2aQDlBkzEeaSVI_PvVjHMg" x="487" y="247"/>
  </children>
  <styles xmi:type="notation:DiagramStyle" xmi:id="_XEZ5gRkcEeaSVI_PvVjHMg"/>
  <element xmi:type="map:Map" href="../../getJSONDemande.map#_ovdGIBtlEeaSVI_PvVjHMg?fileId=_ovdGIBtlEeaSVI_PvVjHMg$type=map$name=getJSONDemande?"/>
  <edges xmi:type="notation:Edge" xmi:id="_2aX_YBkzEeaSVI_PvVjHMg" type="joinLink" source="_2aQDkBkzEeaSVI_PvVjHMg" target="_0dgDABkzEeaSVI_PvVjHMg">
    <element xsi:nil="true"/>
    <bendpoints xmi:type="notation:RelativeBendpoints" xmi:id="_2aX_YRkzEeaSVI_PvVjHMg" points="[-15, 1, 171, -23]$[28, -4, 214, -28]"/>
  </edges>
  <edges xmi:type="notation:Edge" xmi:id="_dGQS8Bk3EeaSVI_PvVjHMg" type="targetSetLink" source="_08QbkBkzEeaSVI_PvVjHMg" target="_08QbkBkzEeaSVI_PvVjHMg">
    <element xmi:type="map:SetDescriptor" href="../../getJSONDemande.map#_ovdtRhtlEeaSVI_PvVjHMg?fileId=_ovdGIBtlEeaSVI_PvVjHMg$type=map?"/>
    <bendpoints xmi:type="notation:RelativeBendpoints" xmi:id="_dGQS8Rk3EeaSVI_PvVjHMg" points="[0, 0, 0, 0]$[0, 0, 0, 0]"/>
  </edges>
  <edges xmi:type="notation:Edge" xmi:id="_Pas5oBs_EeaSVI_PvVjHMg" type="targetLink" source="_08QbkBkzEeaSVI_PvVjHMg" target="_0dgDABkzEeaSVI_PvVjHMg">
    <element xsi:nil="true"/>
    <bendpoints xmi:type="notation:RelativeBendpoints" xmi:id="_Pas5oRs_EeaSVI_PvVjHMg" points="[-227, -91, 720, 291]$[-764, -308, 183, 74]"/>
  </edges>
  <edges xmi:type="notation:Edge" xmi:id="_PauHwBs_EeaSVI_PvVjHMg" type="targetDataSetLink" source="_08QbkBkzEeaSVI_PvVjHMg" target="_08QbkBkzEeaSVI_PvVjHMg">
    <element xmi:type="map:DataSet" href="../../getJSONDemande.map#_oveUURtlEeaSVI_PvVjHMg?fileId=_ovdGIBtlEeaSVI_PvVjHMg$type=map?"/>
    <bendpoints xmi:type="notation:RelativeBendpoints" xmi:id="_PauHwRs_EeaSVI_PvVjHMg" points="[0, 0, 0, 0]$[0, 0, 0, 0]"/>
  </edges>
  <edges xmi:type="notation:Edge" xmi:id="_vJ6oIBtlEeaSVI_PvVjHMg" type="targetLink" source="_tYV80RtlEeaSVI_PvVjHMg" target="_0dgDABkzEeaSVI_PvVjHMg">
    <element xsi:nil="true"/>
    <bendpoints xmi:type="notation:RelativeBendpoints" xmi:id="_vJ6oIRtlEeaSVI_PvVjHMg" points="[-121, 35, 310, -88]$[-248, 71, 183, -52]"/>
  </edges>
  <edges xmi:type="notation:Edge" xmi:id="_vJ72QBtlEeaSVI_PvVjHMg" type="targetDataSetLink" source="_tYV80RtlEeaSVI_PvVjHMg" target="_tYV80RtlEeaSVI_PvVjHMg">
    <element xmi:type="map:DataSet" href="../../getJSONDemande.map#_oveUURtlEeaSVI_PvVjHMg?fileId=_ovdGIBtlEeaSVI_PvVjHMg$type=map?"/>
    <bendpoints xmi:type="notation:RelativeBendpoints" xmi:id="_vJ72QRtlEeaSVI_PvVjHMg" points="[0, 0, 0, 0]$[0, 0, 0, 0]"/>
  </edges>
  <edges xmi:type="notation:Edge" xmi:id="_vJ72QhtlEeaSVI_PvVjHMg" type="targetSetLink" source="_tYV80RtlEeaSVI_PvVjHMg" target="_tYV80RtlEeaSVI_PvVjHMg">
    <element xmi:type="map:SetDescriptor" href="../../getJSONDemande.map#_vJl4ABtlEeaSVI_PvVjHMg?fileId=_ovdGIBtlEeaSVI_PvVjHMg$type=map?"/>
    <bendpoints xmi:type="notation:RelativeBendpoints" xmi:id="_vJ72QxtlEeaSVI_PvVjHMg" points="[0, 0, 0, 0]$[0, 0, 0, 0]"/>
  </edges>
</notation:Diagram>
]]></diagram>
</map:map>